******************************************************************************
                  TI ARM Linker Unix v18.12.4                  
******************************************************************************
>> Linked Tue May 26 17:02:33 2020

OUTPUT FILE NAME:   <ble5_host_test_cc2640r2lp_app.out>
ENTRY POINT SYMBOL: "ResetISR"  address: 0001598d


MEMORY CONFIGURATION

         name            origin    length      used     unused   attr    fill
----------------------  --------  ---------  --------  --------  ----  --------
  FLASH                 00000000   0001f000  0001e0ac  00000f54  R  X
  FLASH_LAST_PAGE       0001f000   00001000  00000058  00000fa8  R  X
  SRAM                  20000000   00004400  00002a82  0000197e  RW X


SEGMENT ALLOCATION MAP

run origin  load origin   length   init length attrs members
----------  ----------- ---------- ----------- ----- -------
00000000    00000000    0001cccc   0001cccc    r-x
  00000000    00000000    0000003c   0000003c    r-- .resetVecs
  0000003c    0000003c    00000fc4   00000fc4    r-x .text.1
  00001000    00001000    00000028   00000028    r-- .const:ti_sysbios_heaps_HeapMem_Module__FXNS__C
  00001028    00001028    00000024   00000024    r-- .const:ti_sysbios_gates_GateHwi_Module__FXNS__C
  0000104c    0000104c    00000024   00000024    r-- .const:ti_sysbios_gates_GateMutex_Module__FXNS__C
  00001070    00001070    00000020   00000020    r-- .const:ti_sysbios_family_arm_m3_Hwi_Object__DESC__C
  00001090    00001090    00000020   00000020    r-- .const:ti_sysbios_gates_GateHwi_Object__DESC__C
  000010b0    000010b0    00000020   00000020    r-- .const:ti_sysbios_gates_GateMutex_Object__DESC__C
  000010d0    000010d0    00000020   00000020    r-- .const:ti_sysbios_hal_Hwi_Object__DESC__C
  000010f0    000010f0    00000020   00000020    r-- .const:ti_sysbios_heaps_HeapMem_Object__DESC__C
  00001110    00001110    00000020   00000020    r-- .const:ti_sysbios_knl_Clock_Object__DESC__C
  00001130    00001130    00000020   00000020    r-- .const:ti_sysbios_knl_Event_Object__DESC__C
  00001150    00001150    00000020   00000020    r-- .const:ti_sysbios_knl_Mailbox_Object__DESC__C
  00001170    00001170    00000020   00000020    r-- .const:ti_sysbios_knl_Queue_Object__DESC__C
  00001190    00001190    00000020   00000020    r-- .const:ti_sysbios_knl_Semaphore_Object__DESC__C
  000011b0    000011b0    00000020   00000020    r-- .const:ti_sysbios_knl_Swi_Object__DESC__C
  000011d0    000011d0    00000020   00000020    r-- .const:ti_sysbios_knl_Task_Object__DESC__C
  000011f0    000011f0    00000008   00000008    r-- .const:ti_sysbios_knl_Idle_funcList__C
  000011f8    000011f8    00000004   00000004    r-- .const:ti_sysbios_family_arm_cc26xx_Timer_startupNeeded__C
  000011fc    000011fc    00000004   00000004    r-- .const:ti_sysbios_family_arm_m3_Hwi_E_alreadyDefined__C
  00001200    00001200    00000004   00000004    r-- .const:ti_sysbios_family_arm_m3_Hwi_E_hwiLimitExceeded__C
  00001204    00001204    00000004   00000004    r-- .const:ti_sysbios_family_arm_m3_Hwi_NUM_INTERRUPTS__C
  00001208    00001208    00000004   00000004    r-- .const:ti_sysbios_family_arm_m3_Hwi_Object__count__C
  0000120c    0000120c    00000004   00000004    r-- .const:ti_sysbios_family_arm_m3_Hwi_Object__table__C
  00001210    00001210    00000004   00000004    r-- .const:ti_sysbios_family_arm_m3_Hwi_ccr__C
  00001214    00001214    00000004   00000004    r-- .const:ti_sysbios_family_arm_m3_Hwi_excHandlerFunc__C
  00001218    00001218    00000004   00000004    r-- .const:ti_sysbios_family_arm_m3_Hwi_nullIsrFunc__C
  0000121c    0000121c    00000004   00000004    r-- .const:ti_sysbios_family_arm_m3_Hwi_numSparseInterrupts__C
  00001220    00001220    00000004   00000004    r-- .const:ti_sysbios_family_arm_m3_Hwi_priGroup__C
  00001224    00001224    00000004   00000004    r-- .const:ti_sysbios_family_arm_m3_TaskSupport_stackAlignment__C
  00001228    00001228    00000004   00000004    r-- .const:ti_sysbios_heaps_HeapMem_E_memory__C
  0000122c    0000122c    00000004   00000004    r-- .const:ti_sysbios_heaps_HeapMem_Module__gateObj__C
  00001230    00001230    00000004   00000004    r-- .const:ti_sysbios_heaps_HeapMem_Object__count__C
  00001234    00001234    00000004   00000004    r-- .const:ti_sysbios_heaps_HeapMem_Object__table__C
  00001238    00001238    00000004   00000004    r-- .const:ti_sysbios_heaps_HeapMem_reqAlign__C
  0000123c    0000123c    00000004   00000004    r-- .const:ti_sysbios_knl_Clock_triggerClock__C
  00001240    00001240    00000004   00000004    r-- .const:ti_sysbios_knl_Mailbox_Object__count__C
  00001244    00001244    00000004   00000004    r-- .const:ti_sysbios_knl_Mailbox_Object__table__C
  00001248    00001248    00000004   00000004    r-- .const:ti_sysbios_knl_Mailbox_maxTypeAlign__C
  0000124c    0000124c    00000004   00000004    r-- .const:ti_sysbios_knl_Queue_Object__count__C
  00001250    00001250    00000004   00000004    r-- .const:ti_sysbios_knl_Queue_Object__table__C
  00001254    00001254    00000004   00000004    r-- .const:ti_sysbios_knl_Semaphore_eventPost__C
  00001258    00001258    00000004   00000004    r-- .const:ti_sysbios_knl_Semaphore_eventSync__C
  0000125c    0000125c    00000004   00000004    r-- .const:ti_sysbios_knl_Swi_Object__count__C
  00001260    00001260    00000004   00000004    r-- .const:ti_sysbios_knl_Swi_Object__table__C
  00001264    00001264    00000004   00000004    r-- .const:ti_sysbios_knl_Swi_numPriorities__C
  00001268    00001268    00000004   00000004    r-- .const:ti_sysbios_knl_Task_Object__count__C
  0000126c    0000126c    00000004   00000004    r-- .const:ti_sysbios_knl_Task_Object__table__C
  00001270    00001270    00000004   00000004    r-- .const:ti_sysbios_knl_Task_allBlockedFunc__C
  00001274    00001274    00000004   00000004    r-- .const:ti_sysbios_knl_Task_defaultStackHeap__C
  00001278    00001278    00000004   00000004    r-- .const:ti_sysbios_knl_Task_defaultStackSize__C
  0000127c    0000127c    00000004   00000004    r-- .const:ti_sysbios_knl_Task_numConstructedTasks__C
  00001280    00001280    00000002   00000002    r-- .const:ti_sysbios_family_arm_cc26xx_Timer_Module__id__C
  00001282    00001282    00000002   00000002    r-- .const:ti_sysbios_family_arm_cc26xx_TimestampProvider_useClockTimer__C
  00001284    00001284    00000002   00000002    r-- .const:ti_sysbios_family_arm_m3_Hwi_Module__id__C
  00001286    00001286    00000002   00000002    r-- .const:ti_sysbios_gates_GateHwi_Module__id__C
  00001288    00001288    00000002   00000002    r-- .const:ti_sysbios_gates_GateMutex_Module__id__C
  0000128a    0000128a    00000002   00000002    r-- .const:ti_sysbios_heaps_HeapMem_Module__id__C
  0000128c    0000128c    00000002   00000002    r-- .const:ti_sysbios_knl_Task_initStackFlag__C
  0000128e    0000128e    00000001   00000001    r-- .const:ti_sysbios_knl_Clock_tickMode__C
  00001290    00001290    00000008   00000008    r-- .const:xdc_runtime_Startup_firstFxns__C
  00001298    00001298    00000008   00000008    r-- .const:xdc_runtime_Startup_lastFxns__C
  000012a0    000012a0    00000004   00000004    r-- .const:xdc_runtime_Assert_E_assertFailed__C
  000012a4    000012a4    00000004   00000004    r-- .const:xdc_runtime_Error_E_memory__C
  000012a8    000012a8    00000004   00000004    r-- .const:xdc_runtime_Error_policyFxn__C
  000012ac    000012ac    00000004   00000004    r-- .const:xdc_runtime_Error_raiseHook__C
  000012b0    000012b0    00000004   00000004    r-- .const:xdc_runtime_IGateProvider_Interface__BASE__C
  000012b4    000012b4    00000004   00000004    r-- .const:xdc_runtime_IHeap_Interface__BASE__C
  000012b8    000012b8    00000004   00000004    r-- .const:xdc_runtime_IModule_Interface__BASE__C
  000012bc    000012bc    00000004   00000004    r-- .const:xdc_runtime_Memory_defaultHeapInstance__C
  000012c0    000012c0    00000004   00000004    r-- .const:xdc_runtime_Startup_execImpl__C
  000012c4    000012c4    00000004   00000004    r-- .const:xdc_runtime_Startup_maxPasses__C
  000012c8    000012c8    00000004   00000004    r-- .const:xdc_runtime_Startup_sfxnRts__C
  000012cc    000012cc    00000004   00000004    r-- .const:xdc_runtime_Startup_sfxnTab__C
  000012d0    000012d0    00000004   00000004    r-- .const:xdc_runtime_Startup_startModsFxn__C
  000012d4    000012d4    00000004   00000004    r-- .const:xdc_runtime_SysCallback_abortFxn__C
  000012d8    000012d8    00000004   00000004    r-- .const:xdc_runtime_SysCallback_exitFxn__C
  000012dc    000012dc    00000004   00000004    r-- .const:xdc_runtime_System_abortFxn__C
  000012e0    000012e0    00000004   00000004    r-- .const:xdc_runtime_System_exitFxn__C
  000012e4    000012e4    00000004   00000004    r-- .const:xdc_runtime_System_maxAtexitHandlers__C
  000012e8    000012e8    00000004   00000004    r-- .const:xdc_runtime_Text_charTab__C
  000012ec    000012ec    00000004   00000004    r-- .const:xdc_runtime_Text_nameEmpty__C
  000012f0    000012f0    00000004   00000004    r-- .const:xdc_runtime_Text_nameStatic__C
  000012f4    000012f4    00000004   00000004    r-- .const:xdc_runtime_Text_nameUnknown__C
  000012f8    000012f8    00000002   00000002    r-- .const:xdc_runtime_Error_maxDepth__C
  000012fa    000012fa    00000002   00000002    r-- .const:xdc_runtime_Memory_Module__id__C
  000012fc    000012fc    00000002   00000002    r-- .const:xdc_runtime_Text_charCnt__C
  000012fe    000012fe    00000002   00000002    r-- .const:xdc_runtime_Text_isLoaded__C
  00001300    00001300    00000001   00000001    r-- .const:xdc_runtime_Error_policy__C
  00001304    00001304    00000004   00000004    r-- .const:ti_sysbios_rom_ROM_ti_sysbios_family_arm_cc26xx_Timer_getCount64__E
  00001308    00001308    00000004   00000004    r-- .const:ti_sysbios_rom_ROM_ti_sysbios_family_arm_cc26xx_Timer_getCurrentTick__E
  0000130c    0000130c    00000004   00000004    r-- .const:ti_sysbios_rom_ROM_ti_sysbios_family_arm_cc26xx_Timer_getMaxTicks__E
  00001310    00001310    00000004   00000004    r-- .const:ti_sysbios_rom_ROM_ti_sysbios_family_arm_cc26xx_Timer_initDevice__I
  00001314    00001314    00000004   00000004    r-- .const:ti_sysbios_rom_ROM_ti_sysbios_family_arm_cc26xx_Timer_setNextTick__E
  00001318    00001318    00000004   00000004    r-- .const:ti_sysbios_rom_ROM_ti_sysbios_family_arm_cc26xx_Timer_setThreshold__I
  0000131c    0000131c    00000004   00000004    r-- .const:ti_sysbios_rom_ROM_ti_sysbios_family_arm_cc26xx_Timer_start__E
  00001320    00001320    00000004   00000004    r-- .const:ti_sysbios_rom_ROM_ti_sysbios_family_arm_cc26xx_TimestampProvider_get32__E
  00001324    00001324    00000004   00000004    r-- .const:ti_sysbios_rom_ROM_xdc_runtime_Startup_getState__I
  00001328    00001328    00000004   00000004    r-- .const:ti_sysbios_rom_ROM_xdc_runtime_System_SupportProxy_abort__E
  0000132c    0000132c    00000004   00000004    r-- .const:ti_sysbios_rom_ROM_xdc_runtime_System_SupportProxy_exit__E
  00001330    00001330    000196d8   000196d8    r-x .text.2
  0001aa08    0001aa08    000013bc   000013bc    r-- .const
  0001bdc4    0001bdc4    00000f08   00000f08    r-- .rodata
0001d000    0001d000    000013e4   000013e4    r--
  0001d000    0001d000    00001000   00001000    r-- .TI.bound:NV_FLASH
  0001e000    0001e000    000003e4   000003e4    r-- .cinit
0001ffa8    0001ffa8    00000058   00000058    r--
  0001ffa8    0001ffa8    00000058   00000058    r-- .ccfg
20000100    20000100    000025bc   00000000    rw-
  20000100    20000100    00000044   00000000    rw- .data:ti_sysbios_knl_Task_Module__state__V
  20000144    20000144    00000034   00000000    rw- .data:ti_sysbios_family_arm_m3_Hwi_Module__state__V
  20000178    20000178    0000002c   00000000    rw- .data:ti_sysbios_knl_Clock_Module__state__V
  200001a4    200001a4    00000024   00000000    rw- .data:ti_sysbios_BIOS_Module__state__V
  200001c8    200001c8    0000001c   00000000    rw- .data:ti_sysbios_knl_Swi_Module__state__V
  200001e4    200001e4    00000008   00000000    rw- .data:ti_sysbios_family_arm_cc26xx_Timer_Module__state__V
  200001ec    200001ec    00000004   00000000    rw- .data:ti_sysbios_family_arm_cc26xx_TimestampProvider_Module__state__V
  200001f0    200001f0    00000008   00000000    rw- .data:xdc_runtime_Startup_Module__state__V
  200001f8    200001f8    00000008   00000000    rw- .data:xdc_runtime_System_Module__state__V
  20000200    20000200    00000004   00000000    rw- .data:xdc_runtime_Memory_Module__state__V
  20000204    20000204    00000002   00000000    rw- .data:xdc_runtime_Error_Module__state__V
  20000208    20000208    000008d9   00000000    rw- .data
  20000ae8    20000ae8    00001bd4   00000000    rw- .bss
20004000    20004000    00000400   00000000    rw-
  20004000    20004000    00000400   00000000    rw- .stack


SECTION ALLOCATION MAP

 output                                  attributes/
section   page    origin      length       input sections
--------  ----  ----------  ----------   ----------------
.const:ti_sysbios_heaps_HeapMem_Module__FXNS__C 
*          0    00001000    00000028     
                  00001000    00000028     app_ble_pem3.oem3 (.const:ti_sysbios_heaps_HeapMem_Module__FXNS__C)

.const:ti_sysbios_gates_GateHwi_Module__FXNS__C 
*          0    00001028    00000024     
                  00001028    00000024     app_ble_pem3.oem3 (.const:ti_sysbios_gates_GateHwi_Module__FXNS__C)

.const:ti_sysbios_gates_GateMutex_Module__FXNS__C 
*          0    0000104c    00000024     
                  0000104c    00000024     app_ble_pem3.oem3 (.const:ti_sysbios_gates_GateMutex_Module__FXNS__C)

.const:ti_sysbios_family_arm_m3_Hwi_Object__DESC__C 
*          0    00001070    00000020     
                  00001070    00000020     app_ble_pem3.oem3 (.const:ti_sysbios_family_arm_m3_Hwi_Object__DESC__C)

.const:ti_sysbios_gates_GateHwi_Object__DESC__C 
*          0    00001090    00000020     
                  00001090    00000020     app_ble_pem3.oem3 (.const:ti_sysbios_gates_GateHwi_Object__DESC__C)

.const:ti_sysbios_gates_GateMutex_Object__DESC__C 
*          0    000010b0    00000020     
                  000010b0    00000020     app_ble_pem3.oem3 (.const:ti_sysbios_gates_GateMutex_Object__DESC__C)

.const:ti_sysbios_hal_Hwi_Object__DESC__C 
*          0    000010d0    00000020     
                  000010d0    00000020     app_ble_pem3.oem3 (.const:ti_sysbios_hal_Hwi_Object__DESC__C)

.const:ti_sysbios_heaps_HeapMem_Object__DESC__C 
*          0    000010f0    00000020     
                  000010f0    00000020     app_ble_pem3.oem3 (.const:ti_sysbios_heaps_HeapMem_Object__DESC__C)

.const:ti_sysbios_knl_Clock_Object__DESC__C 
*          0    00001110    00000020     
                  00001110    00000020     app_ble_pem3.oem3 (.const:ti_sysbios_knl_Clock_Object__DESC__C)

.const:ti_sysbios_knl_Event_Object__DESC__C 
*          0    00001130    00000020     
                  00001130    00000020     app_ble_pem3.oem3 (.const:ti_sysbios_knl_Event_Object__DESC__C)

.const:ti_sysbios_knl_Mailbox_Object__DESC__C 
*          0    00001150    00000020     
                  00001150    00000020     app_ble_pem3.oem3 (.const:ti_sysbios_knl_Mailbox_Object__DESC__C)

.const:ti_sysbios_knl_Queue_Object__DESC__C 
*          0    00001170    00000020     
                  00001170    00000020     app_ble_pem3.oem3 (.const:ti_sysbios_knl_Queue_Object__DESC__C)

.const:ti_sysbios_knl_Semaphore_Object__DESC__C 
*          0    00001190    00000020     
                  00001190    00000020     app_ble_pem3.oem3 (.const:ti_sysbios_knl_Semaphore_Object__DESC__C)

.const:ti_sysbios_knl_Swi_Object__DESC__C 
*          0    000011b0    00000020     
                  000011b0    00000020     app_ble_pem3.oem3 (.const:ti_sysbios_knl_Swi_Object__DESC__C)

.const:ti_sysbios_knl_Task_Object__DESC__C 
*          0    000011d0    00000020     
                  000011d0    00000020     app_ble_pem3.oem3 (.const:ti_sysbios_knl_Task_Object__DESC__C)

.const:ti_sysbios_knl_Idle_funcList__C 
*          0    000011f0    00000008     
                  000011f0    00000008     app_ble_pem3.oem3 (.const:ti_sysbios_knl_Idle_funcList__C)

.const:ti_sysbios_family_arm_cc26xx_Timer_startupNeeded__C 
*          0    000011f8    00000004     
                  000011f8    00000004     app_ble_pem3.oem3 (.const:ti_sysbios_family_arm_cc26xx_Timer_startupNeeded__C)

.const:ti_sysbios_family_arm_m3_Hwi_E_alreadyDefined__C 
*          0    000011fc    00000004     
                  000011fc    00000004     app_ble_pem3.oem3 (.const:ti_sysbios_family_arm_m3_Hwi_E_alreadyDefined__C)

.const:ti_sysbios_family_arm_m3_Hwi_E_hwiLimitExceeded__C 
*          0    00001200    00000004     
                  00001200    00000004     app_ble_pem3.oem3 (.const:ti_sysbios_family_arm_m3_Hwi_E_hwiLimitExceeded__C)

.const:ti_sysbios_family_arm_m3_Hwi_NUM_INTERRUPTS__C 
*          0    00001204    00000004     
                  00001204    00000004     app_ble_pem3.oem3 (.const:ti_sysbios_family_arm_m3_Hwi_NUM_INTERRUPTS__C)

.const:ti_sysbios_family_arm_m3_Hwi_Object__count__C 
*          0    00001208    00000004     
                  00001208    00000004     app_ble_pem3.oem3 (.const:ti_sysbios_family_arm_m3_Hwi_Object__count__C)

.const:ti_sysbios_family_arm_m3_Hwi_Object__table__C 
*          0    0000120c    00000004     
                  0000120c    00000004     app_ble_pem3.oem3 (.const:ti_sysbios_family_arm_m3_Hwi_Object__table__C)

.const:ti_sysbios_family_arm_m3_Hwi_ccr__C 
*          0    00001210    00000004     
                  00001210    00000004     app_ble_pem3.oem3 (.const:ti_sysbios_family_arm_m3_Hwi_ccr__C)

.const:ti_sysbios_family_arm_m3_Hwi_excHandlerFunc__C 
*          0    00001214    00000004     
                  00001214    00000004     app_ble_pem3.oem3 (.const:ti_sysbios_family_arm_m3_Hwi_excHandlerFunc__C)

.const:ti_sysbios_family_arm_m3_Hwi_nullIsrFunc__C 
*          0    00001218    00000004     
                  00001218    00000004     app_ble_pem3.oem3 (.const:ti_sysbios_family_arm_m3_Hwi_nullIsrFunc__C)

.const:ti_sysbios_family_arm_m3_Hwi_numSparseInterrupts__C 
*          0    0000121c    00000004     
                  0000121c    00000004     app_ble_pem3.oem3 (.const:ti_sysbios_family_arm_m3_Hwi_numSparseInterrupts__C)

.const:ti_sysbios_family_arm_m3_Hwi_priGroup__C 
*          0    00001220    00000004     
                  00001220    00000004     app_ble_pem3.oem3 (.const:ti_sysbios_family_arm_m3_Hwi_priGroup__C)

.const:ti_sysbios_family_arm_m3_TaskSupport_stackAlignment__C 
*          0    00001224    00000004     
                  00001224    00000004     app_ble_pem3.oem3 (.const:ti_sysbios_family_arm_m3_TaskSupport_stackAlignment__C)

.const:ti_sysbios_heaps_HeapMem_E_memory__C 
*          0    00001228    00000004     
                  00001228    00000004     app_ble_pem3.oem3 (.const:ti_sysbios_heaps_HeapMem_E_memory__C)

.const:ti_sysbios_heaps_HeapMem_Module__gateObj__C 
*          0    0000122c    00000004     
                  0000122c    00000004     app_ble_pem3.oem3 (.const:ti_sysbios_heaps_HeapMem_Module__gateObj__C)

.const:ti_sysbios_heaps_HeapMem_Object__count__C 
*          0    00001230    00000004     
                  00001230    00000004     app_ble_pem3.oem3 (.const:ti_sysbios_heaps_HeapMem_Object__count__C)

.const:ti_sysbios_heaps_HeapMem_Object__table__C 
*          0    00001234    00000004     
                  00001234    00000004     app_ble_pem3.oem3 (.const:ti_sysbios_heaps_HeapMem_Object__table__C)

.const:ti_sysbios_heaps_HeapMem_reqAlign__C 
*          0    00001238    00000004     
                  00001238    00000004     app_ble_pem3.oem3 (.const:ti_sysbios_heaps_HeapMem_reqAlign__C)

.const:ti_sysbios_knl_Clock_triggerClock__C 
*          0    0000123c    00000004     
                  0000123c    00000004     app_ble_pem3.oem3 (.const:ti_sysbios_knl_Clock_triggerClock__C)

.const:ti_sysbios_knl_Mailbox_Object__count__C 
*          0    00001240    00000004     
                  00001240    00000004     app_ble_pem3.oem3 (.const:ti_sysbios_knl_Mailbox_Object__count__C)

.const:ti_sysbios_knl_Mailbox_Object__table__C 
*          0    00001244    00000004     
                  00001244    00000004     app_ble_pem3.oem3 (.const:ti_sysbios_knl_Mailbox_Object__table__C)

.const:ti_sysbios_knl_Mailbox_maxTypeAlign__C 
*          0    00001248    00000004     
                  00001248    00000004     app_ble_pem3.oem3 (.const:ti_sysbios_knl_Mailbox_maxTypeAlign__C)

.const:ti_sysbios_knl_Queue_Object__count__C 
*          0    0000124c    00000004     
                  0000124c    00000004     app_ble_pem3.oem3 (.const:ti_sysbios_knl_Queue_Object__count__C)

.const:ti_sysbios_knl_Queue_Object__table__C 
*          0    00001250    00000004     
                  00001250    00000004     app_ble_pem3.oem3 (.const:ti_sysbios_knl_Queue_Object__table__C)

.const:ti_sysbios_knl_Semaphore_eventPost__C 
*          0    00001254    00000004     
                  00001254    00000004     app_ble_pem3.oem3 (.const:ti_sysbios_knl_Semaphore_eventPost__C)

.const:ti_sysbios_knl_Semaphore_eventSync__C 
*          0    00001258    00000004     
                  00001258    00000004     app_ble_pem3.oem3 (.const:ti_sysbios_knl_Semaphore_eventSync__C)

.const:ti_sysbios_knl_Swi_Object__count__C 
*          0    0000125c    00000004     
                  0000125c    00000004     app_ble_pem3.oem3 (.const:ti_sysbios_knl_Swi_Object__count__C)

.const:ti_sysbios_knl_Swi_Object__table__C 
*          0    00001260    00000004     
                  00001260    00000004     app_ble_pem3.oem3 (.const:ti_sysbios_knl_Swi_Object__table__C)

.const:ti_sysbios_knl_Swi_numPriorities__C 
*          0    00001264    00000004     
                  00001264    00000004     app_ble_pem3.oem3 (.const:ti_sysbios_knl_Swi_numPriorities__C)

.const:ti_sysbios_knl_Task_Object__count__C 
*          0    00001268    00000004     
                  00001268    00000004     app_ble_pem3.oem3 (.const:ti_sysbios_knl_Task_Object__count__C)

.const:ti_sysbios_knl_Task_Object__table__C 
*          0    0000126c    00000004     
                  0000126c    00000004     app_ble_pem3.oem3 (.const:ti_sysbios_knl_Task_Object__table__C)

.const:ti_sysbios_knl_Task_allBlockedFunc__C 
*          0    00001270    00000004     
                  00001270    00000004     app_ble_pem3.oem3 (.const:ti_sysbios_knl_Task_allBlockedFunc__C)

.const:ti_sysbios_knl_Task_defaultStackHeap__C 
*          0    00001274    00000004     
                  00001274    00000004     app_ble_pem3.oem3 (.const:ti_sysbios_knl_Task_defaultStackHeap__C)

.const:ti_sysbios_knl_Task_defaultStackSize__C 
*          0    00001278    00000004     
                  00001278    00000004     app_ble_pem3.oem3 (.const:ti_sysbios_knl_Task_defaultStackSize__C)

.const:ti_sysbios_knl_Task_numConstructedTasks__C 
*          0    0000127c    00000004     
                  0000127c    00000004     app_ble_pem3.oem3 (.const:ti_sysbios_knl_Task_numConstructedTasks__C)

.const:ti_sysbios_family_arm_cc26xx_Timer_Module__id__C 
*          0    00001280    00000002     
                  00001280    00000002     app_ble_pem3.oem3 (.const:ti_sysbios_family_arm_cc26xx_Timer_Module__id__C)

.const:ti_sysbios_family_arm_cc26xx_TimestampProvider_useClockTimer__C 
*          0    00001282    00000002     
                  00001282    00000002     app_ble_pem3.oem3 (.const:ti_sysbios_family_arm_cc26xx_TimestampProvider_useClockTimer__C)

.const:ti_sysbios_family_arm_m3_Hwi_Module__id__C 
*          0    00001284    00000002     
                  00001284    00000002     app_ble_pem3.oem3 (.const:ti_sysbios_family_arm_m3_Hwi_Module__id__C)

.const:ti_sysbios_gates_GateHwi_Module__id__C 
*          0    00001286    00000002     
                  00001286    00000002     app_ble_pem3.oem3 (.const:ti_sysbios_gates_GateHwi_Module__id__C)

.const:ti_sysbios_gates_GateMutex_Module__id__C 
*          0    00001288    00000002     
                  00001288    00000002     app_ble_pem3.oem3 (.const:ti_sysbios_gates_GateMutex_Module__id__C)

.const:ti_sysbios_heaps_HeapMem_Module__id__C 
*          0    0000128a    00000002     
                  0000128a    00000002     app_ble_pem3.oem3 (.const:ti_sysbios_heaps_HeapMem_Module__id__C)

.const:ti_sysbios_knl_Task_initStackFlag__C 
*          0    0000128c    00000002     
                  0000128c    00000002     app_ble_pem3.oem3 (.const:ti_sysbios_knl_Task_initStackFlag__C)

.const:ti_sysbios_knl_Clock_tickMode__C 
*          0    0000128e    00000001     
                  0000128e    00000001     app_ble_pem3.oem3 (.const:ti_sysbios_knl_Clock_tickMode__C)

.const:xdc_runtime_Startup_firstFxns__C 
*          0    00001290    00000008     
                  00001290    00000008     app_ble_pem3.oem3 (.const:xdc_runtime_Startup_firstFxns__C)

.const:xdc_runtime_Startup_lastFxns__C 
*          0    00001298    00000008     
                  00001298    00000008     app_ble_pem3.oem3 (.const:xdc_runtime_Startup_lastFxns__C)

.const:xdc_runtime_Assert_E_assertFailed__C 
*          0    000012a0    00000004     
                  000012a0    00000004     app_ble_pem3.oem3 (.const:xdc_runtime_Assert_E_assertFailed__C)

.const:xdc_runtime_Error_E_memory__C 
*          0    000012a4    00000004     
                  000012a4    00000004     app_ble_pem3.oem3 (.const:xdc_runtime_Error_E_memory__C)

.const:xdc_runtime_Error_policyFxn__C 
*          0    000012a8    00000004     
                  000012a8    00000004     app_ble_pem3.oem3 (.const:xdc_runtime_Error_policyFxn__C)

.const:xdc_runtime_Error_raiseHook__C 
*          0    000012ac    00000004     
                  000012ac    00000004     app_ble_pem3.oem3 (.const:xdc_runtime_Error_raiseHook__C)

.const:xdc_runtime_IGateProvider_Interface__BASE__C 
*          0    000012b0    00000004     
                  000012b0    00000004     app_ble_pem3.oem3 (.const:xdc_runtime_IGateProvider_Interface__BASE__C)

.const:xdc_runtime_IHeap_Interface__BASE__C 
*          0    000012b4    00000004     
                  000012b4    00000004     app_ble_pem3.oem3 (.const:xdc_runtime_IHeap_Interface__BASE__C)

.const:xdc_runtime_IModule_Interface__BASE__C 
*          0    000012b8    00000004     
                  000012b8    00000004     app_ble_pem3.oem3 (.const:xdc_runtime_IModule_Interface__BASE__C)

.const:xdc_runtime_Memory_defaultHeapInstance__C 
*          0    000012bc    00000004     
                  000012bc    00000004     app_ble_pem3.oem3 (.const:xdc_runtime_Memory_defaultHeapInstance__C)

.const:xdc_runtime_Startup_execImpl__C 
*          0    000012c0    00000004     
                  000012c0    00000004     app_ble_pem3.oem3 (.const:xdc_runtime_Startup_execImpl__C)

.const:xdc_runtime_Startup_maxPasses__C 
*          0    000012c4    00000004     
                  000012c4    00000004     app_ble_pem3.oem3 (.const:xdc_runtime_Startup_maxPasses__C)

.const:xdc_runtime_Startup_sfxnRts__C 
*          0    000012c8    00000004     
                  000012c8    00000004     app_ble_pem3.oem3 (.const:xdc_runtime_Startup_sfxnRts__C)

.const:xdc_runtime_Startup_sfxnTab__C 
*          0    000012cc    00000004     
                  000012cc    00000004     app_ble_pem3.oem3 (.const:xdc_runtime_Startup_sfxnTab__C)

.const:xdc_runtime_Startup_startModsFxn__C 
*          0    000012d0    00000004     
                  000012d0    00000004     app_ble_pem3.oem3 (.const:xdc_runtime_Startup_startModsFxn__C)

.const:xdc_runtime_SysCallback_abortFxn__C 
*          0    000012d4    00000004     
                  000012d4    00000004     app_ble_pem3.oem3 (.const:xdc_runtime_SysCallback_abortFxn__C)

.const:xdc_runtime_SysCallback_exitFxn__C 
*          0    000012d8    00000004     
                  000012d8    00000004     app_ble_pem3.oem3 (.const:xdc_runtime_SysCallback_exitFxn__C)

.const:xdc_runtime_System_abortFxn__C 
*          0    000012dc    00000004     
                  000012dc    00000004     app_ble_pem3.oem3 (.const:xdc_runtime_System_abortFxn__C)

.const:xdc_runtime_System_exitFxn__C 
*          0    000012e0    00000004     
                  000012e0    00000004     app_ble_pem3.oem3 (.const:xdc_runtime_System_exitFxn__C)

.const:xdc_runtime_System_maxAtexitHandlers__C 
*          0    000012e4    00000004     
                  000012e4    00000004     app_ble_pem3.oem3 (.const:xdc_runtime_System_maxAtexitHandlers__C)

.const:xdc_runtime_Text_charTab__C 
*          0    000012e8    00000004     
                  000012e8    00000004     app_ble_pem3.oem3 (.const:xdc_runtime_Text_charTab__C)

.const:xdc_runtime_Text_nameEmpty__C 
*          0    000012ec    00000004     
                  000012ec    00000004     app_ble_pem3.oem3 (.const:xdc_runtime_Text_nameEmpty__C)

.const:xdc_runtime_Text_nameStatic__C 
*          0    000012f0    00000004     
                  000012f0    00000004     app_ble_pem3.oem3 (.const:xdc_runtime_Text_nameStatic__C)

.const:xdc_runtime_Text_nameUnknown__C 
*          0    000012f4    00000004     
                  000012f4    00000004     app_ble_pem3.oem3 (.const:xdc_runtime_Text_nameUnknown__C)

.const:xdc_runtime_Error_maxDepth__C 
*          0    000012f8    00000002     
                  000012f8    00000002     app_ble_pem3.oem3 (.const:xdc_runtime_Error_maxDepth__C)

.const:xdc_runtime_Memory_Module__id__C 
*          0    000012fa    00000002     
                  000012fa    00000002     app_ble_pem3.oem3 (.const:xdc_runtime_Memory_Module__id__C)

.const:xdc_runtime_Text_charCnt__C 
*          0    000012fc    00000002     
                  000012fc    00000002     app_ble_pem3.oem3 (.const:xdc_runtime_Text_charCnt__C)

.const:xdc_runtime_Text_isLoaded__C 
*          0    000012fe    00000002     
                  000012fe    00000002     app_ble_pem3.oem3 (.const:xdc_runtime_Text_isLoaded__C)

.const:xdc_runtime_Error_policy__C 
*          0    00001300    00000001     
                  00001300    00000001     app_ble_pem3.oem3 (.const:xdc_runtime_Error_policy__C)

.const:ti_sysbios_rom_ROM_ti_sysbios_family_arm_cc26xx_Timer_getCount64__E 
*          0    00001304    00000004     
                  00001304    00000004     app_ble_pem3.oem3 (.const:ti_sysbios_rom_ROM_ti_sysbios_family_arm_cc26xx_Timer_getCount64__E)

.const:ti_sysbios_rom_ROM_ti_sysbios_family_arm_cc26xx_Timer_getCurrentTick__E 
*          0    00001308    00000004     
                  00001308    00000004     app_ble_pem3.oem3 (.const:ti_sysbios_rom_ROM_ti_sysbios_family_arm_cc26xx_Timer_getCurrentTick__E)

.const:ti_sysbios_rom_ROM_ti_sysbios_family_arm_cc26xx_Timer_getMaxTicks__E 
*          0    0000130c    00000004     
                  0000130c    00000004     app_ble_pem3.oem3 (.const:ti_sysbios_rom_ROM_ti_sysbios_family_arm_cc26xx_Timer_getMaxTicks__E)

.const:ti_sysbios_rom_ROM_ti_sysbios_family_arm_cc26xx_Timer_initDevice__I 
*          0    00001310    00000004     
                  00001310    00000004     app_ble_pem3.oem3 (.const:ti_sysbios_rom_ROM_ti_sysbios_family_arm_cc26xx_Timer_initDevice__I)

.const:ti_sysbios_rom_ROM_ti_sysbios_family_arm_cc26xx_Timer_setNextTick__E 
*          0    00001314    00000004     
                  00001314    00000004     app_ble_pem3.oem3 (.const:ti_sysbios_rom_ROM_ti_sysbios_family_arm_cc26xx_Timer_setNextTick__E)

.const:ti_sysbios_rom_ROM_ti_sysbios_family_arm_cc26xx_Timer_setThreshold__I 
*          0    00001318    00000004     
                  00001318    00000004     app_ble_pem3.oem3 (.const:ti_sysbios_rom_ROM_ti_sysbios_family_arm_cc26xx_Timer_setThreshold__I)

.const:ti_sysbios_rom_ROM_ti_sysbios_family_arm_cc26xx_Timer_start__E 
*          0    0000131c    00000004     
                  0000131c    00000004     app_ble_pem3.oem3 (.const:ti_sysbios_rom_ROM_ti_sysbios_family_arm_cc26xx_Timer_start__E)

.const:ti_sysbios_rom_ROM_ti_sysbios_family_arm_cc26xx_TimestampProvider_get32__E 
*          0    00001320    00000004     
                  00001320    00000004     app_ble_pem3.oem3 (.const:ti_sysbios_rom_ROM_ti_sysbios_family_arm_cc26xx_TimestampProvider_get32__E)

.const:ti_sysbios_rom_ROM_xdc_runtime_Startup_getState__I 
*          0    00001324    00000004     
                  00001324    00000004     app_ble_pem3.oem3 (.const:ti_sysbios_rom_ROM_xdc_runtime_Startup_getState__I)

.const:ti_sysbios_rom_ROM_xdc_runtime_System_SupportProxy_abort__E 
*          0    00001328    00000004     
                  00001328    00000004     app_ble_pem3.oem3 (.const:ti_sysbios_rom_ROM_xdc_runtime_System_SupportProxy_abort__E)

.const:ti_sysbios_rom_ROM_xdc_runtime_System_SupportProxy_exit__E 
*          0    0000132c    00000004     
                  0000132c    00000004     app_ble_pem3.oem3 (.const:ti_sysbios_rom_ROM_xdc_runtime_System_SupportProxy_exit__E)

.TI.bound:NV_FLASH 
*          0    0001d000    00001000     
                  0001d000    00001000     ble5_host_test_cc2640r2lp_stack_library.lib : osal_snv_wrapper.obj (.TI.bound:NV_FLASH)

.data:ti_sysbios_knl_Task_Module__state__V 
*          0    20000100    00000044     UNINITIALIZED
                  20000100    00000044     app_ble_pem3.oem3 (.data:ti_sysbios_knl_Task_Module__state__V)

.data:ti_sysbios_family_arm_m3_Hwi_Module__state__V 
*          0    20000144    00000034     UNINITIALIZED
                  20000144    00000034     app_ble_pem3.oem3 (.data:ti_sysbios_family_arm_m3_Hwi_Module__state__V)

.data:ti_sysbios_knl_Clock_Module__state__V 
*          0    20000178    0000002c     UNINITIALIZED
                  20000178    0000002c     app_ble_pem3.oem3 (.data:ti_sysbios_knl_Clock_Module__state__V)

.data:ti_sysbios_BIOS_Module__state__V 
*          0    200001a4    00000024     UNINITIALIZED
                  200001a4    00000024     app_ble_pem3.oem3 (.data:ti_sysbios_BIOS_Module__state__V)

.data:ti_sysbios_knl_Swi_Module__state__V 
*          0    200001c8    0000001c     UNINITIALIZED
                  200001c8    0000001c     app_ble_pem3.oem3 (.data:ti_sysbios_knl_Swi_Module__state__V)

.data:ti_sysbios_family_arm_cc26xx_Timer_Module__state__V 
*          0    200001e4    00000008     UNINITIALIZED
                  200001e4    00000008     app_ble_pem3.oem3 (.data:ti_sysbios_family_arm_cc26xx_Timer_Module__state__V)

.data:ti_sysbios_family_arm_cc26xx_TimestampProvider_Module__state__V 
*          0    200001ec    00000004     UNINITIALIZED
                  200001ec    00000004     app_ble_pem3.oem3 (.data:ti_sysbios_family_arm_cc26xx_TimestampProvider_Module__state__V)

.data:xdc_runtime_Startup_Module__state__V 
*          0    200001f0    00000008     UNINITIALIZED
                  200001f0    00000008     app_ble_pem3.oem3 (.data:xdc_runtime_Startup_Module__state__V)

.data:xdc_runtime_System_Module__state__V 
*          0    200001f8    00000008     UNINITIALIZED
                  200001f8    00000008     app_ble_pem3.oem3 (.data:xdc_runtime_System_Module__state__V)

.data:xdc_runtime_Memory_Module__state__V 
*          0    20000200    00000004     UNINITIALIZED
                  20000200    00000004     app_ble_pem3.oem3 (.data:xdc_runtime_Memory_Module__state__V)

.data:xdc_runtime_Error_Module__state__V 
*          0    20000204    00000002     UNINITIALIZED
                  20000204    00000002     app_ble_pem3.oem3 (.data:xdc_runtime_Error_Module__state__V)

.bootVecs 
*          0    00000000    00000008     DSECT
                  00000000    00000008     boot.aem3 : boot.oem3 (.bootVecs)

.resetVecs 
*          0    00000000    0000003c     
                  00000000    0000003c     app_ble_pem3.oem3 (.resetVecs)

.vecs      0    20000000    000000c8     NOLOAD SECTION
                  20000000    000000c8     app_ble_pem3.oem3 (.vecs)

xdc.meta   0    00000000    0000010d     COPY SECTION
                  00000000    0000010d     app_ble_pem3.oem3 (xdc.meta)

xdc.noload 
*          0    00000000    00000000     COPY SECTION

.cinit     0    0001e000    000003e4     
                  0001e000    0000029e     (.cinit..data.load) [load image, compression = lzss]
                  0001e29e    00000029     (.cinit..data:ti_sysbios_family_arm_m3_Hwi_Module__state__V.load) [load image, compression = lzss]
                  0001e2c7    00000021     (.cinit..data:ti_sysbios_knl_Task_Module__state__V.load) [load image, compression = lzss]
                  0001e2e8    0000001f     (.cinit..data:ti_sysbios_BIOS_Module__state__V.load) [load image, compression = lzss]
                  0001e307    0000001e     (.cinit..data:ti_sysbios_knl_Clock_Module__state__V.load) [load image, compression = lzss]
                  0001e325    00000010     (.cinit..data:ti_sysbios_knl_Swi_Module__state__V.load) [load image, compression = lzss]
                  0001e335    00000003     --HOLE-- [fill = 0]
                  0001e338    0000000c     (__TI_handler_table)
                  0001e344    0000000b     (.cinit..data:ti_sysbios_family_arm_cc26xx_Timer_Module__state__V.load) [load image, compression = lzss]
                  0001e34f    00000001     --HOLE-- [fill = 0]
                  0001e350    00000008     (.cinit..bss.load) [load image, compression = zero_init]
                  0001e358    00000008     (.cinit..data:xdc_runtime_Memory_Module__state__V.load) [load image, compression = lzss]
                  0001e360    00000007     (.cinit..data:ti_sysbios_family_arm_cc26xx_TimestampProvider_Module__state__V.load) [load image, compression = lzss]
                  0001e367    00000007     (.cinit..data:xdc_runtime_Startup_Module__state__V.load) [load image, compression = lzss]
                  0001e36e    00000007     (.cinit..data:xdc_runtime_System_Module__state__V.load) [load image, compression = lzss]
                  0001e375    00000006     (.cinit..data:xdc_runtime_Error_Module__state__V.load) [load image, compression = lzss]
                  0001e37b    00000001     --HOLE-- [fill = 0]
                  0001e37c    00000068     (__TI_cinit_table)

.init_array 
*          0    00000000    00000000     UNINITIALIZED

.ccfg      0    0001ffa8    00000058     
                  0001ffa8    00000058     ccfg_app_ble.obj (.ccfg:retain)

.data      0    20000208    000008d9     UNINITIALIZED
                  20000208    00000114     drivers_cc26x0r2.aem3 : PINCC26XX.oem3 (.data:$O1$$)
                  2000031c    00000114                           : PowerCC26XX.oem3 (.data:PowerCC26XX_module)
                  20000430    00000090     profiles_xcxx.a : gapgattserver.o (.data)
                  200004c0    0000007c     ble5_host_test_cc2640r2lp_stack_library.lib : osal_cbtimer.obj (.data:$O1$$)
                  2000053c    00000058     drivers_cc26x0r2.aem3 : CryptoResourceCC26XX.oem3 (.data:$O1$$)
                  20000594    0000004c     app_ble_pem3.oem3 (.data:ti_sysbios_knl_Task_Object__table__V)
                  200005e0    00000048     app_ble_pem3.oem3 (.data:ti_sysbios_family_arm_cc26xx_Timer_Object__table__V)
                  20000628    00000040     ble_user_config.obj (.data:rfRegTbl)
                  20000668    0000003c     gap_xcxx.a : gap_scanner.o (.data)
                  200006a4    0000003c     ll_xcxx.a : ll_config.o (.data)
                  200006e0    00000038     icall.obj (.data)
                  20000718    00000038     app_ble_pem3.oem3 (.data:ti_sysbios_gates_GateMutex_Object__table__V)
                  20000750    00000034     gap_xcxx.a : gap_initiator.o (.data)
                  20000784    00000030     app_ble_pem3.oem3 (.data:ti_sysbios_knl_Swi_Module_State_0_readyQ__A)
                  200007b4    00000030     app_ble_pem3.oem3 (.data:ti_sysbios_knl_Swi_Object__table__V)
                  200007e4    00000030     app_ble_pem3.oem3 (.data:ti_sysbios_knl_Task_Module_State_0_readyQ__A)
                  20000814    00000028     ble5_host_test_cc2640r2lp_stack_library.lib : osal.obj (.data:$O1$$)
                  2000083c    00000020     ECCROMCC26XX.obj (.data:K2_mont)
                  2000085c    00000020     app_ble_pem3.oem3 (.data:ti_sysbios_knl_Clock_Object__table__V)
                  2000087c    00000020     app_ble_pem3.oem3 (.data:xdc_runtime_Error_IgnoreBlock)
                  2000089c    0000001e     npi_tl.obj (.data)
                  200008ba    00000002     sm_xcxx.a : sm_mgr.o (.data)
                  200008bc    0000001c     npi_frame_hci.obj (.data)
                  200008d8    0000001c     profiles_xcxx.a : gapgattserver.o (.data)
                  200008f4    00000018     app_ble_pem3.oem3 (.data:ti_sysbios_family_arm_m3_Hwi_Object__table__V)
                  2000090c    00000015     host_test_app.obj (.data:deviceName)
                  20000921    00000001     ECCROMCC26XX.obj (.data)
                  20000922    00000002     app_ble_pem3.oem3 (.data:ti_sysbios_family_arm_m3_Hwi_Module_State_0_excActive__A)
                  20000924    00000015     npi_task.obj (.data)
                  20000939    00000001     TRNGCC26XX.obj (.data)
                  2000093a    00000001     ble5_host_test_cc2640r2lp_stack_library.lib : gap.obj (.data)
                  2000093b    00000001     drivers_cc26x0r2.aem3 : CryptoCC26XX.oem3 (.data)
                  2000093c    00000014     gap_xcxx.a : gap_configmgr.o (.data)
                  20000950    00000014     icall_hci_tl.obj (.data)
                  20000964    00000010     icall_user_config.obj (.data:bleAppServiceInfoTable)
                  20000974    00000010     gap_xcxx.a : gap_configmgr.o (.data)
                  20000984    00000010     icall_api_lite.obj (.data)
                  20000994    00000010     ll_xcxx.a : ll.o (.data)
                  200009a4    00000010     profiles_xcxx.a : gattservapp.o (.data)
                  200009b4    00000010     sm_xcxx.a : sm_intpairing.o (.data)
                  200009c4    00000010     main.obj (.data:user0Cfg)
                  200009d4    0000000c     ll_xcxx.a : ll_data.o (.data)
                  200009e0    0000000c     ble_user_config.obj (.data:rfRegTbl1M)
                  200009ec    0000000c     ble_user_config.obj (.data:rfRegTblCoded)
                  200009f8    0000000c     app_ble_pem3.oem3 (.data:ti_sysbios_heaps_HeapCallback_Object__table__V)
                  20000a04    00000008     ble5_host_test_cc2640r2lp_stack_library.lib : hal_assert.obj (.data:$O1$$)
                  20000a0c    00000008                                                 : osal_clock.obj (.data:$O1$$)
                  20000a14    00000008     rtsv7M3_T_le_eabi.lib : _lock.c.obj (.data:$O1$$)
                  20000a1c    00000008     icall_cc2650.obj (.data)
                  20000a24    00000008     npi_tl_uart.obj (.data)
                  20000a2c    00000008     ble_user_config.obj (.data:rfRegTbl2M)
                  20000a34    00000008     app_ble_pem3.oem3 (.data:ti_sysbios_family_arm_m3_Hwi_Module__root__V)
                  20000a3c    00000008     app_ble_pem3.oem3 (.data:ti_sysbios_gates_GateHwi_Module__root__V)
                  20000a44    00000008     app_ble_pem3.oem3 (.data:ti_sysbios_gates_GateMutex_Module__root__V)
                  20000a4c    00000008     app_ble_pem3.oem3 (.data:ti_sysbios_hal_Hwi_Module__root__V)
                  20000a54    00000008     app_ble_pem3.oem3 (.data:ti_sysbios_heaps_HeapCallback_Module__root__V)
                  20000a5c    00000008     app_ble_pem3.oem3 (.data:ti_sysbios_heaps_HeapMem_Module__root__V)
                  20000a64    00000008     app_ble_pem3.oem3 (.data:ti_sysbios_knl_Clock_Module__root__V)
                  20000a6c    00000008     app_ble_pem3.oem3 (.data:ti_sysbios_knl_Event_Module__root__V)
                  20000a74    00000008     app_ble_pem3.oem3 (.data:ti_sysbios_knl_Mailbox_Module__root__V)
                  20000a7c    00000008     app_ble_pem3.oem3 (.data:ti_sysbios_knl_Queue_Module__root__V)
                  20000a84    00000008     app_ble_pem3.oem3 (.data:ti_sysbios_knl_Semaphore_Module__root__V)
                  20000a8c    00000008     app_ble_pem3.oem3 (.data:ti_sysbios_knl_Swi_Module__root__V)
                  20000a94    00000008     app_ble_pem3.oem3 (.data:ti_sysbios_knl_Task_Module__root__V)
                  20000a9c    00000007     icall_hci_tl.obj (.data:hci_tl_le_create_conn_params)
                  20000aa3    00000001     drivers_cc26x0r2.aem3 : UART.oem3 (.data)
                  20000aa4    00000006     host_test_app.obj (.data)
                  20000aaa    00000001     gatt_xcxx.a : gatt_client.o (.data)
                  20000aab    00000001     l2cap_xcxx.a : l2cap_task.o (.data)
                  20000aac    00000004     ble5_host_test_cc2640r2lp_stack_library.lib : osal_pwrmgr.obj (.data:$O1$$)
                  20000ab0    00000004                                                 : osal_snv_wrapper.obj (.data:$O1$$)
                  20000ab4    00000004     icall.obj (.data:ICall_initParams)
                  20000ab8    00000004     ble5_host_test_cc2640r2lp_stack_library.lib : ble_user_config.obj (.data)
                  20000abc    00000004                                                 : osal_bufmgr.obj (.data)
                  20000ac0    00000004     ble_user_config.obj (.data)
                  20000ac4    00000004     gap_xcxx.a : gap_centlinkmgr.o (.data)
                  20000ac8    00000004     npi_rxbuf.obj (.data)
                  20000acc    00000004     rtsv7M3_T_le_eabi.lib : stkdepth_vars.c.obj (.data)
                  20000ad0    00000004     app_ble_pem3.oem3 (.data:ti_sysbios_family_arm_m3_Hwi_Module_State_0_excContext__A)
                  20000ad4    00000004     app_ble_pem3.oem3 (.data:ti_sysbios_family_arm_m3_Hwi_Module_State_0_excStack__A)
                  20000ad8    00000004     app_ble_pem3.oem3 (.data:ti_sysbios_knl_Task_Module_State_0_idleTask__A)
                  20000adc    00000001     ll_xcxx.a : ll_data.o (.data)
                  20000add    00000001     profiles_xcxx.a : gapgattserver.o (.data)
                  20000ade    00000001                     : gapgattserver.o (.data)
                  20000adf    00000001                     : gapgattserver.o (.data)
                  20000ae0    00000001                     : gapgattserver.o (.data)

.bss       0    20000ae8    00001bd4     UNINITIALIZED
                  20000ae8    00000450     ll_xcxx.a : ble.o (.bss)
                  20000f38    000003a0     rf_singleMode_cc26x0r2.aem3 : RFCC26XX_singleMode.oem3 (.bss:$O1$$)
                  200012d8    000002f0     (.common:npiTaskStack)
                  200015c8    00000284     (.common:htaTaskStack)
                  2000184c    00000004     ECCROMCC26XX.obj (.bss)
                  20001850    00000200     app_ble_pem3.oem3 (.bss:taskStackSection)
                  20001a50    0000014c     npi_rxbuf.obj (.bss:RxBuf)
                  20001b9c    0000014c     npi_tl.obj (.bss:npiRxBuf)
                  20001ce8    0000014c     npi_tl.obj (.bss:npiTxBuf)
                  20001e34    0000012c     (.common:uartCC26XXObjects)
                  20001f60    00000114     ll_xcxx.a : ble.o (.bss)
                  20002074    000000d4               : ll_privacy.o (.bss)
                  20002148    000000c8     (.common:ti_sysbios_family_arm_m3_Hwi_dispatchTable)
                  20002210    0000006c     icall_hci_tl.obj (.bss:rspBuf)
                  2000227c    00000050     npi_task.obj (.bss:npiTaskStruct)
                  200022cc    00000050     (.common:htaTask)
                  2000231c    00000048     icall.obj (.bss:ICall_entities)
                  20002364    00000044     ll_xcxx.a : ll_ae.o (.bss)
                  200023a8    00000030               : ll_ae.o (.bss)
                  200023d8    00000030               : ll_ae.o (.bss)
                  20002408    0000002c     icall_hci_tl.obj (.bss:out_msg)
                  20002434    0000002c     (.common:cryptoCC26XXObjects)
                  20002460    00000024     icall.obj (.bss:ICall_tasks)
                  20002484    00000024     ll_xcxx.a : ll.o (.bss)
                  200024a8    00000020     npi_tl_uart.obj (.bss:isrRxBuf)
                  200024c8    00000020     ll_xcxx.a : ll_ae.o (.bss)
                  200024e8    00000020     (.common:uartCC26XXRingBuffer)
                  20002508    0000001c               : ble.o (.bss)
                  20002524    0000001c               : ll_ae.o (.bss)
                  20002540    0000001c               : ll_ae.o (.bss)
                  2000255c    00000018               : ll_ae.o (.bss)
                  20002574    00000018               : ll_ae.o (.bss)
                  2000258c    00000014     rf_singleMode_cc26x0r2.aem3 : RFCC26XX_singleMode.oem3 (.bss:RF_ratSyncCmd)
                  200025a0    00000014     ll_xcxx.a : ll.o (.bss)
                  200025b4    00000014     driverlib.lib : osc.obj (.bss:oscHfGlobals)
                  200025c8    00000010     gap_xcxx.a : gap_configmgr.o (.bss)
                  200025d8    0000000c     ble5_host_test_cc2640r2lp_stack_library.lib : osal_timers.obj (.bss:$O1$$)
                  200025e4    0000000c     host_test_app.obj (.bss)
                  200025f0    0000000c     icall.obj (.bss)
                  200025fc    0000000c     ll_xcxx.a : ll_scheduler.o (.bss)
                  20002608    0000000c     npi_task.obj (.bss)
                  20002614    0000000c     npi_tl_uart.obj (.bss)
                  20002620    0000000c     (.common:buildRev)
                  2000262c    00000008     dpl_cc26x0r2.aem3 : PowerCC26XX_tirtos.oem3 (.bss:$O1$$)
                  20002634    00000008     ll_xcxx.a : ll_common.o (.bss)
                  2000263c    00000008     driverlib.lib : sys_ctrl.obj (.bss:powerQualGlobals)
                  20002644    00000008     profiles_xcxx.a : gattservapp.o (.bss)
                  2000264c    00000004     att_xcxx.a : att_client.o (.bss)
                  20002650    00000004     gap_xcxx.a : gap_linkmgr.o (.bss)
                  20002654    00000004                : gap_task.o (.bss)
                  20002658    00000004     gatt_xcxx.a : gatt_client.o (.bss)
                  2000265c    00000004     ll_xcxx.a : ble.o (.bss)
                  20002660    00000004               : ble.o (.bss)
                  20002664    00000004               : ll.o (.bss)
                  20002668    00000004               : ll.o (.bss)
                  2000266c    00000004               : ll.o (.bss)
                  20002670    00000004               : ll.o (.bss)
                  20002674    00000004               : ll.o (.bss)
                  20002678    00000004               : ll_ae.o (.bss)
                  2000267c    00000004               : ll_ae.o (.bss)
                  20002680    00000004               : ll_privacy.o (.bss)
                  20002684    00000004     npi_frame_hci.obj (.bss)
                  20002688    00000004     profiles_xcxx.a : gapgattserver.o (.bss)
                  2000268c    00000004     (.common:ClockP_tickPeriod)
                  20002690    00000004     (.common:HEAPMGR_SIZE)
                  20002694    00000004     (.common:syncEvent)
                  20002698    00000004     (.common:tasksEvents)
                  2000269c    00000004     (.common:trngCC26XXObjects)
                  200026a0    00000002     icall_hci_tl.obj (.bss)
                  200026a2    00000002     ll_xcxx.a : ll.o (.bss)
                  200026a4    00000002               : ll.o (.bss)
                  200026a6    00000002               : ll_ae.o (.bss)
                  200026a8    00000001     att_xcxx.a : att_util.o (.bss)
                  200026a9    00000001     drivers_cc26x0r2.aem3 : CryptoCC26XX.oem3 (.bss)
                  200026aa    00000001     hci_tl_full.a : hci_tl.o (.bss)
                  200026ab    00000001                   : hci_tl.o (.bss)
                  200026ac    00000001                   : hci_tl.o (.bss)
                  200026ad    00000001                   : hci_tl.o (.bss)
                  200026ae    00000001                   : hci_tl.o (.bss)
                  200026af    00000001     l2cap_xcxx.a : l2cap_task.o (.bss)
                  200026b0    00000001     ll_xcxx.a : ll.o (.bss)
                  200026b1    00000001               : ll_ae.o (.bss)
                  200026b2    00000001               : ll_ae.o (.bss)
                  200026b3    00000001               : ll_ae.o (.bss)
                  200026b4    00000001               : ll_ae.o (.bss)
                  200026b5    00000001               : ll_ae.o (.bss)
                  200026b6    00000001               : ll_ae.o (.bss)
                  200026b7    00000001               : ll_ae.o (.bss)
                  200026b8    00000001     rf_singleMode_cc26x0r2.aem3 : RFCC26XX_singleMode.oem3 (.bss)
                  200026b9    00000001     (.common:driverlib_release_0_56883)
                  200026ba    00000001     (.common:icall_liteTaskId)
                  200026bb    00000001     (.common:osal_entity)

.vtable    0    200026bc    00000000     UNINITIALIZED

.vtable_ram 
*          0    200026bc    00000000     UNINITIALIZED

vtable_ram 
*          0    200026bc    00000000     UNINITIALIZED

.sysmem    0    200026bc    00000000     UNINITIALIZED

.nonretenvar 
*          0    200026bc    00000000     UNINITIALIZED

.stack     0    20004000    00000400     UNINITIALIZED
                  20004000    00000400     --HOLE--

.text.1    0    0000003c    00000fc4     
                  0000003c    000007f4     icall_hci_tl.obj (.text:processExtMsgATT)
                  00000830    00000008     ble_r2.symbols (.tramp.ATT_ParseHandleValueCfm.1)
                  00000838    00000008     ble_r2.symbols (.tramp.ATT_ParseHandleValueInd.1)
                  00000840    00000008     ble_r2.symbols (.tramp.ATT_ParseExecuteWriteRsp.1)
                  00000848    00000008     ble_r2.symbols (.tramp.ATT_ParseExecuteWriteReq.1)
                  00000850    00000008     ble_r2.symbols (.tramp.ATT_ParsePrepareWriteRsp.1)
                  00000858    00000008     ble_r2.symbols (.tramp.ATT_ParsePrepareWriteReq.1)
                  00000860    00000008     ble_r2.symbols (.tramp.ATT_ParseWriteRsp.1)
                  00000868    00000008     ble_r2.symbols (.tramp.ATT_ParseWriteReq.1)
                  00000870    00000008     ble_r2.symbols (.tramp.ATT_ParseReadByGrpTypeRsp.1)
                  00000878    00000008     ble_r2.symbols (.tramp.ATT_ParseReadByTypeReq.1)
                  00000880    00000008     ble_r2.symbols (.tramp.ATT_CompareUUID.1)
                  00000888    00000008     ble_r2.symbols (.tramp.ATT_ParseReadMultiRsp.1)
                  00000890    00000008     ble_r2.symbols (.tramp.ATT_ParseReadMultiReq.1)
                  00000898    00000008     ble_r2.symbols (.tramp.ATT_ParseReadBlobRsp.1)
                  000008a0    00000008     ble_r2.symbols (.tramp.ATT_ParseReadBlobReq.1)
                  000008a8    00000008     ble_r2.symbols (.tramp.ATT_ParseReadRsp.1)
                  000008b0    00000008     ble_r2.symbols (.tramp.ATT_ParseReadReq.1)
                  000008b8    00000008     ble_r2.symbols (.tramp.ATT_ParseReadByTypeRsp.1)
                  000008c0    00000008     ble_r2.symbols (.tramp.ATT_ParseFindByTypeValueRsp.1)
                  000008c8    00000008     ble_r2.symbols (.tramp.ATT_ParseFindByTypeValueReq.1)
                  000008d0    00000008     ble_r2.symbols (.tramp.ATT_ParseFindInfoRsp.1)
                  000008d8    00000008     ble_r2.symbols (.tramp.ATT_ParseFindInfoReq.1)
                  000008e0    00000008     ble_r2.symbols (.tramp.ATT_ParseExchangeMTURsp.1)
                  000008e8    00000008     ble_r2.symbols (.tramp.ATT_ParseErrorRsp.1)
                  000008f0    00000664     icall_hci_tl.obj (.text:processExtMsgGATT)
                  00000f54    000000ac     driverlib.lib : setup.obj (.text:NOROM_SetupTrimDevice)

.text.2    0    00001330    000196d8     
                  00001330    000007a0     ll_xcxx.a : ble.o (.text)
                  00001ad0    00000608     icall_hci_tl.obj (.text:processExtMsgGAP)
                  000020d8    000005a8     ll_xcxx.a : ll_master_end_causes.o (.text)
                  00002680    00000508     gap_xcxx.a : gap_scanner.o (.text)
                  00002b88    000004f8     ll_xcxx.a : ll_ae.o (.text)
                  00003080    000004e0               : ll_scheduler.o (.text)
                  00003560    00000488               : ll_init_end_causes.o (.text)
                  000039e8    00000424               : ll_isr.o (.text)
                  00003e0c    000003fc     icall_hci_tl.obj (.text:processEventsGAP)
                  00004208    00000374     npi_frame_hci.obj (.text:NPIFrame_collectFrameData)
                  0000457c    00000330     ll_xcxx.a : ll_ae.o (.text)
                  000048ac    00000314     drivers_cc26x0r2.aem3 : PowerCC26XX_calibrateRCOSC.oem3 (.text:PowerCC26XX_auxISR)
                  00004bc0    00000308     ll_xcxx.a : ll_isr.o (.text)
                  00004ec8    000002fc               : ll.o (.text)
                  000051c4    000002e0               : ll.o (.text)
                  000054a4    000002c0     rf_singleMode_cc26x0r2.aem3 : RFCC26XX_singleMode.oem3 (.text:RF_fsmActiveState)
                  00005764    000002bc     ll_xcxx.a : ll_isr.o (.text)
                  00005a20    00000284               : ll_ae.o (.text)
                  00005ca4    00000278     drivers_cc26x0r2.aem3 : CryptoCC26XX.oem3 (.text:cryptoTransactionExecute)
                  00005f1c    0000024c     ll_xcxx.a : ll_common.o (.text)
                  00006168    00000244               : ll_common.o (.text)
                  000063ac    0000022c     drivers_cc26x0r2.aem3 : PowerCC26XX.oem3 (.text:Power_sleep)
                  000065d8    00000220     driverlib.lib : sys_ctrl.obj (.text:NOROM_SysCtrlSetRechargeBeforePowerDown)
                  000067f8    0000020e     icall_hci_tl.obj (.text:processEventsGATT)
                  00006a06    00000002     ble5_host_test_cc2640r2lp_stack_library.lib : common_rom_init.obj (.text:CommonROM_Init)
                  00006a08    00000208     sm_xcxx.a : sm_pairing.o (.text)
                  00006c10    00000204     ll_xcxx.a : ll_ae.o (.text)
                  00006e14    00000204               : ll_master_end_causes.o (.text)
                  00007018    00000200     profiles_xcxx.a : gattservapp.o (.text)
                  00007218    000001f0     ll_xcxx.a : ll_master_end_causes.o (.text)
                  00007408    000001e0               : ll_common.o (.text)
                  000075e8    000001dc     ECCROMCC26XX.obj (.text:ECC_VerifyPublicKeyWeierstrass)
                  000077c4    000001d8     rf_singleMode_cc26x0r2.aem3 : RFCC26XX_singleMode.oem3 (.text:RF_fsmSetupState)
                  0000799c    000001d0     icall_hci_tl.obj (.text:HCI_TL_getMemStats)
                  00007b6c    000001c8     ble5_host_test_cc2640r2lp_stack_library.lib : osal.obj (.text:osal_run_system)
                  00007d34    000001c0     ll_xcxx.a : ll_ae.o (.text)
                  00007ef4    000001b8     sm_xcxx.a : sm_intpairing.o (.text)
                  000080ac    000001b0     drivers_cc26x0r2.aem3 : PINCC26XX.oem3 (.text:PIN_init)
                  0000825c    000001b0     ll_xcxx.a : ll.o (.text)
                  0000840c    000001ac               : ll.o (.text)
                  000085b8    000001a8     profiles_xcxx.a : gapgattserver.o (.text)
                  00008760    000001a4     ECCROMCC26XX.obj (.text:ECCROMCC26XX_genDHKey)
                  00008904    000001a0     rf_singleMode_cc26x0r2.aem3 : RFCC26XX_singleMode.oem3 (.text:RF_open)
                  00008aa4    0000019c     ll_xcxx.a : ll_data.o (.text)
                  00008c40    00000190     drivers_cc26x0r2.aem3 : PowerCC26XX_calibrateRCOSC.oem3 (.text:PowerCC26XX_doCalibrate)
                  00008dd0    0000017c     profiles_xcxx.a : gattservapp.o (.text)
                  00008f4c    0000017c     sm_xcxx.a : sm_intpairing.o (.text)
                  000090c8    00000174     gap_xcxx.a : gap_scanner.o (.text)
                  0000923c    00000168     host_test_app.obj (.text:HostTestApp_init)
                  000093a4    00000164     ll_xcxx.a : ll.o (.text)
                  00009508    00000164               : ll_ae.o (.text)
                  0000966c    0000015c     drivers_cc26x0r2.aem3 : UARTCC26XX.oem3 (.text:UARTCC26XX_open)
                  000097c8    0000015c     gatt_xcxx.a : gatt_client.o (.text)
                  00009924    00000158     icall_hci_tl.obj (.text:host_tl_sendAdvReport)
                  00009a7c    00000150     ll_xcxx.a : ll_common.o (.text)
                  00009bcc    0000014c     icall_hci_tl.obj (.text:HCI_TL_SendCommandPkt)
                  00009d18    0000014c     icall.obj (.text:ICall_heapMalloc)
                  00009e64    0000014c     gatt_xcxx.a : gatt_server.o (.text)
                  00009fb0    00000148     drivers_cc26x0r2.aem3 : UARTCC26XX.oem3 (.text:UARTCC26XX_hwiIntFxn)
                  0000a0f8    0000013c     rf_singleMode_cc26x0r2.aem3 : RFCC26XX_singleMode.oem3 (.text:RF_ratSetupChannel)
                  0000a234    00000136     drivers_cc26x0r2.aem3 : UARTCC26XX.oem3 (.text:UARTCC26XX_read)
                  0000a36a    00000002     ble_user_config.obj (.text:DefaultAssertCback)
                  0000a36c    00000130     ll_xcxx.a : ll.o (.text)
                  0000a49c    00000130               : ll_ae.o (.text)
                  0000a5cc    0000012c     drivers_cc26x0r2.aem3 : PowerCC26XX.oem3 (.text:Power_init)
                  0000a6f8    00000128     ll_xcxx.a : ll_scheduler.o (.text)
                  0000a820    00000124     ECCROMCC26XX.obj (.text:ECCROMCC26XX_genKeys)
                  0000a944    00000124     ble5_host_test_cc2640r2lp_stack_library.lib : osal_snv_wrapper.obj (.text:compactPage)
                  0000aa68    00000124     ll_xcxx.a : ll_ae.o (.text)
                  0000ab8c    00000118     profiles_xcxx.a : gattservapp.o (.text)
                  0000aca4    0000010e     gatt_xcxx.a : gatt_server.o (.text)
                  0000adb2    0000010c                 : gatt_client.o (.text)
                  0000aebe    00000002     driverlib.lib : rfc.obj (.text:NOROM_RFCAdi3VcoLdoVoltageMode)
                  0000aec0    00000108     ble5_host_test_cc2640r2lp_stack_library.lib : osal_snv_wrapper.obj (.text:NVOCOP_writeItem)
                  0000afc8    00000106     icall.obj (.text:ICall_waitMatch)
                  0000b0ce    00000002     ble5_host_test_cc2640r2lp_stack_library.lib : onboard.obj (.text:Onboard_soft_reset)
                  0000b0d0    00000104     ll_xcxx.a : ll.o (.text)
                  0000b1d4    00000100     gap_xcxx.a : gap_scanner.o (.text)
                  0000b2d4    00000100     ll_xcxx.a : ll.o (.text)
                  0000b3d4    00000100     sm_xcxx.a : sm_task.o (.text)
                  0000b4d4    000000fc     ble5_host_test_cc2640r2lp_stack_library.lib : gap.obj (.text:GAP_DeviceInit)
                  0000b5d0    000000fc     sm_xcxx.a : sm_intpairing.o (.text)
                  0000b6cc    000000f4     gap_xcxx.a : gap_linkmgr.o (.text)
                  0000b7c0    000000f0     drivers_cc26x0r2.aem3 : PINCC26XX.oem3 (.text:PINCC26XX_setIoCfg)
                  0000b8b0    000000f0     rf_singleMode_cc26x0r2.aem3 : RFCC26XX_singleMode.oem3 (.text:RF_radioOpDoneCb)
                  0000b9a0    000000f0     gap_xcxx.a : gap_initiator.o (.text)
                  0000ba90    000000f0     ble5_host_test_cc2640r2lp_stack_library.lib : osal_timers.obj (.text:osalTimerUpdate)
                  0000bb80    000000f0                                                 : ble_user_config.obj (.text:setBleUserConfig)
                  0000bc70    000000ec     ll_xcxx.a : ll_common.o (.text)
                  0000bd5c    000000ec     profiles_xcxx.a : gattservapp.o (.text)
                  0000be48    000000e8     dpl_cc26x0r2.aem3 : PowerCC26XX_tirtos.oem3 (.text:PowerCC26XX_standbyPolicy)
                  0000bf30    000000e4     gatt_xcxx.a : gatt_client.o (.text)
                  0000c014    000000e4     ll_xcxx.a : ll.o (.text)
                  0000c0f8    000000e4               : ll_data.o (.text)
                  0000c1dc    000000e4     sm_xcxx.a : sm_pairing.o (.text)
                  0000c2c0    000000e2     drivers_cc26x0r2.aem3 : UARTCC26XX.oem3 (.text:UARTCC26XX_write)
                  0000c3a2    00000002     rf_singleMode_cc26x0r2.aem3 : RFCC26XX_singleMode.oem3 (.text:RF_defaultCallback)
                  0000c3a4    000000e0     ll_xcxx.a : ll.o (.text)
                  0000c484    000000dc     gap_xcxx.a : gap_linkmgr.o (.text)
                  0000c560    000000dc                : gap_task.o (.text)
                  0000c63c    000000dc     hci_xcxx.a : hci_event.o (.text)
                  0000c718    000000dc     ble5_host_test_cc2640r2lp_stack_library.lib : osal.obj (.text:osal_set_event)
                  0000c7f4    000000dc     icall_hci_tl.obj (.text:processExtMsgUTIL)
                  0000c8d0    000000d8     ll_xcxx.a : ll.o (.text)
                  0000c9a8    000000d8     sm_xcxx.a : sm_pairing.o (.text)
                  0000ca80    000000d4     rf_singleMode_cc26x0r2.aem3 : RFCC26XX_singleMode.oem3 (.text:RF_pendCmd)
                  0000cb54    000000d4     smp_xcxx.a : smp.o (.text)
                  0000cc28    000000d0     rf_singleMode_cc26x0r2.aem3 : RFCC26XX_singleMode.oem3 (.text:RF_fsmPowerUpState)
                  0000ccf8    000000d0                                 : RFCC26XX_singleMode.oem3 (.text:RF_postCmd)
                  0000cdc8    000000d0     icall_hci_tl.obj (.text:processExtMsg)
                  0000ce98    000000cc     npi_task.obj (.text:NPITask_process)
                  0000cf64    000000cc     rf_singleMode_cc26x0r2.aem3 : RFCC26XX_singleMode.oem3 (.text:RF_swiHw)
                  0000d030    000000cc     ll_xcxx.a : ll.o (.text)
                  0000d0fc    000000c8     rf_singleMode_cc26x0r2.aem3 : RFCC26XX_singleMode.oem3 (.text:RF_control)
                  0000d1c4    000000c8     ll_xcxx.a : ll.o (.text)
                  0000d28c    000000c8     sm_xcxx.a : sm_pairing.o (.text)
                  0000d354    000000c4     icall_hci_tl.obj (.text:host_tl_scanEvtCallbackProcess)
                  0000d418    000000c4     ll_xcxx.a : ll.o (.text)
                  0000d4dc    000000c4     icall_hci_tl.obj (.text:processEvents)
                  0000d5a0    000000c4     sm_xcxx.a : sm_pairing.o (.text)
                  0000d664    000000c0     ll_xcxx.a : ll_common.o (.text)
                  0000d724    000000be     gap_xcxx.a : gap_linkmgr.o (.text)
                  0000d7e2    00000002     rtsv7M3_T_le_eabi.lib : _lock.c.obj (.text:_nop)
                  0000d7e4    000000bc     drivers_cc26x0r2.aem3 : PowerCC26XX.oem3 (.text:Power_releaseDependency)
                  0000d8a0    000000bc     hci_xcxx.a : hci_event.o (.text)
                  0000d95c    000000bc                : hci_event.o (.text)
                  0000da18    000000bc     ll_xcxx.a : ll_scheduler.o (.text)
                  0000dad4    000000b8     icall.obj (.text:ICall_heapInit)
                  0000db8c    000000b8     ll_xcxx.a : ll.o (.text)
                  0000dc44    000000b4     drivers_cc26x0r2.aem3 : PowerCC26XX.oem3 (.text:Power_setDependency)
                  0000dcf8    000000b0     gap_xcxx.a : gap_linkmgr.o (.text)
                  0000dda8    000000b0     ll_xcxx.a : ble.o (.text)
                  0000de58    000000ac     rf_singleMode_cc26x0r2.aem3 : RFCC26XX_singleMode.oem3 (.text:RF_abortCmd)
                  0000df04    000000ac     att_xcxx.a : att_util.o (.text)
                  0000dfb0    000000ac     gap_xcxx.a : gap_centlinkmgr.o (.text)
                  0000e05c    000000aa     ll_xcxx.a : ll_common.o (.text)
                  0000e106    000000aa     sm_xcxx.a : sm_mgr.o (.text)
                  0000e1b0    000000a8     rf_singleMode_cc26x0r2.aem3 : RFCC26XX_singleMode.oem3 (.text:RF_dispatchNextCmd)
                  0000e258    000000a8     ll_xcxx.a : ll.o (.text)
                  0000e300    000000a4     rf_singleMode_cc26x0r2.aem3 : RFCC26XX_singleMode.oem3 (.text:RF_ratRestartChannels)
                  0000e3a4    000000a4     ble5_host_test_cc2640r2lp_stack_library.lib : osal_cbtimer.obj (.text:cbTimerSetup)
                  0000e448    000000a4     gatt_xcxx.a : gatt_client.o (.text)
                  0000e4ec    000000a4     ll_xcxx.a : ll.o (.text)
                  0000e590    000000a4               : ll_common.o (.text)
                  0000e634    000000a4               : ll_enc.o (.text)
                  0000e6d8    000000a4               : ll_scheduler.o (.text)
                  0000e77c    000000a4     host_test_app.obj (.text:sendCommandCompleteEvent)
                  0000e820    000000a4     sm_xcxx.a : sm_intpairing.o (.text)
                  0000e8c4    000000a4     drivers_cc26x0r2.aem3 : PowerCC26XX.oem3 (.text:switchXOSCHFclockFunc)
                  0000e968    000000a0     host_test_app.obj (.text:HostTestApp_taskFxn)
                  0000ea08    000000a0     drivers_cc26x0r2.aem3 : PINCC26XX.oem3 (.text:PIN_open)
                  0000eaa8    000000a0     auto_init.aem3 : auto_init.oem3 (.text)
                  0000eb48    0000009c     rf_singleMode_cc26x0r2.aem3 : RFCC26XX_singleMode.oem3 (.text:RF_calculateDispatchTime)
                  0000ebe4    0000009c     ll_xcxx.a : ll.o (.text)
                  0000ec80    0000009c               : ll_common.o (.text)
                  0000ed1c    0000009c     ble5_host_test_cc2640r2lp_stack_library.lib : osal_cbtimer.obj (.text:osal_CbTimerProcessEvent)
                  0000edb8    0000009c     rtsv7M3_T_le_eabi.lib : memcpy_t2.asm.obj (.text)
                  0000ee54    0000009a     icall_hci_tl.obj (.text:processEventsSM)
                  0000eeee    00000002     drivers_cc26x0r2.aem3 : PowerCC26XX.oem3 (.text:emptyClockFunc)
                  0000eef0    00000098     icall.obj (.text:ICall_setTimer)
                  0000ef88    00000098     drivers_cc26x0r2.aem3 : UARTCC26XX.oem3 (.text:UARTCC26XX_initHw)
                  0000f020    00000098                           : UARTCC26XX.oem3 (.text:UARTCC26XX_initIO)
                  0000f0b8    00000098     rom_sysbios.aem3 : rom_sysbios.obj (.text:ti_sysbios_knl_Clock_workFuncDynamic__E)
                  0000f150    00000096     rtsv7M3_T_le_eabi.lib : ull_div_t2.asm.obj (.text)
                  0000f1e6    00000002     drivers_cc26x0r2.aem3 : CryptoResourceCC26XX.oem3 (.text:errorSpin)
                  0000f1e8    00000094                           : CryptoCC26XX.oem3 (.text:CryptoCC26XX_allocateKey)
                  0000f27c    00000094     driverlib.lib : crypto.obj (.text:NOROM_CRYPTOAesLoadKey)
                  0000f310    00000094     TRNGCC26XX.obj (.text:TRNGCC26XX_getNumber)
                  0000f3a4    00000094     gatt_xcxx.a : gatt_client.o (.text)
                  0000f438    00000094                 : gatt_server.o (.text)
                  0000f4cc    00000094     ll_xcxx.a : ll.o (.text)
                  0000f560    00000094               : ll_common.o (.text)
                  0000f5f4    00000092     gap_xcxx.a : linkdb.o (.text)
                  0000f686    00000092     hci_xcxx.a : hci.o (.text)
                  0000f718    00000092     ll_xcxx.a : ll_enc.o (.text)
                  0000f7aa    00000002     ble5_host_test_cc2640r2lp_stack_library.lib : hal_assert.obj (.text:halAssertHandler)
                  0000f7ac    00000090     drivers_cc26x0r2.aem3 : CryptoCC26XX.oem3 (.text:CryptoCC26XX_open)
                  0000f83c    00000090     npi_tl.obj (.text:NPITL_writeTL)
                  0000f8cc    00000090     driverlib.lib : setup.obj (.text:TrimAfterColdResetWakeupFromShutDown)
                  0000f95c    00000090     gatt_xcxx.a : gatt_client.o (.text)
                  0000f9ec    00000090     ll_xcxx.a : ll.o (.text)
                  0000fa7c    00000090               : ll_scheduler.o (.text)
                  0000fb0c    00000090               : ll_wl.o (.text)
                  0000fb9c    00000090     sm_xcxx.a : sm_pairing.o (.text)
                  0000fc2c    00000090     rom_sysbios.aem3 : rom_sysbios.obj (.text:ti_sysbios_family_arm_cc26xx_Timer_start__E)
                  0000fcbc    0000008e     drivers_cc26x0r2.aem3 : UARTCC26XX.oem3 (.text:UARTCC26XX_writeCancel)
                  0000fd4a    00000002     ble5_host_test_cc2640r2lp_stack_library.lib : hal_assert.obj (.text:halAssertSpinlock)
                  0000fd4c    0000008c     icall_cc2650.obj (.text:ICallPlatform_pwrUpdActivityCounter)
                  0000fdd8    0000008c     npi_task.obj (.text:NPITask_processStackMsg)
                  0000fe64    0000008c     gap_xcxx.a : gap_scanner.o (.text)
                  0000fef0    0000008c     gatt_xcxx.a : gatt_client.o (.text)
                  0000ff7c    0000008c     ll_xcxx.a : ll_common.o (.text)
                  00010008    0000008c     sm_xcxx.a : sm_intpairing.o (.text)
                  00010094    00000088     gap_xcxx.a : gap_linkmgr.o (.text)
                  0001011c    00000088                : gap_linkmgr.o (.text)
                  000101a4    00000088     hci_xcxx.a : hci_event.o (.text)
                  0001022c    00000088     ble5_host_test_cc2640r2lp_stack_library.lib : osal_snv_wrapper.obj (.text:writeWord)
                  000102b4    00000086     ll_xcxx.a : ll_common.o (.text)
                  0001033a    00000002               : ll_isr.o (.text)
                  0001033c    00000084     driverlib.lib : crypto.obj (.text:NOROM_CRYPTOCcmInvAuthDecryptResultGet)
                  000103c0    00000084     drivers_cc26x0r2.aem3 : UARTCC26XX.oem3 (.text:UARTCC26XX_close)
                  00010444    00000084     ble5_host_test_cc2640r2lp_stack_library.lib : osal.obj (.text:osal_event_send)
                  000104c8    00000084     profiles_xcxx.a : gattservapp.o (.text)
                  0001054c    00000084                     : gattservapp.o (.text)
                  000105d0    00000082     gatt_xcxx.a : gatt_client.o (.text)
                  00010652    00000082     ll_xcxx.a : ll.o (.text)
                  000106d4    00000082     icall_hci_tl.obj (.text:processDataL2CAP)
                  00010756    00000082     profiles_xcxx.a : gattservapp.o (.text)
                  000107d8    00000080     host_test_app.obj (.text:HostTestApp_processGapEvent)
                  00010858    00000080     npi_tl_uart.obj (.text:NPITLUART_initializeTransport)
                  000108d8    00000080     rf_singleMode_cc26x0r2.aem3 : RFCC26XX_singleMode.oem3 (.text:RF_hwiCpe0Active)
                  00010958    00000080     icall_hci_tl.obj (.text:host_tl_connEvtCallbackProcess)
                  000109d8    00000080     icall_hci_tl.obj (.text:host_tl_scanEvtCallback)
                  00010a58    00000080     icall.obj (.text:icall_directAPI)
                  00010ad8    00000080     ll_xcxx.a : ll.o (.text)
                  00010b58    00000080               : ll.o (.text)
                  00010bd8    00000080     icall_hci_tl.obj (.text:processExtMsgL2CAP)
                  00010c58    00000080     profiles_xcxx.a : gattservapp.o (.text)
                  00010cd8    00000080     drivers_cc26x0r2.aem3 : UARTCC26XX.oem3 (.text:writeTxFifoFlush)
                  00010d58    0000007c     rf_singleMode_cc26x0r2.aem3 : RFCC26XX_singleMode.oem3 (.text:RF_ratFreeChannel)
                  00010dd4    0000007c     gap_xcxx.a : gap_scanner.o (.text)
                  00010e50    0000007c     gatt_xcxx.a : gatt_client.o (.text)
                  00010ecc    0000007c     hci_xcxx.a : hci_event.o (.text)
                  00010f48    0000007c     ll_xcxx.a : ll.o (.text)
                  00010fc4    0000007c               : ll_common.o (.text)
                  00011040    0000007c               : ll_common.o (.text)
                  000110bc    0000007a     rtsv7M3_T_le_eabi.lib : memset_t2.asm.obj (.text)
                  00011136    00000002     ll_xcxx.a : ll_isr.o (.text)
                  00011138    00000078     l2cap_xcxx.a : l2cap_if.o (.text)
                  000111b0    00000078     ll_xcxx.a : ll_common.o (.text)
                  00011228    00000078               : ll_common.o (.text)
                  000112a0    00000078               : ll_common.o (.text)
                  00011318    00000078     ble5_host_test_cc2640r2lp_stack_library.lib : osal_icall_ble.obj (.text:osalInitTasks)
                  00011390    00000078     profiles_xcxx.a : gattservapp.o (.text)
                  00011408    00000076     gatt_xcxx.a : gatt_client.o (.text)
                  0001147e    00000002     profiles_xcxx.a : gapgattserver.o (.text)
                  00011480    00000074     ll_xcxx.a : ll_ae.o (.text)
                  000114f4    00000074               : ll_common.o (.text)
                  00011568    00000074               : ll_common.o (.text)
                  000115dc    00000074               : ll_enc.o (.text)
                  00011650    00000074     ble5_host_test_cc2640r2lp_stack_library.lib : osal.obj (.text:osal_msg_enqueue_push)
                  000116c4    00000074     sm_xcxx.a : sm_pairing.o (.text)
                  00011738    00000072     gatt_xcxx.a : gatt_client.o (.text)
                  000117aa    00000002     icall_api_lite.obj (.text:rfErrCb)
                  000117ac    00000070     icall.obj (.text:ICall_createRemoteTasksAtRuntime)
                  0001181c    00000070     driverlib.lib : sys_ctrl.obj (.text:NOROM_SysCtrlAdjustRechargeAfterPowerDown)
                  0001188c    00000070     gatt_xcxx.a : gatt_server.o (.text)
                  000118fc    00000070     drivers_cc26x0r2.aem3 : PowerCC26XX.oem3 (.text:lfClockReadyCallback)
                  0001196c    00000070     main.obj (.text:main)
                  000119dc    00000070     ble5_host_test_cc2640r2lp_stack_library.lib : osal.obj (.text:osal_msg_receive)
                  00011a4c    00000070     sm_xcxx.a : sm_intpairing.o (.text)
                  00011abc    0000006e     gap_xcxx.a : gap_task.o (.text)
                  00011b2a    0000006e     gatt_xcxx.a : gatt_server.o (.text)
                  00011b98    0000006e     ll_xcxx.a : ll_common.o (.text)
                  00011c06    00000002     rtsv7M3_T_le_eabi.lib : div0.asm.obj (.text)
                  00011c08    0000006c     icall_hci_tl.obj (.text:HCI_TL_Init)
                  00011c74    0000006c     host_test_app.obj (.text:HostTestApp_processBLEEvent)
                  00011ce0    0000006c     driverlib.lib : osc.obj (.text:NOROM_OSCHF_AttemptToSwitchToXosc)
                  00011d4c    0000006c     npi_tl_uart.obj (.text:NPITLUART_readCallBack)
                  00011db8    0000006c     drivers_cc26x0r2.aem3 : PowerCC26XX_calibrateRCOSC.oem3 (.text:PowerCC26XX_initiateCalibration)
                  00011e24    0000006c     rf_singleMode_cc26x0r2.aem3 : RFCC26XX_singleMode.oem3 (.text:RF_ratDisableChannel)
                  00011e90    0000006c     drivers_cc26x0r2.aem3 : PowerCC26XX.oem3 (.text:configureXOSCHF)
                  00011efc    0000006c     gap_xcxx.a : gap_configmgr.o (.text)
[...]
20002678  extInitInfo                                                               
2000267c  extScanInfo                                                               
20002680  pRpaCfg                                                                   
2000268c  ClockP_tickPeriod                                                         
20002690  HEAPMGR_SIZE                                                              
20002694  syncEvent                                                                 
20002698  tasksEvents                                                               
2000269c  trngCC26XXObjects                                                         
200026a2  connInitialMaxTxTimeUncoded                                               
200026a4  connInitialMaxTxTimeCoded                                                 
200026a6  lastAdvDID                                                                
200026a8  att_sendRspOnly                                                           
200026aa  hciTaskID                                                                 
200026ab  hciL2capTaskID                                                            
200026ac  hciGapTaskID                                                              
200026ad  hciSmpTaskID                                                              
200026ae  hciTestTaskID                                                             
200026af  l2cap_gattServAppTaskID                                                   
200026b0  defaultPhy                                                                
200026b1  extScanIndex                                                              
200026b2  extInitIndex                                                              
200026b3  lastAdvSID                                                                
200026b4  updateDID                                                                 
200026b5  scanState                                                                 
200026b6  lastScanRsp                                                               
200026b7  lastPrimPhy                                                               
200026b9  driverlib_release_0_56883                                                 
200026ba  icall_liteTaskId                                                          
200026bb  osal_entity                                                               
200026bc  heapStart                                                                 
20004000  __stack                                                                   
20004000  heapEnd                                                                   
20004400  __STACK_END                                                               
20004400  __STACK_TOP                                                               
200044f8  RAM_BASE_ADDR                                                             
20004504  ROM_FlashJT                                                               
20004558  gapPeripheralCBs                                                          
20004564  gapPeripheralConnCBs                                                      
20004584  smResponderCBs                                                            
2000459c  slaveConnHandle                                                           
2000459e  nextHandle                                                                
200045a0  l2capMtuSize                                                              
200045a2  gapAppTaskID                                                              
200045a3  gapAdvAppTaskID                                                           
200045a4  gapUnwantedTaskID                                                         
200045a5  reqTaskId                                                                 
200045a6  gattAppTaskID                                                             
200045a7  appTaskID                                                                 
200045a8  flowCtrlTaskId                                                            
200045a9  SM_appTaskID                                                              
200047cc  wlTable                                                                   
200048a8  wlTableScan                                                               
20004988  rfObject                                                                  
20004a20  advCmd                                                                    
20004a68  localEccKeys                                                              
20004ae4  advDataEntry                                                              
20004b1c  l2capFixedChannels                                                        
20004b4c  linkCBs                                                                   
20004b7c  eccParams                                                                 
20004bac  initParam                                                                 
20004bd0  scanParam                                                                 
20004bf4  advParam                                                                  
20004c14  cryptoPRAND                                                               
20004c34  txModemTestCmd                                                            
20004c50  gapParams                                                                 
20004c6c  initCmd                                                                   
20004c84  connReqData                                                               
20004c9c  scanCmd                                                                   
20004cb4  scanOutput                                                                
20004ce4  rxModemTestCmd                                                            
20004cfc  rsp                                                                       
20004d14  fwParDtmCmd                                                               
20004d44  fwParRfCmd                                                                
20004d5c  connOutput                                                                
20004d70  rxTestParam                                                               
20004d84  initDataQueue                                                             
20004d94  scanDataQueue                                                             
20004da4  advDataQueue                                                              
20004db4  advOutput                                                                 
20004dc4  txTestParam                                                               
20004dd4  initOutput                                                                
20004de0  rxTestOut                                                                 
20004df8  cachedTRNGdata                                                            
20004e04  gapCurrentRandomAddr                                                      
20004e0c  slaveUpdateReq                                                            
20004e14  pBleEvtMask                                                               
20004e1c  pHciEvtMask                                                               
20004e24  pHciEvtMask2                                                              
20004e2c  ownPublicAddr                                                             
20004e34  ownRandomAddr                                                             
20004e3c  ownSavedPublicAddr                                                        
20004e44  fwImmedCmd                                                                
20004e4c  attServerNotifyTxCB                                                       
20004e50  rfEvent                                                                   
20004e58  fwParCmd                                                                  
20004e60  verInfo                                                                   
20004e68  llConns                                                                   
20004e70  fwParamImmedCmd                                                           
20004e78  privInfo                                                                  
20004e88  rxDataQ                                                                   
20004e8c  txDataQ                                                                   
20004e90  rxRingBuf                                                                 
20004e94  txTestOut                                                                 
20004e98  pGapDiscReq                                                               
20004e9c  pGapAdvertState                                                           
20004ea0  pEstLink                                                                  
20004ea4  pAuthLink                                                                 
20004ea8  pfnCentralConnCBs                                                         
20004eac  pfnPeripheralConnCBs                                                      
20004eb0  pGapAdvTokens                                                             
20004eb4  pGapAdData                                                                
20004eb8  pGapScanRspData                                                           
20004ebc  pfnPeripheralCBs                                                          
20004ec0  pfnCentralCBs                                                             
20004ec8  serverInfoTbl                                                             
20004ecc  pServiceList                                                              
20004ed0  pfnServerProcessMsgCB                                                     
20004ed4  pfnClientProcessMsgCB                                                     
20004ed8  prepareWritesTbl                                                          
20004edc  serviceCBsList                                                            
20004ee0  pAttrValue                                                                
20004ee4  l2capChannels                                                             
20004ee8  linkDB                                                                    
20004eec  rfHandle                                                                  
20004ef0  rfDrvTblPtr                                                               
20004ef4  eccDrvTblPtr                                                              
20004ef8  cryptoDrvTblPtr                                                           
20004efc  trngDrvTblPtr                                                             
20004f00  activeConns                                                               
20004f04  SysBootMsg                                                                
20004f08  sclkSrc                                                                   
20004f0c  buildInfo                                                                 
20004f10  advInfo                                                                   
20004f18  initInfo                                                                  
20004f20  taskEndAction                                                             
20004f24  encParams                                                                 
20004f28  encHandle                                                                 
20004f2c  encKey                                                                    
20004f30  pPairingParams                                                            
20004f34  pfnResponderCBs                                                           
20004f38  pfnInitiatorCBs                                                           
20004f3c  gapLimitedAdvertisingTimeout                                              
20004f3e  attrLen                                                                   
20004f40  numHostBufs                                                               
20004f42  rfCmdHandle                                                               
20004f44  connInitialMaxTxOctets                                                    
20004f46  connInitialMaxTxTime                                                      
20004f48  supportedMaxTxOctets                                                      
20004f4a  supportedMaxTxTime                                                        
20004f4c  supportedMaxRxOctets                                                      
20004f4e  supportedMaxRxTime                                                        
20004f50  taskEndStatus                                                             
20004f52  postRfOperations                                                          
20004f54  rfCfgAdiVal                                                               
20004f58  gapProfileRole                                                            
20004f59  gapDeviceAddrMode                                                         
20004f5a  gapState                                                                  
20004f5b  terminateAllTaskID                                                        
20004f5c  terminateReason                                                           
20004f5d  gapTaskID                                                                 
20004f5e  gattNumConns                                                              
20004f5f  gattTaskID                                                                
20004f60  GATTServApp_TaskID                                                        
20004f61  maxNumPrepareWrites                                                       
20004f62  hciPTMenabled                                                             
20004f63  ctrlToHostEnable                                                          
20004f64  l2capFlowCtrlMode                                                         
20004f65  l2capTaskID                                                               
20004f66  l2capNumChannels                                                          
20004f67  l2capNumDataPkts                                                          
20004f68  l2capId                                                                   
20004f69  linkDBNumConns                                                            
20004f6a  linkDB_secureConnectionOnlyMode                                           
20004f6b  maxPduSize                                                                
20004f6c  rfFeModeBias                                                              
20004f6d  maxNumTxDataBufs                                                          
20004f6e  LL_TaskID                                                                 
20004f6f  llState                                                                   
20004f70  rssiCorrection                                                            
20004f71  curTxPowerVal                                                             
20004f72  maxTxPwrForDTM                                                            
20004f73  onePktPerEvt                                                              
20004f74  numComplPkts                                                              
20004f75  numComplPktsLimit                                                         
20004f76  numComplPktsFlush                                                         
20004f77  fastTxRespTime                                                            
20004f78  slOverride                                                                
20004f79  rxFifoFlowCtrl                                                            
20004f7a  numTxDataBufs                                                             
20004f7b  maxNumConns                                                               
20004f7c  smTaskID                                                                  
20004f7d  SM_appExpectingKey                                                        
20004f80  ECC_DATA$$Base                                                            
20004f80  eccRom_param_Gx                                                           
20004f84  eccRom_param_Gy                                                           
20004f88  eccRom_workzone                                                           
20004f8c  eccRom_param_p                                                            
20004f90  eccRom_param_r                                                            
20004f94  eccRom_param_a                                                            
20004f98  eccRom_param_b                                                            
20004f9c  eccRom_windowSize                                                         
20004fa0  aux64                                                                     
20004fa8  MOD                                                                       
20004fac  LEN                                                                       
20004fb0  inScalar                                                                  
20004fb4  inPointX                                                                  
20004fb8  inPointY                                                                  
20004fbc  outPointX                                                                 
20004fc0  outPointY                                                                 
20004fc4  SCAL                                                                      
20004fc8  EXPX                                                                      
20004fcc  EXPY                                                                      
20004fd0  EXPZ                                                                      
20004fd4  EXPW                                                                      
20004fd8  ACCX                                                                      
20004fdc  ACCY                                                                      
20004fe0  ACCZ                                                                      
20004fe4  TMP1                                                                      
20004fe8  TMP2                                                                      
20004fec  TMP3                                                                      
20004ff0  TMP4                                                                      
20004ff4  TMP5                                                                      
20004ff8  TMP6                                                                      
20004ffc  MSBMOD                                                                    
20005000  ECC_DATA$$Limit                                                           
20005000  __UNUSED_SRAM_end__                                                       
e000e000  ti_sysbios_family_arm_m3_Hwi_nvic                                         
ffffffff  __TI_pprof_out_hndl                                                       
ffffffff  __TI_prof_data_size                                                       
ffffffff  __TI_prof_data_start                                                      
ffffffff  __binit__                                                                 
ffffffff  __c_args__                                                                
ffffffff  binit                                                                     
UNDEFED   SHT$$INIT_ARRAY$$Base                                                     
UNDEFED   SHT$$INIT_ARRAY$$Limit                                                    

[2526 symbols]
