******************************************************************************
                  TI ARM Linker Unix v18.12.4                  
******************************************************************************
>> Linked Sat Jul  4 13:13:59 2020

OUTPUT FILE NAME:   <multi_role_CC26X2R1_LAUNCHXL_tirtos_ccs.out>
ENTRY POINT SYMBOL: "ResetISR"  address: 0001606d


MEMORY CONFIGURATION

         name            origin    length      used     unused   attr    fill
----------------------  --------  ---------  --------  --------  ----  --------
  FLASH                 00000000   00056000  00021c85  0003437b  R  X
  FLASH_LAST_PAGE       00056000   00002000  00000058  00001fa8  R  X
  RTOS_SRAM             20000000   0000012c  000000e4  00000048  RW X
  SRAM                  20000fdf   00013021  000030c2  0000ff5f  RW X


SEGMENT ALLOCATION MAP

run origin  load origin   length   init length attrs members
----------  ----------- ---------- ----------- ----- -------
00000000    00000000    0001dc88   0001dc88    r-x
  00000000    00000000    0000003c   0000003c    r-- .resetVecs
  0000003c    0000003c    00000004   00000004    r-- .const.1
  00000040    00000040    0001b580   0001b580    r-x .text
  0001b5c0    0001b5c0    00001f7d   00001f7d    r-- .const.2
  0001d540    0001d540    00000138   00000138    r-- .rodata
  0001d678    0001d678    00000610   00000610    r-- .cinit
00048000    00048000    00004000   00000000    rw-
  00048000    00048000    00004000   00000000    rw- .TI.bound:flashBuf0
00057fa8    00057fa8    00000058   00000058    r--
  00057fa8    00057fa8    00000058   00000058    r-- .ccfg
20000100    20000100    0000000c   00000000    rw-
  20000100    20000100    00000004   00000000    rw- .data:xdcRomConstPtr
  20000104    20000104    00000004   00000000    rw- .data:xdcRomExternFuncPtr
  20000108    20000108    00000004   00000000    rw- .data:xdcRomStatePtr
20000fe0    20000fe0    00002cc2   00000000    rw-
  20000fe0    20000fe0    00001bf6   00000000    rw- .data
  20002bd8    20002bd8    000010ca   00000000    rw- .bss
20013c00    20013c00    00000400   00000000    rw-
  20013c00    20013c00    00000400   00000000    rw- .stack


SECTION ALLOCATION MAP

 output                                  attributes/
section   page    origin      length       input sections
--------  ----  ----------  ----------   ----------------
.cinit     0    0001d678    00000610     
                  0001d678    000005b7     (.cinit..data.load) [load image, compression = lzss]
                  0001dc2f    00000001     --HOLE-- [fill = 0]
                  0001dc30    0000000c     (__TI_handler_table)
                  0001dc3c    00000004     --HOLE-- [fill = 0]
                  0001dc40    00000008     (.cinit..bss.load) [load image, compression = zero_init]
                  0001dc48    00000008     (.cinit..data:xdcRomConstPtr.load) [load image, compression = lzss]
                  0001dc50    00000008     (.cinit..data:xdcRomExternFuncPtr.load) [load image, compression = lzss]
                  0001dc58    00000008     (.cinit..data:xdcRomStatePtr.load) [load image, compression = lzss]
                  0001dc60    00000028     (__TI_cinit_table)

.init_array 
*          0    00000000    00000000     UNINITIALIZED

.const.1   0    0000003c    00000004     
                  0000003c    00000004     drivers_cc26x2.aem4f : NVS.oem4f (.const:NVS_defaultParams)

.ccfg      0    00057fa8    00000058     
                  00057fa8    00000058     ti_devices_config.obj (.ccfg:retain)

.data:xdcRomConstPtr 
*          0    20000100    00000004     UNINITIALIZED
                  20000100    00000004     multi_role_app_pem4f.oem4f (.data:xdcRomConstPtr)

.data:xdcRomExternFuncPtr 
*          0    20000104    00000004     UNINITIALIZED
                  20000104    00000004     multi_role_app_pem4f.oem4f (.data:xdcRomExternFuncPtr)

.data:xdcRomStatePtr 
*          0    20000108    00000004     UNINITIALIZED
                  20000108    00000004     multi_role_app_pem4f.oem4f (.data:xdcRomStatePtr)

.data      0    20000fe0    00001bf6     UNINITIALIZED
                  20000fe0    000005f8     multi_role.obj (.data:$O2$$)
                  200015d8    000005b8     UartLog.obj (.data:$O12$$)
                  20001b90    000001d4     devinfoservice.obj (.data:$O8$$)
                  20001d64    00000194     rtsv7M4_T_le_v4SPD16_eabi.lib : defs.c.obj (.data:$O21$$)
                  20001ef8    00000134     drivers_cc26x2.aem4f : PowerCC26X2.oem4f (.data:PowerCC26X2_module)
                  2000202c    00000124     simple_gatt_profile.obj (.data:$O10$$)
                  20002150    0000010c     multi_role_app_pem4f.oem4f (.data:ROM_stateStruct)
                  2000225c    000000f4     StackWrapper.a : gapbondmgr.o (.data)
                  20002350    000000c8     rtsv7M4_T_le_v4SPD16_eabi.lib : host_device.c.obj (.data:$O22$$)
                  20002418    000000b0     OneLib.a : gapgattserver.o (.data)
                  200024c8    0000009c     icall.obj (.data:$O13$$)
                  20002564    00000068     ti_ble_config.obj (.data:$O17$$)
                  200025cc    00000060     nvocmp.obj (.data:$O7$$)
                  2000262c    00000060     OneLib.a : ll_config.o (.data)
                  2000268c    00000050     ti_radio_config.obj (.data:txPowerTable_2400_pa5)
                  200026dc    0000004c     multi_role_app_pem4f.oem4f (.data:ti_sysbios_knl_Task_Object__table__V)
                  20002728    00000048     board_key.obj (.data:$O1$$)
                  20002770    00000048     multi_role_app_pem4f.oem4f (.data:ti_sysbios_family_arm_cc26xx_Timer_Object__table__V)
                  200027b8    00000040     OneLib.a : gattservapp.o (.data)
                  200027f8    00000040     ble_user_config.obj (.data:eccParams_NISTP256)
                  20002838    00000038     multi_role_app_pem4f.oem4f (.data:ti_sysbios_gates_GateMutex_Object__table__V)
                  20002870    00000034     icall_user_config.obj (.data:nvintfFncStruct)
                  200028a4    00000030     multi_role_app_pem4f.oem4f (.data:ti_sysbios_knl_Swi_Module_State_0_readyQ__A)
                  200028d4    00000030     multi_role_app_pem4f.oem4f (.data:ti_sysbios_knl_Swi_Object__table__V)
                  20002904    00000030     multi_role_app_pem4f.oem4f (.data:ti_sysbios_knl_Task_Module_State_0_readyQ__A)
                  20002934    0000002c     ti_radio_config.obj (.data:pOverrides_bleCommon)
                  20002960    00000020     drivers_cc26x2.aem4f : TRNGCC26XX.oem4f (.data:entropyPoolBuffer)
                  20002980    00000020     multi_role_app_pem4f.oem4f (.data:ti_sysbios_knl_Clock_Object__table__V)
                  200029a0    00000020     multi_role_app_pem4f.oem4f (.data:xdc_runtime_Error_IgnoreBlock)
                  200029c0    00000018     multi_role_app_pem4f.oem4f (.data:ti_sysbios_family_arm_m3_Hwi_Object__table__V)
                  200029d8    00000011     simple_gatt_profile.obj (.data:simpleProfileChar1UserDesp$9)
                  200029e9    00000011     simple_gatt_profile.obj (.data:simpleProfileChar2UserDesp$9)
                  200029fa    00000011     simple_gatt_profile.obj (.data:simpleProfileChar3UserDesp$9)
                  20002a0b    00000011     simple_gatt_profile.obj (.data:simpleProfileChar4UserDesp$9)
                  20002a1c    00000011     simple_gatt_profile.obj (.data:simpleProfileChar5UserDesp$9)
                  20002a2d    00000001     OneLib.a : gapgattserver.o (.data)
                  20002a2e    00000002              : ll_config.o (.data)
                  20002a30    00000010              : gattservapp.o (.data)
                  20002a40    00000010              : ll.o (.data)
                  20002a50    00000010              : ll_data.o (.data)
                  20002a60    00000010     StackWrapper.a : osal.o (.data)
                  20002a70    00000010     icall_user_config.obj (.data:bleAppServiceInfoTable)
                  20002a80    00000010     icall_api_lite.obj (.data)
                  20002a90    00000010     ti_radio_config.obj (.data:pOverrides_ble2Mbps)
                  20002aa0    00000010     ti_radio_config.obj (.data:pOverrides_bleCoded)
                  20002ab0    00000010     main.obj (.data:user0Cfg)
                  20002ac0    0000000c     rtsv7M4_T_le_v4SPD16_eabi.lib : exit.c.obj (.data:$O1$$)
                  20002acc    0000000c     ti_radio_config.obj (.data:pOverrides_ble1Mbps)
                  20002ad8    0000000c     multi_role_app_pem4f.oem4f (.data:ti_sysbios_heaps_HeapCallback_Object__table__V)
                  20002ae4    00000009     devinfoservice.obj (.data)
                  20002aed    00000001     OneLib.a : gapgattserver.o (.data)
                  20002aee    00000002     StackWrapper.a : osal_cbtimer.o (.data)
                  20002af0    00000008     icall_cc2650.obj (.data:$O15$$)
                  20002af8    00000008     ble_user_config.obj (.data:$O16$$)
                  20002b00    00000008     rtsv7M4_T_le_v4SPD16_eabi.lib : _lock.c.obj (.data:$O20$$)
                  20002b08    00000008     OneLib.a : gapgattserver.o (.data)
                  20002b10    00000008     drivers_cc26x2.aem4f : PINCC26XX.oem4f (.data)
                  20002b18    00000008                          : TRNGCC26XX.oem4f (.data:jobList)
                  20002b20    00000008     multi_role_app_pem4f.oem4f (.data:ti_sysbios_family_arm_m3_Hwi_Module__root__V)
                  20002b28    00000008     multi_role_app_pem4f.oem4f (.data:ti_sysbios_gates_GateHwi_Module__root__V)
                  20002b30    00000008     multi_role_app_pem4f.oem4f (.data:ti_sysbios_gates_GateMutexPri_Module__root__V)
                  20002b38    00000008     multi_role_app_pem4f.oem4f (.data:ti_sysbios_gates_GateMutex_Module__root__V)
                  20002b40    00000008     multi_role_app_pem4f.oem4f (.data:ti_sysbios_hal_Hwi_Module__root__V)
                  20002b48    00000008     multi_role_app_pem4f.oem4f (.data:ti_sysbios_heaps_HeapCallback_Module__root__V)
                  20002b50    00000008     multi_role_app_pem4f.oem4f (.data:ti_sysbios_heaps_HeapMem_Module__root__V)
                  20002b58    00000008     multi_role_app_pem4f.oem4f (.data:ti_sysbios_knl_Clock_Module__root__V)
                  20002b60    00000008     multi_role_app_pem4f.oem4f (.data:ti_sysbios_knl_Event_Module__root__V)
                  20002b68    00000008     multi_role_app_pem4f.oem4f (.data:ti_sysbios_knl_Mailbox_Module__root__V)
                  20002b70    00000008     multi_role_app_pem4f.oem4f (.data:ti_sysbios_knl_Queue_Module__root__V)
                  20002b78    00000008     multi_role_app_pem4f.oem4f (.data:ti_sysbios_knl_Semaphore_Module__root__V)
                  20002b80    00000008     multi_role_app_pem4f.oem4f (.data:ti_sysbios_knl_Swi_Module__root__V)
                  20002b88    00000008     multi_role_app_pem4f.oem4f (.data:ti_sysbios_knl_Task_Module__root__V)
                  20002b90    00000005     simple_gatt_profile.obj (.data)
                  20002b95    00000002     drivers_cc26x2.aem4f : CryptoResourceCC26XX.oem4f (.data)
                  20002b97    00000001     OneLib.a : gapgattserver.o (.data)
                  20002b98    00000004              : ll_master_end_causes.o (.data)
                  20002b9c    00000004              : ll_slave_end_causes.o (.data)
                  20002ba0    00000004     StackWrapper.a : hal_assert.o (.data)
                  20002ba4    00000004     ble_user_config_stack.obj (.data)
                  20002ba8    00000004     rtsv7M4_T_le_v4SPD16_eabi.lib : errno.c.obj (.data)
                  20002bac    00000004                                   : stkdepth_vars.c.obj (.data)
                  20002bb0    00000004     multi_role_app_pem4f.oem4f (.data:ti_sysbios_family_arm_m3_Hwi_Module_State_0_excContext__A)
                  20002bb4    00000004     multi_role_app_pem4f.oem4f (.data:ti_sysbios_family_arm_m3_Hwi_Module_State_0_excStack__A)
                  20002bb8    00000004     multi_role_app_pem4f.oem4f (.data:ti_sysbios_knl_Task_Module_State_0_idleTask__A)
                  20002bbc    00000002     drivers_cc26x2.aem4f : PKAResourceCC26XX.oem4f (.data)
                  20002bbe    00000002                          : TRNGCC26XX.oem4f (.data)
                  20002bc0    00000002     multi_role_app_pem4f.oem4f (.data:ti_sysbios_family_arm_m3_Hwi_Module_State_0_excActive__A)
                  20002bc2    00000001     OneLib.a : gapgattserver.o (.data)
                  20002bc3    00000001              : gapgattserver.o (.data)
                  20002bc4    00000001              : gapgattserver.o (.data)
                  20002bc5    00000001              : gattservapp.o (.data)
                  20002bc6    00000001              : gattservapp.o (.data)
                  20002bc7    00000001              : ll_data.o (.data)
                  20002bc8    00000001              : ll_scheduler.o (.data)
                  20002bc9    00000001     StackWrapper.a : gap.o (.data)
                  20002bca    00000001                    : gap.o (.data)
                  20002bcb    00000001                    : hal_assert.o (.data)
                  20002bcc    00000001     multi_role.obj (.data:argRpaRead)
                  20002bcd    00000001     drivers_cc26x2.aem4f : AESCCMCC26XX.oem4f (.data)
                  20002bce    00000001                          : AESCTRCC26XX.oem4f (.data)
                  20002bcf    00000001                          : AESCTRDRBGXX.oem4f (.data)
                  20002bd0    00000001                          : AESECBCC26XX.oem4f (.data)
                  20002bd1    00000001                          : ECDHCC26X2.oem4f (.data)
                  20002bd2    00000001                          : NVS.oem4f (.data)
                  20002bd3    00000001                          : UART.oem4f (.data)
                  20002bd4    00000001     multi_role.obj (.data:periodicUpdateData)
                  20002bd5    00000001     rf_multiMode_cc26x2.aem4f : rf_patch_cpe_bt5.c.cc26x2.ccs.o (.data)

.bss       0    20002bd8    000010ca     UNINITIALIZED
                  20002bd8    000004b8     rf_multiMode_cc26x2.aem4f : RFCC26X2_multiMode.c.cc26x2.ccs.o (.bss:$O1$$)
                  20003090    00000300     multi_role_app_pem4f.oem4f (.bss:taskStackSection)
                  20003390    00000130     (.common:uartCC26XXObjects)
                  200034c0    00000120     rtsv7M4_T_le_v4SPD16_eabi.lib : trgmsg.c.obj (.bss:_CIOBUF_)
                  200035e0    000000d8     (.common:ti_sysbios_family_arm_m3_Hwi_dispatchTable)
                  200036b8    0000007c     (.common:pinHandleTable)
                  20003734    00000078     StackWrapper.a : osal_cbtimer.o (.bss)
                  200037ac    00000070     util.obj (.bss:$O5$$)
                  2000381c    00000058     (.common:aesctrdrbgXXObjects)
                  20003874    0000004c     (.common:trngCC26XXObjects)
                  200038c0    00000034     StackWrapper.a : osal_snv_wrapper.o (.bss)
                  200038f4    00000034     drivers_cc26x2.aem4f : PINCC26XX.oem4f (.bss:pinSwi)
                  20003928    00000020     OneLib.a : gattservapp.o (.bss)
                  20003948    00000020     StackWrapper.a : gapbondmgr.o (.bss)
                  20003968    00000020                    : gapbondmgr.o (.bss)
                  20003988    00000020     drivers_cc26x2.aem4f : PINCC26XX.oem4f (.bss:pinGpioConfigTable)
                  200039a8    00000020     ti_drivers_config.obj (.bss:uartCC26XXRingBuffer0)
                  200039c8    00000020     (.common:ecdhCC26X2Objects)
                  200039e8    0000001c     driverlib.lib : osc.obj (.bss:$O18$$)
                  20003a04    0000001c     drivers_cc26x2.aem4f : TRNGCC26XX.oem4f (.bss:TRNGCC26XX_hwi)
                  20003a20    0000001c                          : TRNGCC26XX.oem4f (.bss:entropyPool)
                  20003a3c    0000001c                          : PINCC26XX.oem4f (.bss:pinHwi)
                  20003a58    0000001c                          : PINCC26XX.oem4f (.bss:pinSemaphore)
                  20003a74    0000001c     (.common:CryptoResourceCC26XX_accessSemaphore)
                  20003a90    0000001c     (.common:CryptoResourceCC26XX_hwi)
                  20003aac    0000001c     (.common:CryptoResourceCC26XX_operationSemaphore)
                  20003ac8    0000001c     (.common:PKAResourceCC26XX_accessSemaphore)
                  20003ae4    0000001c     (.common:PKAResourceCC26XX_hwi)
                  20003b00    0000001c     (.common:PKAResourceCC26XX_operationSemaphore)
                  20003b1c    00000018     OneLib.a : gapgattserver.o (.bss)
                  20003b34    00000018              : ll_common.o (.bss)
                  20003b4c    00000018     (.common:aesccmCC26XXObjects)
                  20003b64    00000018     (.common:aesctrCC26XXObjects)
                  20003b7c    00000018     (.common:aesecbCC26XXObjects)
                  20003b94    00000014              : ll.o (.bss)
                  20003ba8    00000014     rf_multiMode_cc26x2.aem4f : RFCC26X2_multiMode.c.cc26x2.ccs.o (.bss:RF_ratSyncCmd)
                  20003bbc    00000014     drivers_cc26x2.aem4f : Random.oem4f (.bss:state)
                  20003bd0    0000000c     OneLib.a : ll.o (.bss)
                  20003bdc    0000000c              : ll_scheduler.o (.bss)
                  20003be8    0000000c     drivers_cc26x2.aem4f : NVSCC26XX.oem4f (.bss)
                  20003bf4    00000008     OneLib.a : ll.o (.bss)
                  20003bfc    00000008     (.common:parmbuf)
                  20003c04    00000004              : gapgattserver.o (.bss)
                  20003c08    00000004              : gattservapp.o (.bss)
                  20003c0c    00000004              : ll.o (.bss)
                  20003c10    00000004              : ll.o (.bss)
                  20003c14    00000004              : ll.o (.bss)
                  20003c18    00000004              : ll.o (.bss)
                  20003c1c    00000004              : ll.o (.bss)
                  20003c20    00000004              : ll.o (.bss)
                  20003c24    00000004              : ll_ae.o (.bss)
                  20003c28    00000004              : ll_common.o (.bss)
                  20003c2c    00000004              : ll_enc.o (.bss)
                  20003c30    00000004              : ll_privacy.o (.bss)
                  20003c34    00000004     StackWrapper.a : gapbondmgr.o (.bss)
                  20003c38    00000004                    : gapbondmgr.o (.bss)
                  20003c3c    00000004                    : osal.o (.bss)
                  20003c40    00000004                    : osal.o (.bss)
                  20003c44    00000004                    : osal.o (.bss)
                  20003c48    00000004                    : osal.o (.bss)
                  20003c4c    00000004                    : osal.o (.bss)
                  20003c50    00000004                    : osal.o (.bss)
                  20003c54    00000004                    : osal_bufmgr.o (.bss)
                  20003c58    00000004                    : osal_clock.o (.bss)
                  20003c5c    00000004                    : osal_clock.o (.bss)
                  20003c60    00000004                    : osal_timers.o (.bss)
                  20003c64    00000004                    : osal_timers.o (.bss)
                  20003c68    00000004                    : osal_timers.o (.bss)
                  20003c6c    00000004     drivers_cc26x2.aem4f : ECDHCC26X2.oem4f (.bss)
                  20003c70    00000004                          : PINCC26XX.oem4f (.bss)
                  20003c74    00000004     (.common:PowerCC26XX_swiKey)
                  20003c78    00000004     (.common:PowerCC26XX_taskKey)
                  20003c7c    00000004     (.common:nvsCC26XXObjects)
                  20003c80    00000004     (.common:tasksEvents)
                  20003c84    00000002     OneLib.a : gapgattserver.o (.bss)
                  20003c86    00000002              : ll.o (.bss)
                  20003c88    00000002              : ll_slave_end_causes.o (.bss)
                  20003c8a    00000002     StackWrapper.a : osal_pwrmgr.o (.bss)
                  20003c8c    00000001     OneLib.a : gapgattserver.o (.bss)
                  20003c8d    00000001              : gattservapp.o (.bss)
                  20003c8e    00000001              : hci_tl.o (.bss)
                  20003c8f    00000001              : hci_tl.o (.bss)
                  20003c90    00000001              : hci_tl.o (.bss)
                  20003c91    00000001              : hci_tl.o (.bss)
                  20003c92    00000001              : hci_tl.o (.bss)
                  20003c93    00000001              : hci_tl.o (.bss)
                  20003c94    00000001              : ll.o (.bss)
                  20003c95    00000001              : ll.o (.bss)
                  20003c96    00000001              : ll_ae.o (.bss)
                  20003c97    00000001              : ll_config.o (.bss)
                  20003c98    00000001              : ll_config.o (.bss)
                  20003c99    00000001              : ll_enc.o (.bss)
                  20003c9a    00000001     StackWrapper.a : ble_dispatch_lite.o (.bss)
                  20003c9b    00000001                    : gapbondmgr.o (.bss)
                  20003c9c    00000001                    : gapbondmgr.o (.bss)
                  20003c9d    00000001                    : hal_assert.o (.bss)
                  20003c9e    00000001                    : osal.o (.bss)
                  20003c9f    00000001                    : osal_pwrmgr.o (.bss)
                  20003ca0    00000001     rf_multiMode_cc26x2.aem4f : RFCC26X2_multiMode.c.cc26x2.ccs.o (.bss)
                  20003ca1    00000001     (.common:driverlib_release_0_56804)

.vtable    0    20003ca2    00000000     UNINITIALIZED

.vtable_ram 
*          0    20003ca2    00000000     UNINITIALIZED

vtable_ram 
*          0    20003ca2    00000000     UNINITIALIZED

.sysmem    0    20003ca2    00000000     UNINITIALIZED

.nonretenvar 
*          0    20003ca2    00000000     UNINITIALIZED

.stack     0    20013c00    00000400     UNINITIALIZED
                  20013c00    00000400     --HOLE--

.bootVecs 
*          0    00000000    00000008     DSECT
                  00000000    00000008     boot.aem4f : boot.oem4f (.bootVecs)

.resetVecs 
*          0    00000000    0000003c     
                  00000000    0000003c     multi_role_app_pem4f.oem4f (.resetVecs)

.vecs      0    20000000    000000d8     NOLOAD SECTION
                  20000000    000000d8     multi_role_app_pem4f.oem4f (.vecs)

xdc.meta   0    00000000    0000010c     COPY SECTION
                  00000000    0000010c     multi_role_app_pem4f.oem4f (xdc.meta)

xdc.noload 
*          0    00000000    00000000     COPY SECTION

.TI.bound:flashBuf0 
*          0    00048000    00004000     UNINITIALIZED
                  00048000    00004000     ti_drivers_config.obj (.TI.bound:flashBuf0)

.text      0    00000040    0001b580     
                  00000040    00000a56     rtsv7M4_T_le_v4SPD16_eabi.lib : _printfi.c.obj (.text:__TI_printfi)
                  00000a96    00000002     ble_user_config.obj (.text:DefaultAssertCback)
                  00000a98    000009b4     StackWrapper.a : gapbondmgr.o (.text)
                  0000144c    0000079c     multi_role.obj (.text:multi_role_processAppMsg$1)
                  00001be8    00000758     StackWrapper.a : gapbondmgr.o (.text)
                  00002340    000006bc     OneLib.a : ll_adv_end_causes.o (.text)
                  000029fc    000005d0              : ll_scheduler.o (.text)
                  00002fcc    00000540     multi_role.obj (.text:multi_role_taskFxn$1)
                  0000350c    000004e0     OneLib.a : ll_slave_end_causes.o (.text)
                  000039ec    000004a4     rf_multiMode_cc26x2.aem4f : RFCC26X2_multiMode.c.cc26x2.ccs.o (.text:RF_fsmActiveState)
                  00003e90    00000472     nvocmp.obj (.text:NVOCMP_initNv$5)
                  00004302    00000002     rom_init.obj (.text:MAP_llDmmDynamicFree)
                  00004304    00000464     OneLib.a : ll.o (.text)
                  00004768    00000464              : ll_isr.o (.text)
                  00004bcc    0000044c              : ll_ae.o (.text)
                  00005018    0000042c     multi_role.obj (.text:multi_role_processGapMsg$1)
                  00005444    000003c4     OneLib.a : ble.o (.text)
                  00005808    000003a0              : ll_ae.o (.text)
                  00005ba8    0000038c              : ll_slave_end_causes.o (.text)
                  00005f34    00000350              : ll_isr.o (.text)
                  00006284    00000320              : ble.o (.text)
                  000065a4    00000308              : ll.o (.text)
                  000068ac    000002f4              : ll_ae.o (.text)
                  00006ba0    000002c8              : ll_isr.o (.text)
                  00006e68    0000029c     nvocmp.obj (.text:NVOCMP_compactPage$5)
                  00007104    0000029c     OneLib.a : ll_master_end_causes.o (.text)
                  000073a0    00000278     nvocmp.obj (.text:NVOCMP_compact$5)
                  00007618    00000268     rtsv7M4_T_le_v4SPD16_eabi.lib : _printfi.c.obj (.text:_pconv_a$33)
                  00007880    00000260     StackWrapper.a : gapbondmgr.o (.text)
                  00007ae0    00000254     nvocmp.obj (.text:NVOCMP_addItem$5)
                  00007d34    00000254     OneLib.a : ll_data.o (.text)
                  00007f88    00000240              : ll_ae.o (.text)
                  000081c8    0000023c              : ll_common.o (.text)
                  00008404    00000230     StackWrapper.a : gapbondmgr.o (.text)
                  00008634    0000022a     main.obj (.text:AssertHandler)
                  0000885e    00000002     rom_init.obj (.text:MAP_llDmmSetThreshold)
                  00008860    00000214     OneLib.a : ll_ae.o (.text)
                  00008a74    00000210     rf_multiMode_cc26x2.aem4f : RFCC26X2_multiMode.c.cc26x2.ccs.o (.text:RF_scheduleCmd)
                  00008c84    00000208     OneLib.a : ll_ae.o (.text)
                  00008e8c    00000204              : gattservapp.o (.text)
                  00009090    00000204              : ll_isr.o (.text)
                  00009294    00000204              : ll_master_end_causes.o (.text)
                  00009498    00000200     rf_multiMode_cc26x2.aem4f : RFCC26X2_multiMode.c.cc26x2.ccs.o (.text:RF_open)
                  00009698    000001fc     OneLib.a : ll_scheduler.o (.text)
                  00009894    000001ec              : ll_isr.o (.text)
                  00009a80    000001e0     osal_icall_ble.obj (.text:stack_main)
                  00009c60    000001dc     StackWrapper.a : osal.o (.text)
                  00009e3c    000001d8     OneLib.a : ll_isr.o (.text)
                  0000a014    000001d0     drivers_cc26x2.aem4f : ECDHCC26X2.oem4f (.text:ECDHCC26X2_runFSM)
                  0000a1e4    000001d0     rtsv7M4_T_le_v4SPD16_eabi.lib : _printfi.c.obj (.text:_pconv_g$33)
                  0000a3b4    000001c4     OneLib.a : ll.o (.text)
                  0000a578    000001c4     drivers_cc26x2.aem4f : PINCC26XX.oem4f (.text:PIN_init)
                  0000a73c    000001bc     UartLog.obj (.text:uartLog_flush)
                  0000a8f8    000001b6     rtsv7M4_T_le_v4SPD16_eabi.lib : fd_add_t2.asm.obj (.text)
                  0000aaae    00000002     rom_init.obj (.text:MAP_llGetCteInfo)
                  0000aab0    00000198     drivers_cc26x2.aem4f : PowerCC26X2.oem4f (.text:Power_sleep)
                  0000ac48    00000198     rf_multiMode_cc26x2.aem4f : RFCC26X2_multiMode.c.cc26x2.ccs.o (.text:RF_dispatchNextCmd)
                  0000ade0    00000194     drivers_cc26x2.aem4f : PowerCC26X2.oem4f (.text:Power_init)
                  0000af74    00000190                          : PowerCC26X2_calibrateRCOSC.oem4f (.text:calibrateRcoscHf1)
                  0000b104    00000190     icall.obj (.text:icall_directAPI)
                  0000b294    0000018c     drivers_cc26x2.aem4f : PowerCC26X2_calibrateRCOSC.oem4f (.text:runCalibrateFsm)
                  0000b420    00000180     OneLib.a : ll_isr.o (.text)
                  0000b5a0    0000017c              : sm_intpairing.o (.text)
                  0000b71c    00000174              : gattservapp.o (.text)
                  0000b890    0000016c              : ll.o (.text)
                  0000b9fc    00000164     drivers_cc26x2.aem4f : UARTCC26XX.oem4f (.text:UARTCC26XX_open)
                  0000bb60    00000162     StackWrapper.a : osal.o (.text)
                  0000bcc2    00000002     rf_multiMode_cc26x2.aem4f : rfc.c.cc26x2.ccs.o (.text:NOROM_RFCCpePatchReset)
                  0000bcc4    00000154     driverlib.lib : sys_ctrl.obj (.text:NOROM_SysCtrlStandby)
                  0000be18    00000154     nvocmp.obj (.text:NVOCMP_migratePage$5)
                  0000bf6c    00000154     drivers_cc26x2.aem4f : UARTCC26XX.oem4f (.text:UARTCC26XX_hwiIntFxn)
                  0000c0c0    00000150     OneLib.a : ll_isr.o (.text)
                  0000c210    0000014c              : ll_common.o (.text)
                  0000c35c    0000014c              : ll_isr.o (.text)
                  0000c4a8    0000014c              : ll_isr.o (.text)
                  0000c5f4    00000148     rf_multiMode_cc26x2.aem4f : RFCC26X2_multiMode.c.cc26x2.ccs.o (.text:RF_fsmSetupState)
                  0000c73c    00000144     StackWrapper.a : gap.o (.text)
                  0000c880    00000140     OneLib.a : gattservapp.o (.text)
                  0000c9c0    0000013c     rf_multiMode_cc26x2.aem4f : RFCC26X2_multiMode.c.cc26x2.ccs.o (.text:RF_ratSetupChannel)
                  0000cafc    0000013c     rtsv7M4_T_le_v4SPD16_eabi.lib : _printfi.c.obj (.text:_pconv_e$33)
                  0000cc38    0000013a     drivers_cc26x2.aem4f : UARTCC26XX.oem4f (.text:UARTCC26XX_read)
                  0000cd72    00000002     rf_multiMode_cc26x2.aem4f : RFCC26X2_multiMode.c.cc26x2.ccs.o (.text:RF_defaultCallback)
                  0000cd74    00000138     nvocmp.obj (.text:NVOCMP_findItem$5)
                  0000ceac    00000138     drivers_cc26x2.aem4f : NVSCC26XX.oem4f (.text:NVSCC26XX_write)
                  0000cfe4    00000138     rtsv7M4_T_le_v4SPD16_eabi.lib : strtol.c.obj (.text:strtol)
                  0000d11c    00000136                                   : fd_div_t2.asm.obj (.text)
                  0000d252    00000002     StackWrapper.a : common_rom_init.o (.text)
                  0000d254    00000134     rf_multiMode_cc26x2.aem4f : RFCC26X2_multiMode.c.cc26x2.ccs.o (.text:RF_abortCmd)
                  0000d388    00000130     drivers_cc26x2.aem4f : AESCCMCC26XX.oem4f (.text:AESCCM_startOperation)
                  0000d4b8    0000012c     OneLib.a : gap_advertiser.o (.text)
                  0000d5e4    00000124              : ll_scheduler.o (.text)
                  0000d708    00000124     rtsv7M4_T_le_v4SPD16_eabi.lib : _printfi.c.obj (.text:fcvt$33)
                  0000d82c    00000120     OneLib.a : ll_common.o (.text)
                  0000d94c    00000120              : ll_data.o (.text)
                  0000da6c    00000120     drivers_cc26x2.aem4f : PowerCC26X2.oem4f (.text:configureXOSCHF)
                  0000db8c    0000011c     rf_multiMode_cc26x2.aem4f : RFCC26X2_multiMode.c.cc26x2.ccs.o (.text:RF_radioOpDoneCb)
                  0000dca8    00000114     OneLib.a : ll_common.o (.text)
                  0000ddbc    00000112     rf_multiMode_cc26x2.aem4f : RFCC26X2_multiMode.c.cc26x2.ccs.o (.text:RF_decodeOverridePointers)
                  0000dece    00000002     StackWrapper.a : hal_assert.o (.text)
                  0000ded0    00000110     OneLib.a : ll_isr.o (.text)
                  0000dfe0    00000110     rf_multiMode_cc26x2.aem4f : RFCC26X2_multiMode.c.cc26x2.ccs.o (.text:RF_initRadioSetup)
                  0000e0f0    00000110     rtsv7M4_T_le_v4SPD16_eabi.lib : s_scalbn.c.obj (.text:scalbn)
                  0000e200    0000010c     OneLib.a : gatt_client.o (.text)
                  0000e30c    0000010c     rtsv7M4_T_le_v4SPD16_eabi.lib : fputs.c.obj (.text:fputs)
                  0000e418    00000108     OneLib.a : gap_task.o (.text)
                  0000e520    00000106     multi_role_app_pem4f.oem4f (.text:xdc_runtime_System_printfExtend__I)
                  0000e626    00000002     StackWrapper.a : hal_assert.o (.text)
                  0000e628    00000104     drivers_cc26x2.aem4f : AESECBCC26XX.oem4f (.text:AESECB_startOperation)
                  0000e72c    00000104     rf_multiMode_cc26x2.aem4f : RFCC26X2_multiMode.c.cc26x2.ccs.o (.text:RF_hwiCpe0Active)
                  0000e830    00000100     OneLib.a : ll_isr.o (.text)
                  0000e930    00000100     multi_role.obj (.text:multi_role_processGATTDiscEvent$1)
                  0000ea30    000000fc     rtsv7M4_T_le_v4SPD16_eabi.lib : fd_mul_t2.asm.obj (.text)
                  0000eb2c    000000f8     OneLib.a : sm_rsppairing.o (.text)
                  0000ec24    000000f8     drivers_cc26x2.aem4f : PINCC26XX.oem4f (.text:PINCC26XX_setIoCfg)
                  0000ed1c    000000f4                          : AESCTRCC26XX.oem4f (.text:AESCTR_startOperation)
                  0000ee10    000000f4                          : ECDHCC26X2.oem4f (.text:ECDH_computeSharedSecret)
                  0000ef04    000000f0     OneLib.a : ll_common.o (.text)
                  0000eff4    000000f0              : ll_scheduler.o (.text)
                  0000f0e4    000000f0     rf_multiMode_cc26x2.aem4f : RFCC26X2_multiMode.c.cc26x2.ccs.o (.text:RF_fsmPowerUpState)
                  0000f1d4    000000ec     nvocmp.obj (.text:NVOCMP_cleanPage$5)
                  0000f2c0    000000ec     OneLib.a : ll_isr.o (.text)
                  0000f3ac    000000e8     UartLog.obj (.text:UartLog_log)
                  0000f494    000000e4     OneLib.a : gapgattserver.o (.text)
                  0000f578    000000e4              : ll_ae.o (.text)
                  0000f65c    000000e4     main.obj (.text:main)
                  0000f740    000000e0     StackWrapper.a : osal_timers.o (.text)
                  0000f820    000000e0     drivers_cc26x2.aem4f : UARTCC26XX.oem4f (.text:UARTCC26XX_write)
                  0000f900    000000d8     driverlib.lib : setup.obj (.text:NOROM_SetupTrimDevice)
                  0000f9d8    000000d8     rf_multiMode_cc26x2.aem4f : RFCC26X2_multiMode.c.cc26x2.ccs.o (.text:RF_control)
                  0000fab0    000000d8     driverlib.lib : setup.obj (.text:TrimAfterColdResetWakeupFromShutDown$27)
                  0000fb88    000000d4     rf_multiMode_cc26x2.aem4f : RFCC26X2_multiMode.c.cc26x2.ccs.o (.text:RF_pendCmd)
                  0000fc5c    000000d4     rtsv7M4_T_le_v4SPD16_eabi.lib : setvbuf.c.obj (.text:setvbuf)
                  0000fd30    000000d2     rf_multiMode_cc26x2.aem4f : RFCC26X2_multiMode.c.cc26x2.ccs.o (.text:RF_updatePaConfiguration)
                  0000fe02    00000002     StackWrapper.a : onboard.o (.text)
                  0000fe04    000000d0     rf_multiMode_cc26x2.aem4f : RFCC26X2_multiMode.c.cc26x2.ccs.o (.text:RF_swiHw)
                  0000fed4    000000cc     OneLib.a : hci_event.o (.text)
                  0000ffa0    000000cc     StackWrapper.a : osal.o (.text)
                  0001006c    000000c8     OneLib.a : gap_scanner.o (.text)
                  00010134    000000c8              : gapgattserver.o (.text)
                  000101fc    000000c8              : ll_scheduler.o (.text)
                  000102c4    000000c8     drivers_cc26x2.aem4f : PowerCC26X2.oem4f (.text:Power_releaseDependency)
                  0001038c    000000c4                          : PowerCC26X2.oem4f (.text:Power_setDependency)
                  00010450    000000c0     nvocmp.obj (.text:NVOCMP_erase$5)
                  00010510    000000c0     OneLib.a : ll.o (.text)
                  000105d0    000000c0     simple_gatt_profile.obj (.text:SimpleProfile_SetParameter)
                  00010690    000000c0     drivers_cc26x2.aem4f : UARTCC26XX.oem4f (.text:UARTCC26XX_initIO)
                  00010750    000000bc                          : AESCTRDRBGXX.oem4f (.text:AESCTRDRBG_getBytes)
                  0001080c    000000bc     OneLib.a : ll_ecc.o (.text)
                  000108c8    000000bc     rtsv7M4_T_le_v4SPD16_eabi.lib : fclose.c.obj (.text:__TI_closefile)
                  00010984    000000b8     OneLib.a : gap_advertiser.o (.text)
                  00010a3c    000000b8              : ll.o (.text)
                  00010af4    000000b8              : ll_scheduler.o (.text)
                  00010bac    000000b8              : ll_scheduler.o (.text)
                  00010c64    000000b8              : ll_slave_end_causes.o (.text)
                  00010d1c    000000b8     StackWrapper.a : gapbondmgr.o (.text)
                  00010dd4    000000b8     drivers_cc26x2.aem4f : UARTCC26XX.oem4f (.text:UARTCC26XX_initHw)
                  00010e8c    000000b4                          : ECDHCC26X2.oem4f (.text:ECDH_generatePublicKey)
                  00010f40    000000b4     OneLib.a : ll_ae.o (.text)
                  00010ff4    000000b4     dpl_cc26x2.aem4f : PowerCC26X2_tirtos.oem4f (.text:PowerCC26XX_standbyPolicy)
                  000110a8    000000b4     drivers_cc26x2.aem4f : TRNGCC26XX.oem4f (.text:TRNG_generateEntropy)
                  0001115c    000000b1     rtsv7M4_T_le_v4SPD16_eabi.lib : _printfi.c.obj (.text:_ltostr$33)
                  0001120d    00000001     --HOLE-- [fill = 0]
                  0001120e    00000002                                   : _lock.c.obj (.text:_nop)
                  00011210    000000b0     drivers_cc26x2.aem4f : AESCTRDRBGXX.oem4f (.text:AESCTRDRBG_construct)
                  000112c0    000000b0     OneLib.a : ll.o (.text)
                  00011370    000000b0     devinfoservice.obj (.text:devInfo_ReadAttrCB$6)
                  00011420    000000ac     drivers_cc26x2.aem4f : ECDHCC26X2.oem4f (.text:ECDHCC26X2_hwiFxn)
                  000114cc    000000ac                          : PINCC26XX.oem4f (.text:PIN_open)
                  00011578    000000a8     nvocmp.obj (.text:NVOCMP_initNvApi$5)
                  00011620    000000a8     OneLib.a : hci_data.o (.text)
                  000116c8    000000a8     StackWrapper.a : gapbondmgr.o (.text)
                  00011770    000000a6     drivers_cc26x2.aem4f : AESCTRDRBGXX.oem4f (.text:AESCTRDRBG_reseed)
                  00011816    00000002                          : PowerCC26X2.oem4f (.text:emptyClockFunc)
                  00011818    000000a4     rf_multiMode_cc26x2.aem4f : RFCC26X2_multiMode.c.cc26x2.ccs.o (.text:RF_ratRestartChannels)
                  000118bc    000000a4     StackWrapper.a : osal_cbtimer.o (.text)
                  00011960    000000a0     OneLib.a : gattservapp.o (.text)
                  00011a00    000000a0              : ll_ae.o (.text)
                  00011aa0    000000a0              : ll_common.o (.text)
                  00011b40    000000a0     auto_init.aem4f : auto_init.oem4f (.text)
                  00011be0    000000a0     rom_sysbios.aem4f : rom_sysbios.obj (.text:ti_sysbios_knl_Task_setPri__E)
                  00011c80    0000009c     nvocmp.obj (.text:NVOCMP_readHeader$5)
                  00011d1c    0000009c     OneLib.a : ll_common.o (.text)
                  00011db8    0000009c              : ll_ecc.o (.text)
                  00011e54    0000009c     rtsv7M4_T_le_v4SPD16_eabi.lib : memcpy_t2.asm.obj (.text)
                  00011ef0    00000098     OneLib.a : gattservapp.o (.text)
                  00011f88    00000098              : hci_event.o (.text)
                  00012020    00000098              : ll_enc.o (.text)
                  000120b8    00000098     rf_multiMode_cc26x2.aem4f : RFCC26X2_multiMode.c.cc26x2.ccs.o (.text:RF_calculateDispatchTime)
                  00012150    00000098     drivers_cc26x2.aem4f : UARTCC26XX.oem4f (.text:writeTxFifoFlush)
                  000121e8    00000096     rtsv7M4_T_le_v4SPD16_eabi.lib : ull_div_t2.asm.obj (.text)
                  0001227e    00000002     drivers_cc26x2.aem4f : CryptoResourceCC26XX.oem4f (.text:errorSpin)
                  00012280    00000094     icall.obj (.text:ICall_setTimer)
                  00012314    00000094     nvocmp.obj (.text:NVOCMP_getDstPage$5)
                  000123a8    00000094     OneLib.a : gatt_server.o (.text)
                  0001243c    00000094              : ll.o (.text)
                  000124d0    00000094              : ll_scheduler.o (.text)
                  00012564    00000094     rf_multiMode_cc26x2.aem4f : RFCC26X2_multiMode.c.cc26x2.ccs.o (.text:RF_getInfo)
                  000125f8    00000094     drivers_cc26x2.aem4f : TRNGCC26XX.oem4f (.text:TRNGCC26XX_hwiFxn)
                  0001268c    00000092                          : UARTCC26XX.oem4f (.text:UARTCC26XX_writeCancel)
                  0001271e    00000002                          : PKAResourceCC26XX.oem4f (.text:errorSpin)
                  00012720    00000090     CC26X2R1_LAUNCHXL_fxns.obj (.text:CC26X2R1_LAUNCHXL_shutDownExtFlash)
                  000127b0    00000090     OneLib.a : ll.o (.text)
                  00012840    00000090              : ll_ae.o (.text)
                  000128d0    00000090              : ll_common.o (.text)
                  00012960    00000090     rf_multiMode_cc26x2.aem4f : RFCC26X2_multiMode.c.cc26x2.ccs.o (.text:RF_discardPendCmd)
                  000129f0    00000090     osal_icall_ble.obj (.text:osalInitTasks)
                  00012a80    00000090     simple_gatt_profile.obj (.text:simpleProfile_WriteAttrCB$9)
                  00012b10    0000008e     drivers_cc26x2.aem4f : CryptoUtils.oem4f (.text:CryptoUtils_reverseCopyPad)
                  00012b9e    00000002     icall_api_lite.obj (.text:rfErrCb)
                  00012ba0    0000008c     icall.obj (.text:ICall_heapMalloc)
                  00012c2c    0000008c     rtsv7M4_T_le_v4SPD16_eabi.lib : fputc.c.obj (.text:fputc)
                  00012cb8    0000008c     rom_sysbios.aem4f : rom_sysbios.obj (.text:ti_sysbios_gates_GateMutexPri_enter__E)
                  00012d44    0000008a     drivers_cc26x2.aem4f : AESCTRDRBGXX.oem4f (.text:AESCTRDRBGXX_updateState)
                  00012dce    00000002     rtsv7M4_T_le_v4SPD16_eabi.lib : div0.asm.obj (.text)
                  00012dd0    00000088     driverlib.lib : osc.obj (.text:NOROM_OSCHF_AttemptToSwitchToXosc)
                  00012e58    00000088     OneLib.a : hci_event.o (.text)
                  00012ee0    00000088              : ll_common.o (.text)
                  00012f68    00000088     rf_multiMode_cc26x2.aem4f : RFCC26X2_multiMode.c.cc26x2.ccs.o (.text:RF_cmdDispatchTime)
                  00012ff0    00000088     StackWrapper.a : osal_cbtimer.o (.text)
                  00013078    00000088     drivers_cc26x2.aem4f : PowerCC26X2_calibrateRCOSC.oem4f (.text:calibrateRcoscHf2)
                  00013100    00000088                          : PowerCC26X2.oem4f (.text:disableLFClockQualifiers)
                  00013188    00000088     gattservapp_util.obj (.text:gattServApp_SendNotiInd$8)
                  00013210    00000088     drivers_cc26x2.aem4f : PowerCC26X2_calibrateRCOSC.oem4f (.text:updateSubSecInc)
                  00013298    00000086     rtsv7M4_T_le_v4SPD16_eabi.lib : fd_cmp_t2.asm.obj (.text:__aeabi_cdcmple)
                  0001331e    00000086                                   : fd_cmp_t2.asm.obj (.text:__aeabi_cdrcmple)
                  000133a4    00000084     rf_multiMode_cc26x2.aem4f : RFCC26X2_multiMode.c.cc26x2.ccs.o (.text:RF_issueRadioFreeCb)
                  00013428    00000084                               : RFCC26X2_multiMode.c.cc26x2.ccs.o (.text:RF_verifyGap)
                  000134ac    00000084     drivers_cc26x2.aem4f : UARTCC26XX.oem4f (.text:UARTCC26XX_close)
                  00013530    00000084     multi_role.obj (.text:multi_role_processParamUpdate$1)
                  000135b4    00000080     drivers_cc26x2.aem4f : NVSCC26XX.oem4f (.text:NVSCC26XX_open)
                  00013634    00000080     OneLib.a : ll_enc.o (.text)
                  000136b4    00000080              : ll_master_end_causes.o (.text)
                  00013734    00000080     rom_sysbios.aem4f : rom_sysbios.obj (.text:ti_sysbios_family_arm_cc26xx_Timer_start__E)
                  000137b4    0000007e     OneLib.a : gap_task.o (.text)
                  00013832    00000002     multi_role_app_pem4f.oem4f (.text:ti_sysbios_BIOS_nullFunc__I)
                  00013834    0000007c     nvocmp.obj (.text:NVOCMP_readItemApi$5)
                  000138b0    0000007c     OneLib.a : ll_enc.o (.text)
                  0001392c    0000007c              : ll_scheduler.o (.text)
                  000139a8    0000007c     rf_multiMode_cc26x2.aem4f : RFCC26X2_multiMode.c.cc26x2.ccs.o (.text:RF_ratFreeChannel)
                  00013a24    0000007c     StackWrapper.a : gapbondmgr.o (.text)
                  00013aa0    0000007a     OneLib.a : gattservapp.o (.text)
                  00013b1a    0000007a     rtsv7M4_T_le_v4SPD16_eabi.lib : memset_t2.asm.obj (.text)
                  00013b94    00000078     icall.obj (.text:ICall_heapInit)
                  00013c0c    00000078     OneLib.a : ll_common.o (.text)
                  00013c84    00000078     StackWrapper.a : osal_cbtimer.o (.text)
                  00013cfc    00000076                    : gap.o (.text)
                  00013d72    00000002     rom_sysbios.aem4f : rom_sysbios.obj (.text:ti_sysbios_heaps_HeapCallback_defaultDelete)
                  00013d74    00000074     nvocmp.obj (.text:NVOCMP_checkItem$5)
                  00013de8    00000074     nvocmp.obj (.text:NVOCMP_writeItemApi$5)
                  00013e5c    00000074     drivers_cc26x2.aem4f : PowerCC26X2_calibrateRCOSC.oem4f (.text:PowerCC26X2_auxISR)
                  00013ed0    00000074                          : TRNGCC26XX.oem4f (.text:TRNG_construct)
                  00013f44    00000074     multi_role.obj (.text:multi_role_processPairState$1)
                  00013fb8    00000074     rom_sysbios.aem4f : rom_sysbios.obj (.text:ti_sysbios_gates_GateMutexPri_leave__E)
                  0001402c    00000072     rf_multiMode_cc26x2.aem4f : RFCC26X2_multiMode.c.cc26x2.ccs.o (.text:RF_detachOverrides)
                  0001409e    00000002     rom_sysbios.aem4f : rom_sysbios.obj (.text:xdc_runtime_SysCallback_defaultAbort)
                  000140a0    00000070     drivers_cc26x2.aem4f : AESCCMCC26XX.oem4f (.text:AESCCM_cleanup)
                  00014110    00000070     icall.obj (.text:ICall_heapGetStats)
                  00014180    00000070     rf_multiMode_cc26x2.aem4f : rfc.c.cc26x2.ccs.o (.text:NOROM_RFCAnaDivTxOverride)
                  000141f0    00000070     OneLib.a : gatt_server.o (.text)
                  00014260    00000070              : ll_common.o (.text)
                  000142d0    00000070              : ll_enc.o (.text)
                  00014340    00000070     rf_multiMode_cc26x2.aem4f : RFCC26X2_multiMode.c.cc26x2.ccs.o (.text:RF_hwiHw)
                  000143b0    00000070                               : RFCC26X2_multiMode.c.cc26x2.ccs.o (.text:RF_ratDisableChannel)
                  00014420    00000070     drivers_cc26x2.aem4f : Random.oem4f (.text:Random_seedAutomatic)
                  00014490    00000070     StackWrapper.a : osal.o (.text)
                  00014500    00000070     rtsv7M4_T_le_v4SPD16_eabi.lib : fseek.c.obj (.text:fseek)
                  00014570    0000006e     OneLib.a : gatt_server.o (.text)
                  000145de    0000006e     rf_multiMode_cc26x2.aem4f : RFCC26X2_multiMode.c.cc26x2.ccs.o (.text:RF_attachOverrides)
                  0001464c    0000006e                               : RFCC26X2_multiMode.c.cc26x2.ccs.o (.text:RF_howToSchedule)
                  000146ba    0000006e     rtsv7M4_T_le_v4SPD16_eabi.lib : _printfi.c.obj (.text:_mcpy$33)
                  00014728    0000006d     rom_sysbios.aem4f : rom_sysbios.obj (.text:xdc_runtime_System_formatNum__I)
                  00014795    00000001     --HOLE-- [fill = 0]
                  00014796    00000002                       : rom_sysbios.obj (.text:xdc_runtime_SysCallback_defaultExit)
                  00014798    0000006c     OneLib.a : ll_common.o (.text)
                  00014804    0000006c     rf_multiMode_cc26x2.aem4f : RFCC26X2_multiMode.c.cc26x2.ccs.o (.text:RF_getCurrentTime)
                  00014870    0000006c     StackWrapper.a : osal_cbtimer.o (.text)
                  000148dc    00000068     rtsv7M4_T_le_v4SPD16_eabi.lib : hostlseek.c.obj (.text:HOSTlseek)
                  00014944    00000068     icall.obj (.text:ICall_sendServiceComplete)
                  000149ac    00000068     driverlib.lib : osc.obj (.text:NOROM_OSCHF_SwitchToRcOscTurnOffXosc)
                  00014a14    00000068     nvocmp.obj (.text:NVOCMP_findOffset$5)
                  00014a7c    00000068     OneLib.a : gattservapp.o (.text)
                  00014ae4    00000068     StackWrapper.a : osal_timers.o (.text)
                  00014b4c    00000068     util.obj (.text:Util_convertBytes2Str)
                  00014bb4    00000068     rtsv7M4_T_le_v4SPD16_eabi.lib : copy_decompress_lzss.c.obj (.text:decompress:lzss:__TI_decompress_lzss)
                  00014c1c    00000068                                   : getdevice.c.obj (.text:getdevice)
                  00014c84    00000066     OneLib.a : ll_common.o (.text)
                  00014cea    00000002     rom_sysbios.aem4f : rom_sysbios.obj (.text:xdc_runtime_SysCallback_defaultFlush)
                  00014cec    00000064     drivers_cc26x2.aem4f : AESCCMCC26XX.oem4f (.text:AESCCM_waitForResult)
                  00014d50    00000064                          : AESCTRCC26XX.oem4f (.text:AESCTR_waitForResult)
                  00014db4    00000064                          : AESECBCC26XX.oem4f (.text:AESECB_waitForResult)
                  00014e18    00000064     rtsv7M4_T_le_v4SPD16_eabi.lib : hostrename.c.obj (.text:HOSTrename)
                  00014e7c    00000064     nvocmp.obj (.text:NVOCMP_copyItem$5)
                  00014ee0    00000064     nvocmp.obj (.text:NVOCMP_findSignature$5)
                  00014f44    00000064     OneLib.a : gapgattserver.o (.text)
                  00014fa8    00000064              : gattservapp.o (.text)
                  0001500c    00000064     rf_multiMode_cc26x2.aem4f : RFCC26X2_multiMode.c.cc26x2.ccs.o (.text:RF_dispatchNextEvent)
                  00015070    00000064     drivers_cc26x2.aem4f : UARTCC26XX.oem4f (.text:UARTCC26XX_control)
                  000150d4    00000064     rtsv7M4_T_le_v4SPD16_eabi.lib : s_frexp.c.obj (.text:frexp)
                  00015138    00000062     gattservapp_util.obj (.text:GATTServApp_ProcessCCCWriteReq)
                  0001519a    00000062     StackWrapper.a : icall_lite_translation.o (.text)
                  000151fc    00000062     drivers_cc26x2.aem4f : UARTCC26XX.oem4f (.text:UARTCC26XX_swiIntFxn)
                  0001525e    00000062     rtsv7M4_T_le_v4SPD16_eabi.lib : _io_perm.c.obj (.text:__TI_wrt_ok)
                  000152c0    00000060     drivers_cc26x2.aem4f : AESCCMCC26XX.oem4f (.text:AESCCM_hwiFxn)
                  00015320    00000060                          : AESCTRCC26XX.oem4f (.text:AESCTR_hwiFxn)
                  00015380    00000060                          : AESECBCC26XX.oem4f (.text:AESECB_hwiFxn)
                  000153e0    00000060                          : CryptoResourceCC26XX.oem4f (.text:CryptoResourceCC26XX_constructRTOSObjects)
                  00015440    00000060     icall.obj (.text:ICall_createRemoteTasksAtRuntime)
                  000154a0    00000060     icall.obj (.text:ICall_enrollService)
                  00015500    00000060     icall.obj (.text:ICall_send)
                  00015560    00000060     OneLib.a : ll_ae.o (.text)
                  000155c0    00000060              : ll_common.o (.text)
                  00015620    00000060     drivers_cc26x2.aem4f : PKAResourceCC26XX.oem4f (.text:PKAResourceCC26XX_constructRTOSObjects)
                  00015680    00000060     rf_multiMode_cc26x2.aem4f : RFCC26X2_multiMode.c.cc26x2.ccs.o (.text:RF_applyRfCorePatch)
                  000156e0    00000060     StackWrapper.a : gapbondmgr.o (.text)
                  00015740    00000060     drivers_cc26x2.aem4f : TRNGCC26XX.oem4f (.text:TRNGCC26XX_startTrng)
                  000157a0    0000005e     icall.obj (.text:ICall_fetchMsg)
                  000157fe    00000002     rom_sysbios.aem4f : rom_sysbios.obj (.text:xdc_runtime_SysCallback_defaultPutch)
                  00015800    0000005c     rtsv7M4_T_le_v4SPD16_eabi.lib : hostopen.c.obj (.text:HOSTopen)
                  0001585c    0000005c     icall.obj (.text:ICall_pwrUpdActivityCounter)
                  000158b8    0000005c     nvocmp.obj (.text:NVOCMP_readItem$5)
                  00015914    0000005c     OneLib.a : gap_perilinkmgr.o (.text)
                  00015970    0000005c              : ll_scheduler.o (.text)
                  000159cc    0000005c     drivers_cc26x2.aem4f : PINCC26XX.oem4f (.text:PIN_remove)
                  00015a28    0000005c     rf_multiMode_cc26x2.aem4f : RFCC26X2_multiMode.c.cc26x2.ccs.o (.text:RF_syncCb)
                  00015a84    0000005c     drivers_cc26x2.aem4f : NVSCC26XX.oem4f (.text:doErase)
                  00015ae0    0000005c     simple_gatt_profile.obj (.text:simpleProfile_ReadAttrCB$9)
                  00015b3c    0000005c     drivers_cc26x2.aem4f : UARTCC26XX.oem4f (.text:startTxFifoEmptyClk)
                  00015b98    0000005c     multi_role_app_pem4f.oem4f (.text:xdc_runtime_Startup_getState__I)
                  00015bf4    00000058     drivers_cc26x2.aem4f : ECDHCC26X2.oem4f (.text:ECDH_construct)
                  00015c4c    00000058     rtsv7M4_T_le_v4SPD16_eabi.lib : hostread.c.obj (.text:HOSTread)
                  00015ca4    00000058     icall.obj (.text:ICall_wait)
                  00015cfc    00000058     OneLib.a : ll_ae.o (.text)
                  00015d54    00000058              : ll_common.o (.text)
                  00015dac    00000058              : ll_enc.o (.text)
                  00015e04    00000058              : ll_isr.o (.text)
                  00015e5c    00000058     drivers_cc26x2.aem4f : PowerCC26X2_calibrateRCOSC.oem4f (.text:PowerCC26X2_initiateCalibration)
                  00015eb4    00000058     rf_multiMode_cc26x2.aem4f : RFCC26X2_multiMode.c.cc26x2.ccs.o (.text:RF_fsmXOSCState)
                  00015f0c    00000058                               : RFCC26X2_multiMode.c.cc26x2.ccs.o (.text:RF_hwiCpe0PowerFsm)
                  00015f64    00000058     StackWrapper.a : sm_ecc.o (.text)
                  00015fbc    00000058     drivers_cc26x2.aem4f : TRNGCC26XX.oem4f (.text:TRNG_init)
                  00016014    00000058     util.obj (.text:Util_convertBdAddr2Str)
                  0001606c    00000058     boot.aem4f : boot.oem4f (.text)
                  000160c4    00000058     multi_role.obj (.text:multi_role_enqueueMsg$1)
                  0001611c    00000056     rf_multiMode_cc26x2.aem4f : RFCC26X2_multiMode.c.cc26x2.ccs.o (.text:RF_defaultSubmitPolicy)
                  00016172    00000056     rtsv7M4_T_le_v4SPD16_eabi.lib : _printfi.c.obj (.text:_pconv_f$33)
                  000161c8    00000054     drivers_cc26x2.aem4f : AESCCMCC26XX.oem4f (.text:AESCCM_construct)
                  0001621c    00000054                          : AESCTRCC26XX.oem4f (.text:AESCTR_construct)
                  00016270    00000054                          : AESECBCC26XX.oem4f (.text:AESECB_construct)
                  000162c4    00000054     rtsv7M4_T_le_v4SPD16_eabi.lib : hostwrite.c.obj (.text:HOSTwrite)
                  00016318    00000054     driverlib.lib : chipinfo.obj (.text:NOROM_ChipInfo_GetChipType)
                  0001636c    00000054     nvocmp.obj (.text:NVOCMP_doNVCRC$5)
                  000163c0    00000054     drivers_cc26x2.aem4f : NVSCC26XX.oem4f (.text:NVSCC26XX_init)
                  00016414    00000054     OneLib.a : gattservapp.o (.text)
                  00016468    00000054              : hci_event.o (.text)
                  000164bc    00000054              : ll.o (.text)
                  00016510    00000054     StackWrapper.a : osal_bufmgr.o (.text)
                  00016564    00000054     drivers_cc26x2.aem4f : StructRingBuf.oem4f (.text:StructRingBuf_put)
                  000165b8    00000054     rtsv7M4_T_le_v4SPD16_eabi.lib : ltoa.c.obj (.text:ltoa)
                  0001660c    00000052     OneLib.a : gap_centlinkmgr.o (.text)
                  0001665e    00000052     rtsv7M4_T_le_v4SPD16_eabi.lib : _printfi.c.obj (.text:_ecpy$33)
                  000166b0    00000050     drivers_cc26x2.aem4f : AESCTRDRBGXX.oem4f (.text:AESCTRDRBGXX_addBigendCounter)
                  00016700    00000050     OneLib.a : gap_perilinkmgr.o (.text)
                  00016750    00000050              : hci_tl.o (.text)
                  000167a0    00000050              : ll_common.o (.text)
                  000167f0    00000050              : ll_enc.o (.text)
                  00016840    00000050     rf_multiMode_cc26x2.aem4f : RFCC26X2_multiMode.c.cc26x2.ccs.o (.text:RF_wakeupNotification)
                  00016890    00000050     StackWrapper.a : osal.o (.text)
                  000168e0    00000050                    : osal_clock.o (.text)
                  00016930    00000050     drivers_cc26x2.aem4f : TRNGCC26XX.oem4f (.text:TRNGCC26XX_waitForResult)
                  00016980    0000004e     StackWrapper.a : gap.o (.text)
                  000169ce    00000002     --HOLE-- [fill = 0]
                  000169d0    0000004c     icall.obj (.text:ICall_newTask$16)
                  00016a1c    0000004c     nvocmp.obj (.text:NVOCMP_setItemInactive$5)
                  00016a68    0000004c     OneLib.a : ll_scheduler.o (.text)
                  00016ab4    0000004c     drivers_cc26x2.aem4f : StructRingBuf.oem4f (.text:StructRingBuf_get)
                  00016b00    0000004c                          : UARTCC26XX.oem4f (.text:UARTCC26XX_readCancel)
                  00016b4c    0000004c     util.obj (.text:Util_constructClock)
                  00016b98    0000004c     rtsv7M4_T_le_v4SPD16_eabi.lib : fflush.c.obj (.text:__TI_doflush)
                  00016be4    0000004c                                   : atoi.c.obj (.text:atoi)
                  00016c30    0000004c                                   : cpy_tbl.c.obj (.text:copy_in)
                  00016c7c    0000004c     drivers_cc26x2.aem4f : PowerCC26X2.oem4f (.text:switchXOSCHF)
                  00016cc8    00000048     CC26X2R1_LAUNCHXL_fxns.obj (.text:CC26X2R1_LAUNCHXL_wakeUpExtFlash)
                  00016d10    00000048     rf_multiMode_cc26x2.aem4f : rfc.c.cc26x2.ccs.o (.text:NOROM_RFCSynthPowerDown)
                  00016d58    00000048     nvocmp.obj (.text:NVOCMP_write$5)
                  00016da0    00000048     drivers_cc26x2.aem4f : NVS.oem4f (.text:NVS_open)
                  00016de8    00000048     OneLib.a : gattservapp.o (.text)
                  00016e30    00000048              : ll.o (.text)
                  00016e78    00000048              : ll.o (.text)
                  00016ec0    00000048              : ll_ae.o (.text)
                  00016f08    00000048              : ll_ae.o (.text)
                  00016f50    00000048              : ll_scheduler.o (.text)
                  00016f98    00000048     drivers_cc26x2.aem4f : PINCC26XX.oem4f (.text:PIN_setOutputEnable)
                  00016fe0    00000048                          : PowerCC26X2_calibrateRCOSC.oem4f (.text:PowerCC26X2_RCOSC_clockFunc)
                  00017028    00000048                          : PowerCC26X2.oem4f (.text:PowerCC26XX_switchXOSC_HF)
                  00017070    00000048                          : NVSCC26XX.oem4f (.text:disableFlashCache)
                  000170b8    00000048     multi_role.obj (.text:multi_role_clearConnListEntry$1)
                  00017100    00000048     rtsv7M4_T_le_v4SPD16_eabi.lib : fd_toi_t2.asm.obj (.text)
                  00017148    00000048     drivers_cc26x2.aem4f : UARTCC26XX.oem4f (.text:writeFinishedDoCallback)
                  00017190    00000046                          : RingBuf.oem4f (.text:RingBuf_put)
                  000171d6    00000002     --HOLE-- [fill = 0]
                  000171d8    00000044                          : ECDHCC26X2.oem4f (.text:ECDHCC26X2_waitForResult)
                  0001721c    00000044                          : NVSCC26XX.oem4f (.text:NVSCC26XX_read)
                  00017260    00000044     OneLib.a : ll.o (.text)
                  000172a4    00000044              : ll.o (.text)
                  000172e8    00000044              : ll_ae.o (.text)
                  0001732c    00000044              : ll_common.o (.text)
                  00017370    00000044              : ll_isr.o (.text)
                  000173b4    00000044              : ll_isr.o (.text)
                  000173f8    00000044     drivers_cc26x2.aem4f : PINCC26XX.oem4f (.text:PIN_swi)
                  0001743c    00000044     simple_gatt_profile.obj (.text:SimpleProfile_GetParameter)
                  00017480    00000044     StackWrapper.a : osal.o (.text)
                  000174c4    00000044                    : osal_timers.o (.text)
                  00017508    00000044     drivers_cc26x2.aem4f : UART.oem4f (.text:UART_init)
                  0001754c    00000042     OneLib.a : ll.o (.text)
                  0001758e    00000042     rf_multiMode_cc26x2.aem4f : rf_patch_cpe_bt5.c.cc26x2.ccs.o (.text:configureBt5Patch)
                  000175d0    00000040     dpl_cc26x2.aem4f : ClockP_tirtos.oem4f (.text:ClockP_construct)
                  00017610    00000040     drivers_cc26x2.aem4f : ECDHCC26X2.oem4f (.text:ECDHCC26X2_getPublicKeyResult)
                  00017650    00000040     rtsv7M4_T_le_v4SPD16_eabi.lib : hostclose.c.obj (.text:HOSTclose)
                  00017690    00000040                                   : hostunlink.c.obj (.text:HOSTunlink)
                  000176d0    00000040     nvocmp.obj (.text:NVOCMP_compactNvApi$5)
                  00017710    00000040     OneLib.a : gattservapp.o (.text)
                  00017750    00000040              : ll_isr.o (.text)
                  00017790    00000040              : ll_isr.o (.text)
                  000177d0    00000040              : ll_scheduler.o (.text)
                  00017810    00000040     drivers_cc26x2.aem4f : PowerCC26X2.oem4f (.text:PowerCC26XX_isStableXOSC_HF)
                  00017850    00000040                          : Random.oem4f (.text:Random_getNumber)
                  00017890    00000040                          : RingBuf.oem4f (.text:RingBuf_get)
                  000178d0    00000040     StackWrapper.a : osal.o (.text)
                  00017910    00000040                    : osal_bufmgr.o (.text)
                  00017950    00000040                    : osal_bufmgr.o (.text)
                  00017990    00000040                    : osal_timers.o (.text)
                  000179d0    00000040     drivers_cc26x2.aem4f : TRNGCC26XX.oem4f (.text:TRNGCC26XX_copyToClient)
                  00017a10    00000040                          : UART.oem4f (.text:UART_open)
                  00017a50    00000040     rtsv7M4_T_le_v4SPD16_eabi.lib : printf.c.obj (.text:printf)
                  00017a90    00000040                                   : u_divt2.asm.obj (.text)
                  00017ad0    00000040     rom_sysbios.aem4f : rom_sysbios.obj (.text:ti_sysbios_family_arm_cc26xx_Timer_setThreshold__I)
                  00017b10    00000040                       : rom_sysbios.obj (.text:ti_sysbios_heaps_HeapCallback_Module_startup__E)
                  00017b50    0000003e     dpl_cc26x2.aem4f : HwiP_tirtos.oem4f (.text:HwiP_construct)
                  00017b8e    0000003e     rtsv7M4_T_le_v4SPD16_eabi.lib : _printfi.c.obj (.text:_fcpy$33)
                  00017bcc    0000003e     multi_role.obj (.text:multi_role_passcodeCB$1)
                  00017c0a    00000002     --HOLE-- [fill = 0]
                  00017c0c    0000003c     nvocmp.obj (.text:NVOCMP_disableCache$5)
                  00017c48    0000003c     nvocmp.obj (.text:NVOCMP_loadApiPtrsMin)
                  00017c84    0000003c     OneLib.a : gap_linkmgr.o (.text)
                  00017cc0    0000003c              : gattservapp.o (.text)
                  00017cfc    0000003c              : gattservapp.o (.text)
                  00017d38    0000003c              : gattservapp.o (.text)
                  00017d74    0000003c              : ll_ae.o (.text)
                  00017db0    0000003c     drivers_cc26x2.aem4f : PINCC26XX.oem4f (.text:PIN_setOutputValue)
                  00017dec    0000003c     rf_multiMode_cc26x2.aem4f : RFCC26X2_multiMode.c.cc26x2.ccs.o (.text:RF_cmdGet)
                  00017e28    0000003c                               : RFCC26X2_multiMode.c.cc26x2.ccs.o (.text:RF_cmdStoreEvents)
                  00017e64    0000003c     StackWrapper.a : osal.o (.text)
                  00017ea0    0000003c                    : osal.o (.text)
                  00017edc    0000003c                    : osal.o (.text)
                  00017f18    0000003c                    : osal_timers.o (.text)
                  00017f54    0000003c                    : sm_ecc.o (.text)
                  00017f90    0000003c     dpl_cc26x2.aem4f : SwiP_tirtos.oem4f (.text:SwiP_construct)
                  00017fcc    0000003c     drivers_cc26x2.aem4f : NVSCC26XX.oem4f (.text:checkEraseRange)
                  00018008    0000003c     multi_role.obj (.text:multi_role_createTask)
                  00018044    0000003c     rom_sysbios.aem4f : rom_sysbios.obj (.text:ti_sysbios_family_arm_m3_Hwi_construct2__E)
                  00018080    0000003a     StackWrapper.a : osal.o (.text)
                  000180ba    00000002     --HOLE-- [fill = 0]
                  000180bc    00000038     board_key.obj (.text:Board_keyCallback$0)
                  000180f4    00000038     driverlib.lib : osc.obj (.text:NOROM_OSC_HPOSCRelativeFrequencyOffsetGet)
                  0001812c    00000038     nvocmp.obj (.text:NVOCMP_findPage$5)
                  00018164    00000038     OneLib.a : hci.o (.text)
                  0001819c    00000038              : ll_enc.o (.text)
                  000181d4    00000038              : ll_scheduler.o (.text)
                  0001820c    00000038     drivers_cc26x2.aem4f : PINCC26XX.oem4f (.text:PIN_setConfig)
                  00018244    00000038     rf_multiMode_cc26x2.aem4f : RFCC26X2_multiMode.c.cc26x2.ccs.o (.text:RF_checkCmdFsError)
                  0001827c    00000038                               : RFCC26X2_multiMode.c.cc26x2.ccs.o (.text:RF_powerConstraintRelease)
                  000182b4    00000038     StackWrapper.a : osal_timers.o (.text)
                  000182ec    00000038     rtsv7M4_T_le_v4SPD16_eabi.lib : trgmsg.c.obj (.text:__TI_writemsg)
                  00018324    00000038     multi_role.obj (.text:multi_role_clockHandler$1)
                  0001835c    00000038     drivers_cc26x2.aem4f : PowerCC26X2.oem4f (.text:notify)
                  00018394    00000038                          : UARTCC26XX.oem4f (.text:readData)
                  000183cc    00000038     rom_sysbios.aem4f : rom_sysbios.obj (.text:ti_sysbios_family_arm_cc26xx_Timer_getCurrentTick__E)
                  00018404    00000038     drivers_cc26x2.aem4f : UARTCC26XX.oem4f (.text:writeData)
                  0001843c    00000036                          : ECDHCC26X2.oem4f (.text:ECDHCC26X2_convertReturnValue)
                  00018472    00000036     StackWrapper.a : ble_dispatch_lite.o (.text)
                  000184a8    00000036     rom_sysbios.aem4f : rom_sysbios.obj (.text:ti_sysbios_family_arm_cc26xx_Timer_setNextTick__E)
                  000184de    00000002     --HOLE-- [fill = 0]
                  000184e0    00000034     gattservapp_util.obj (.text:GATTServApp_InitCharCfg)
                  00018514    00000034     icall.obj (.text:ICall_heapFree)
                  00018548    00000034     icall.obj (.text:ICall_searchServiceEntity)
                  0001857c    00000034     driverlib.lib : sys_ctrl.obj (.text:NOROM_SysCtrlIdle)
                  000185b0    00000034     OneLib.a : hci.o (.text)
                  000185e4    00000034              : hci_tl.o (.text)
                  00018618    00000034              : ll_scheduler.o (.text)
                  0001864c    00000034              : ll_scheduler.o (.text)
                  00018680    00000034     rf_multiMode_cc26x2.aem4f : RFCC26X2_multiMode.c.cc26x2.ccs.o (.text:RF_runDirectImmediateCmd)
                  000186b4    00000034     StackWrapper.a : gapbondmgr.o (.text)
                  000186e8    00000034                    : icall_startup.o (.text)
                  0001871c    00000034     rtsv7M4_T_le_v4SPD16_eabi.lib : trgmsg.c.obj (.text:__TI_readmsg)
                  00018750    00000034     drivers_cc26x2.aem4f : UARTCC26XX.oem4f (.text:readData2RingBuf)
                  00018784    00000034     rtsv7M4_T_le_v4SPD16_eabi.lib : strncpy.c.obj (.text:strncpy)
                  000187b8    00000034                                   : strstr.c.obj (.text:strstr)
                  000187ec    00000034     rom_sysbios.aem4f : rom_sysbios.obj (.text:ti_sysbios_knl_Swi_setPri__E)
                  00018820    00000032     multi_role.obj (.text:multi_role_scanCB$1)
                  00018852    00000032     rom_sysbios.aem4f : rom_sysbios.obj (.text:ti_sysbios_gates_GateMutexPri_insertPri__I)
                  00018884    00000030     drivers_cc26x2.aem4f : AESECBCC26XX.oem4f (.text:AESECB_cleanup)
                  000188b4    00000030     icall.obj (.text:ICall_dispatch$16)
                  000188e4    00000030     icall.obj (.text:ICall_msecs2Ticks$16)
                  00018914    00000030     icall.obj (.text:ICall_primEntityId2ServiceId$16)
                  00018944    00000030     icall.obj (.text:ICall_searchTask$16)
                  00018974    00000030     nvocmp.obj (.text:NVOCMP_changePageState$5)
                  000189a4    00000030     nvocmp.obj (.text:NVOCMP_verifyCRC$5)
                  000189d4    00000030     drivers_cc26x2.aem4f : NVSCC26XX.oem4f (.text:NVSCC26XX_erase)
                  00018a04    00000030     OneLib.a : gattservapp.o (.text)
                  00018a34    00000030              : ll_ae.o (.text)
                  00018a64    00000030              : ll_scheduler.o (.text)
                  00018a94    00000030     drivers_cc26x2.aem4f : PINCC26XX.oem4f (.text:PINCC26XX_setMux)
                  00018ac4    00000030                          : PowerCC26X2.oem4f (.text:Power_releaseConstraint)
                  00018af4    00000030                          : PowerCC26X2.oem4f (.text:Power_setConstraint)
                  00018b24    00000030     StackWrapper.a : osal_timers.o (.text)
                  00018b54    00000030     drivers_cc26x2.aem4f : TRNGCC26XX.oem4f (.text:TRNGCC26XX_fillEntropyPool)
                  00018b84    00000030     rf_multiMode_cc26x2.aem4f : rf_patch_cpe_bt5.c.cc26x2.ccs.o (.text:applyBt5Patch)
                  00018bb4    00000030     multi_role_app_pem4f.oem4f (.text:ti_sysbios_BIOS_atExitFunc__I)
                  00018be4    00000030     multi_role_app_pem4f.oem4f (.text:ti_sysbios_BIOS_startFunc__I)
                  00018c14    00000030     rom_sysbios.aem4f : rom_sysbios.obj (.text:ti_sysbios_family_arm_cc26xx_Timer_initDevice__I)
                  00018c44    00000030     multi_role_app_pem4f.oem4f (.text:ti_sysbios_gates_GateMutexPri_Object__create__S)
                  00018c74    00000030     multi_role_app_pem4f.oem4f (.text:ti_sysbios_gates_GateMutexPri_create)
                  00018ca4    00000030     multi_role_app_pem4f.oem4f (.text:ti_sysbios_heaps_HeapCallback_Object__create__S)
                  00018cd4    0000002e     icall_cc2650.obj (.text:ICallPlatform_pwrDispenseImpl$17)
                  00018d02    0000002e     icall_cc2650.obj (.text:ICallPlatform_pwrRequireImpl$17)
                  00018d30    0000002e     OneLib.a : gattservapp.o (.text)
                  00018d5e    0000002e     rtsv7M4_T_le_v4SPD16_eabi.lib : i_tofd_t2.asm.obj (.text)
                  00018d8c    0000002e     multi_role_app_pem4f.oem4f (.text:ti_sysbios_rts_MemAlloc_alloc)
                  00018dba    00000002     --HOLE-- [fill = 0]
                  00018dbc    0000002c     icall.obj (.text:ICall_getLocalMsgEntityId)
                  00018de8    0000002c     icall.obj (.text:ICall_msgEnqueue$16)
                  00018e14    0000002c     nvocmp.obj (.text:NVOCMP_setCompactHdr$5)
                  00018e40    0000002c     drivers_cc26x2.aem4f : NVS.oem4f (.text:NVS_init)
                  00018e6c    0000002c     OneLib.a : gatt_task.o (.text)
                  00018e98    0000002c              : gattservapp.o (.text)
                  00018ec4    0000002c              : ll_common.o (.text)
                  00018ef0    0000002c              : sm_rsppairing.o (.text)
                  00018f1c    0000002c     rf_multiMode_cc26x2.aem4f : RFCC26X2_multiMode.c.cc26x2.ccs.o (.text:RF_executeDirectImmediateCmd)
                  00018f48    0000002c     rom_init.obj (.text:ROM_Init)
                  00018f74    0000002c     dpl_cc26x2.aem4f : SemaphoreP_tirtos.oem4f (.text:SemaphoreP_constructBinary)
                  00018fa0    0000002c                      : SemaphoreP_tirtos.oem4f (.text:SemaphoreP_createBinary)
                  00018fcc    0000002c     StackWrapper.a : hal_assert.o (.text)
                  00018ff8    0000002c                    : osal_bufmgr.o (.text)
                  00019024    0000002c     drivers_cc26x2.aem4f : TRNGCC26XX.oem4f (.text:TRNGCC26XX_stopTrng)
                  00019050    0000002c     rtsv7M4_T_le_v4SPD16_eabi.lib : fopen.c.obj (.text:__TI_cleanup)
                  0001907c    0000002c     multi_role_app_pem4f.oem4f (.text:ti_sysbios_gates_GateMutexPri_Handle__label__S)
                  000190a8    0000002c     multi_role_app_pem4f.oem4f (.text:ti_sysbios_heaps_HeapCallback_Handle__label__S)
                  000190d4    0000002c     rom_sysbios.aem4f : rom_sysbios.obj (.text:ti_sysbios_knl_Clock_getTicksUntilInterrupt__E)
                  00019100    0000002a     drivers_cc26x2.aem4f : List.oem4f (.text:List_insert)
                  0001912a    0000002a     rf_multiMode_cc26x2.aem4f : RFCC26X2_multiMode.c.cc26x2.ccs.o (.text:RF_searchAndReplacePAOverride)
                  00019154    0000002a     multi_role.obj (.text:multi_role_pairStateCB$1)
                  0001917e    0000002a     rom_sysbios.aem4f : rom_sysbios.obj (.text:ti_sysbios_knl_Clock_getTimeout__E)
                  000191a8    00000028     drivers_cc26x2.aem4f : AESCTRCC26XX.oem4f (.text:AESCTR_cleanup)
                  000191d0    00000028     rf_multiMode_cc26x2.aem4f : rfc.c.cc26x2.ccs.o (.text:NOROM_RFCOverrideSearch)
                  000191f8    00000028     nvocmp.obj (.text:NVOCMP_findDstPage$5)
                  00019220    00000028     OneLib.a : gattservapp.o (.text)
                  00019248    00000028     drivers_cc26x2.aem4f : PowerCC26X2.oem4f (.text:Power_registerNotify)
                  00019270    00000028     rf_multiMode_cc26x2.aem4f : RFCC26X2_multiMode.c.cc26x2.ccs.o (.text:RF_calculateDeltaTimeUs)
                  00019298    00000028                               : RFCC26X2_multiMode.c.cc26x2.ccs.o (.text:RF_runScheduleCmd)
                  000192c0    00000028     StackWrapper.a : osal.o (.text)
                  000192e8    00000028                    : osal_snv_wrapper.o (.text)
                  00019310    00000028                    : osal_snv_wrapper.o (.text)
                  00019338    00000028                    : osal_snv_wrapper.o (.text)
                  00019360    00000028     drivers_cc26x2.aem4f : TRNGCC26XX.oem4f (.text:TRNGCC26XX_serviceJob)
                  00019388    00000028     multi_role.obj (.text:multi_role_updateRPA$1)
                  000193b0    00000028     drivers_cc26x2.aem4f : PowerCC26X2.oem4f (.text:oscillatorISR)
                  000193d8    00000028                          : NVSCC26XX.oem4f (.text:restoreFlashCache)
                  00019400    00000028     rtsv7M4_T_le_v4SPD16_eabi.lib : unlink.c.obj (.text:unlink)
                  00019428    00000028                                   : write.c.obj (.text:write)
                  00019450    00000026     drivers_cc26x2.aem4f : List.oem4f (.text:List_put)
                  00019476    00000026                          : List.oem4f (.text:List_putHead)
                  0001949c    00000026                          : List.oem4f (.text:List_remove)
                  000194c2    00000026     multi_role.obj (.text:multi_role_advCB$1)
                  000194e8    00000024     icall.obj (.text:ICall_enterCSImpl)
                  0001950c    00000024     driverlib.lib : osc.obj (.text:NOROM_OSCHF_TurnOnXosc)
                  00019530    00000024     rf_multiMode_cc26x2.aem4f : rfc.c.cc26x2.ccs.o (.text:NOROM_RFCDoorbellSendTo)
                  00019554    00000024     OneLib.a : gapgattserver.o (.text)
                  00019578    00000024              : gatt_server.o (.text)
                  0001959c    00000024     rf_multiMode_cc26x2.aem4f : RFCC26X2_multiMode.c.cc26x2.ccs.o (.text:RF_cmdAlloc)
                  000195c0    00000024                               : RFCC26X2_multiMode.c.cc26x2.ccs.o (.text:RF_invokeGlobalCallback)
                  000195e4    00000024     StackWrapper.a : ble_dispatch_lite.o (.text)
                  00019608    00000024                    : gapbondmgr.o (.text)
                  0001962c    00000024                    : osal.o (.text)
                  00019650    00000024                    : osal.o (.text)
                  00019674    00000024                    : osal_timers.o (.text)
                  00019698    00000024                    : osal_timers.o (.text)
                  000196bc    00000024     drivers_cc26x2.aem4f : PowerCC26X2_calibrateRCOSC.oem4f (.text:getTdcSemaphore)
                  000196e0    00000024     rtsv7M4_T_le_v4SPD16_eabi.lib : memcmp.c.obj (.text:memcmp)
                  00019704    00000024     multi_role_app_pem4f.oem4f (.text:ti_sysbios_BIOS_registerRTSLock__I)
                  00019728    00000024     multi_role_app_pem4f.oem4f (.text:ti_sysbios_BIOS_removeRTSLock__I)
                  0001974c    00000024     rom_sysbios.aem4f : rom_sysbios.obj (.text:ti_sysbios_family_arm_cc26xx_Timer_getMaxTicks__E)
                  00019770    00000024     multi_role_app_pem4f.oem4f (.text:ti_sysbios_gates_GateMutexPri_Object__delete__S)
[...]
20000fbe  l2cap_gattServAppTaskID                                         
20000fbf  l2capId                                                         
20000fc1  linkDBNumConns                                                  
20000fc2  linkDB_secureConnectionOnlyMode                                 
20000fc3  maxPduSize                                                      
20000fc4  rfFeModeBias                                                    
20000fc5  defaultPhy                                                      
20000fc6  maxNumTxDataBufs                                                
20000fc7  LL_TaskID                                                       
20000fc8  llState                                                         
20000fc9  rssiCorrection                                                  
20000fca  curTxPowerVal                                                   
20000fcb  maxTxPwrForDTM                                                  
20000fcc  onePktPerEvt                                                    
20000fcd  numComplPkts                                                    
20000fce  numComplPktsLimit                                               
20000fcf  numComplPktsFlush                                               
20000fd0  fastTxRespTime                                                  
20000fd1  slOverride                                                      
20000fd2  rxFifoFlowCtrl                                                  
20000fd3  numTxDataBufs                                                   
20000fd4  maxNumConns                                                     
20000fd5  aeCurHandle                                                     
20000fd6  aeCurAdvEnableHandle                                            
20000fd7  aeCurConnHandle                                                 
20000fd8  extScanIndex                                                    
20000fd9  extInitIndex                                                    
20000fda  scanState                                                       
20000fdb  lastPrimPhy                                                     
20000fdc  lastScanRsp                                                     
20000fdd  smTaskID                                                        
20000fde  SM_appExpectingKey                                              
20000fe0  ownDevAlpha                                                     
20000fe1  ownDevNum                                                       
20000ff4  ownChannel                                                      
20000ff8  foundCorrectDev                                                 
20001078  mrTask                                                          
200011d8  mrTaskStack                                                     
200015d8  uartLog_tail                                                    
200015d9  uartLog_head                                                    
200015da  uartLog_evBufIsEmpty                                            
200015dc  uartLog_evtNum                                                  
200015e4  uartLog_outBuf                                                  
20001690  uartLog_evBuf                                                   
20001d64  __TI_ft_end                                                     
20001d68  __TI_tmpnams                                                    
20001e08  _ftable                                                         
20001ef8  PowerCC26X2_module                                              
20002150  ROM_stateStruct                                                 
20002150  ti_sysbios_knl_Clock_Module__state__V                           
2000217c  ti_sysbios_family_arm_cc26xx_TimestampProvider_Module__state__V 
20002180  xdc_runtime_Startup_Module__state__V                            
20002188  xdc_runtime_Registry_Module__state__V                           
20002190  ti_sysbios_BIOS_Module__state__V                                
200021b4  ti_sysbios_knl_Swi_Module__state__V                             
200021d0  ti_sysbios_knl_Task_Module__state__V                            
20002214  xdc_runtime_Memory_Module__state__V                             
20002218  xdc_runtime_System_Module__state__V                             
20002220  ti_sysbios_family_arm_m3_Hwi_Module__state__V                   
20002254  ti_sysbios_family_arm_cc26xx_Timer_Module__state__V             
20002350  _stream                                                         
200023a0  _device                                                         
20002418  gapAttrTbl                                                      
200024cc  ICall_enterCriticalSection                                      
200024d0  ICall_leaveCriticalSection                                      
200024d4  ICall_dispatcher                                                
200024e8  heapmgrMemFreeTotal                                             
200024f4  HEAPMGR_SIZE                                                    
20002564  pairMode                                                        
20002565  mitm                                                            
20002566  ioCap                                                           
20002567  bonding                                                         
20002568  secureConnection                                                
20002569  autoSyncWL                                                      
2000256a  eccReGenPolicy                                                  
2000256b  KeySize                                                         
2000256c  removeLRUBond                                                   
2000256d  bondFailAction                                                  
2000256e  KeyDistList                                                     
2000256f  eccDebugKeys                                                    
20002570  pRandomAddress                                                  
20002574  advData1                                                        
20002585  advData2                                                        
20002598  attDeviceName                                                   
200025b0  advParams1                                                      
200025ce  gAction                                                         
200025cf  NVOCMP_size                                                     
200025fc  NVOCMP_nvHandle                                                 
2000262c  llUserConfig                                                    
2000268c  txPowerTable_2400_pa5                                           
200026dc  ti_sysbios_knl_Task_Object__table__V                            
2000272c  appKeyChangeHandler                                             
20002730  hKeyPins                                                        
20002734  keyPinsCfg                                                      
20002740  keyPins                                                         
20002770  ti_sysbios_family_arm_cc26xx_Timer_Object__table__V             
200027b8  gattAttrTbl                                                     
200027f8  eccParams_NISTP256                                              
20002838  ti_sysbios_gates_GateMutex_Object__table__V                     
20002870  nvintfFncStruct                                                 
200028a4  ti_sysbios_knl_Swi_Module_State_0_readyQ__A                     
200028d4  ti_sysbios_knl_Swi_Object__table__V                             
20002904  ti_sysbios_knl_Task_Module_State_0_readyQ__A                    
20002934  pOverrides_bleCommon                                            
20002980  ti_sysbios_knl_Clock_Object__table__V                           
200029a0  xdc_runtime_Error_IgnoreBlock                                   
200029c0  ti_sysbios_family_arm_m3_Hwi_Object__table__V                   
20002a2d  deviceNameCharProps                                             
20002a2e  llUserConfig_maxPduSize                                         
20002a30  gattAttrTbl_gatt_no_service_changed                             
20002a40  rfMode                                                          
20002a50  sizeInfo                                                        
20002a70  bleAppServiceInfoTable                                          
20002a80  pfnBMAlloc                                                      
20002a84  pfnBMFree                                                       
20002a88  pRfErrCb                                                        
20002a8c  lastAppOpcodeIdxSent                                            
20002a90  pOverrides_ble2Mbps                                             
20002aa0  pOverrides_bleCoded                                             
20002ab0  user0Cfg                                                        
20002ac0  __TI_cleanup_ptr                                                
20002ac4  __TI_dtors_ptr                                                  
20002ac8  __TI_enable_exit_profile_output                                 
20002acc  pOverrides_ble1Mbps                                             
20002ad8  ti_sysbios_heaps_HeapCallback_Object__table__V                  
20002aed  appearanceCharProps                                             
20002aee  baseTaskID                                                      
20002af8  bleUserCfg_maxPduSize                                           
20002afc  appAssertCback                                                  
20002b00  _lock                                                           
20002b04  _unlock                                                         
20002b08  periConnParameters                                              
20002b10  pinUpperBound                                                   
20002b14  pinLowerBound                                                   
20002b20  ti_sysbios_family_arm_m3_Hwi_Module__root__V                    
20002b28  ti_sysbios_gates_GateHwi_Module__root__V                        
20002b30  ti_sysbios_gates_GateMutexPri_Module__root__V                   
20002b38  ti_sysbios_gates_GateMutex_Module__root__V                      
20002b40  ti_sysbios_hal_Hwi_Module__root__V                              
20002b48  ti_sysbios_heaps_HeapCallback_Module__root__V                   
20002b50  ti_sysbios_heaps_HeapMem_Module__root__V                        
20002b58  ti_sysbios_knl_Clock_Module__root__V                            
20002b60  ti_sysbios_knl_Event_Module__root__V                            
20002b68  ti_sysbios_knl_Mailbox_Module__root__V                          
20002b70  ti_sysbios_knl_Queue_Module__root__V                            
20002b78  ti_sysbios_knl_Semaphore_Module__root__V                        
20002b80  ti_sysbios_knl_Swi_Module__root__V                              
20002b88  ti_sysbios_knl_Task_Module__root__V                             
20002b95  CryptoResourceCC26XX_pollingFlag                                
20002b97  periConnParamCharProps                                          
20002b98  patchedMasterCtrlPktList                                        
20002b9c  patchedSlaveCtrlPktList                                         
20002ba0  halAssertCback                                                  
20002ba4  icallServiceTblPtr                                              
20002ba8  errno                                                           
20002bac  main_func_sp                                                    
20002bb0  ti_sysbios_family_arm_m3_Hwi_Module_State_0_excContext__A       
20002bb4  ti_sysbios_family_arm_m3_Hwi_Module_State_0_excStack__A         
20002bb8  ti_sysbios_knl_Task_Module_State_0_idleTask__A                  
20002bbc  PKAResourceCC26XX_pollingFlag                                   
20002bc0  ti_sysbios_family_arm_m3_Hwi_Module_State_0_excActive__A        
20002bc2  centAddrResCharProps                                            
20002bc3  centAddrRes                                                     
20002bc4  resolvablePrivateAddressOnlyCharProps                           
20002bc5  GATTServApp_gatt_no_service_changed                             
20002bc7  sizeOfAllExtConnParam                                           
20002bc8  rfRatHandle                                                     
20002bc9  gapEndAppTaskID                                                 
20002bca  gapAppTaskID                                                    
20002bcb  legacyMode                                                      
20002bcc  argRpaRead                                                      
20002bd4  periodicUpdateData                                              
20003090  ti_sysbios_knl_Task_Instance_State_0_stack__A                   
20003390  uartCC26XXObjects                                               
200034c0  __CIOBUF_                                                       
200035e0  ti_sysbios_family_arm_m3_Hwi_dispatchTable                      
200036b8  pinHandleTable                                                  
20003734  cbTimers                                                        
2000381c  aesctrdrbgXXObjects                                             
20003874  trngCC26XXObjects                                               
200038c0  nvFptrs                                                         
20003928  req                                                             
20003948  gapBond_remoteOobData                                           
20003968  gapBond_localOobData                                            
200039c8  ecdhCC26X2Objects                                               
20003a74  CryptoResourceCC26XX_accessSemaphore                            
20003a90  CryptoResourceCC26XX_hwi                                        
20003aac  CryptoResourceCC26XX_operationSemaphore                         
20003ac8  PKAResourceCC26XX_accessSemaphore                               
20003ae4  PKAResourceCC26XX_hwi                                           
20003b00  PKAResourceCC26XX_operationSemaphore                            
20003b1c  deviceName                                                      
20003b34  llCoex                                                          
20003b4c  aesccmCC26XXObjects                                             
20003b64  aesctrCC26XXObjects                                             
20003b7c  aesecbCC26XXObjects                                             
20003b94  llCteTest                                                       
20003bd0  cteAntennaProp                                                  
20003bdc  llTaskList                                                      
20003bf4  secondaryAdvChannelMap                                          
20003bfc  parmbuf                                                         
20003c04  ggs_AppCBs                                                      
20003c0c  LSTORecoveryArr                                                 
20003c10  llCte                                                           
20003c14  extStackSettings                                                
20003c18  llConnExtParam                                                  
20003c1c  trngHandle                                                      
20003c20  enableRamCmd                                                    
20003c24  pNextAdvSet                                                     
20003c28  llCurrentMappedChan                                             
20003c2c  drbgHandle                                                      
20003c30  pRpaCfg                                                         
20003c34  gapBond_lruBondList                                             
20003c38  gapBondStateNodeHead                                            
20003c3c  osal_syncHandle                                                 
20003c40  osal_tickperiod                                                 
20003c44  osal_max_msecs                                                  
20003c48  osal_icallMsg_hook                                              
20003c4c  osal_qHead                                                      
20003c50  osal_eventloop_hook                                             
20003c5c  OSAL_timeSeconds                                                
20003c60  timerHead                                                       
20003c68  osal_last_timestamp                                             
20003c74  PowerCC26XX_swiKey                                              
20003c78  PowerCC26XX_taskKey                                             
20003c7c  nvsCC26XXObjects                                                
20003c80  tasksEvents                                                     
20003c84  appearance                                                      
20003c86  maximumPduSize                                                  
20003c8a  pwrmgr_attribute                                                
20003c8c  resolvablePrivateAddressOnly                                    
20003c8d  GATTServApp_att_delayed_req                                     
20003c8e  hciTaskID                                                       
20003c8f  hciL2capTaskID                                                  
20003c90  hciGapTaskID                                                    
20003c91  hciSmpTaskID                                                    
20003c92  hciTestTaskID                                                   
20003c93  hciVsEvtMask                                                    
20003c94  scanReqRpt                                                      
20003c95  secondaryAdvChannelMapPopCount                                  
20003c96  numActiveAdvSets                                                
20003c97  wlSize                                                          
20003c98  rlSize                                                          
20003c99  decryptResult                                                   
20003c9a  icall_liteTaskId                                                
20003c9b  gapBond_removeLRUBond                                           
20003c9c  gapBond_syncRL                                                  
20003c9d  assertSubcause                                                  
20003c9e  osal_entity                                                     
20003c9f  pwrmgr_initialized                                              
20003ca1  driverlib_release_0_56804                                       
20003ca2  heapStart                                                       
20013c00  __stack                                                         
20013c00  heapEnd                                                         
20014000  __STACK_END                                                     
20014000  __STACK_TOP                                                     
20014000  __UNUSED_SRAM_end__                                             
e000e000  ti_sysbios_family_arm_m3_Hwi_nvic                               
ffffffff  __TI_pprof_out_hndl                                             
ffffffff  __TI_prof_data_size                                             
ffffffff  __TI_prof_data_start                                            
ffffffff  __binit__                                                       
ffffffff  __c_args__                                                      
ffffffff  binit                                                           
UNDEFED   SHT$$INIT_ARRAY$$Base                                           
UNDEFED   SHT$$INIT_ARRAY$$Limit                                          

[2979 symbols]
