******************************************************************************
                  TI ARM Linker Unix v18.12.4                  
******************************************************************************
>> Linked Sat Jul  4 13:08:50 2020

OUTPUT FILE NAME:   <ble5_project_zero_cc26x2r1lp_app_FlashROM_Debug.out>
ENTRY POINT SYMBOL: "ResetISR"  address: 00021529


MEMORY CONFIGURATION

         name            origin    length      used     unused   attr    fill
----------------------  --------  ---------  --------  --------  ----  --------
  FLASH_IMG_HDR         00000000   00000050  00000038  00000018  R  X
  ENTRY                 00000050   00000040  0000003c  00000004  R  X
  FLASH                 00000090   00056090  00034c7a  00021416  R  X
  SRAM                  20000000   000134f8  0000be91  00007667  RW X


SEGMENT ALLOCATION MAP

run origin  load origin   length   init length attrs members
----------  ----------- ---------- ----------- ----- -------
00000000    00000000    00000038   00000038    r--
  00000000    00000000    00000038   00000038    r-- .image_header
00000050    00000050    00030cc0   00030cc0    r-x
  00000050    00000050    0000003c   0000003c    r-- .resetVecs
  00000090    00000090    0002c9ec   0002c9ec    r-x .text
  0002ca7c    0002ca7c    0000326e   0000326e    r-- .const
  0002fcec    0002fcec    000009f0   000009f0    r-- .rodata
  000306e0    000306e0    00000630   00000630    r-- .cinit
00048000    00048000    00004000   00000000    rw-
  00048000    00048000    00004000   00000000    rw- .TI.bound:flashBuf
20001830    20001830    00000010   00000000    rw-
  20001830    20001830    00000010   00000000    rw- .TI.bound:dmaSpi0RxControlTableEntry
20001840    20001840    00000010   00000000    rw-
  20001840    20001840    00000010   00000000    rw- .TI.bound:dmaSpi0TxControlTableEntry
20001900    20001900    00000010   00000000    rw-
  20001900    20001900    00000010   00000000    rw- .TI.bound:dmaSpi1RxControlTableEntry
20001910    20001910    00000010   00000000    rw-
  20001910    20001910    00000010   00000000    rw- .TI.bound:dmaSpi1TxControlTableEntry
20001a30    20001a30    00000010   00000000    rw-
  20001a30    20001a30    00000010   00000000    rw- .TI.bound:dmaSpi0RxAltControlTableEntry
20001a40    20001a40    00000010   00000000    rw-
  20001a40    20001a40    00000010   00000000    rw- .TI.bound:dmaSpi0TxAltControlTableEntry
20001b00    20001b00    00000010   00000000    rw-
  20001b00    20001b00    00000010   00000000    rw- .TI.bound:dmaSpi1RxAltControlTableEntry
20001b10    20001b10    00000010   00000000    rw-
  20001b10    20001b10    00000010   00000000    rw- .TI.bound:dmaSpi1TxAltControlTableEntry
20001b80    20001b80    00000ebc   00000000    rw-
  20001b80    20001b80    00000ebc   00000000    rw- .data
20002a80    20002a80    0000aa39   00000000    rw-
  20002a80    20002a80    0000aa39   00000000    rw- .bss
200130f8    200130f8    00000400   00000000    rw-
  200130f8    200130f8    00000400   00000000    rw- .stack


SECTION ALLOCATION MAP

 output                                  attributes/
section   page    origin      length       input sections
--------  ----  ----------  ----------   ----------------
.bootVecs 
*          0    00000000    00000008     DSECT
                  00000000    00000008     boot.aem4f : boot.oem4f (.bootVecs)

.resetVecs 
*          0    00000050    0000003c     
                  00000050    0000003c     ble_debug_pem4f.oem4f (.resetVecs)

.vecs      0    20000000    000000d8     NOLOAD SECTION
                  20000000    000000d8     ble_debug_pem4f.oem4f (.vecs)

xdc.meta   0    00000000    0000010e     COPY SECTION
                  00000000    0000010e     ble_debug_pem4f.oem4f (xdc.meta)

.image_header 
*          0    00000000    00000038     
                  00000000    00000038     oad_image_header_app.obj (.image_header:retain)

.resetVecs 
*          0    00000050    00000000     UNINITIALIZED

.intvecs   0    00000050    00000000     UNINITIALIZED

EntrySection 
*          0    00000050    00000000     UNINITIALIZED

.cinit     0    000306e0    00000630     
                  000306e0    00000589     (.cinit..data.load) [load image, compression = lzss]
                  00030c69    00000003     --HOLE-- [fill = 0]
                  00030c6c    0000000c     (__TI_handler_table)
                  00030c78    00000008     (.cinit..TI.bound:dmaSpi0RxAltControlTableEntry.load) [load image, compression = zero_init]
                  00030c80    00000008     (.cinit..TI.bound:dmaSpi0RxControlTableEntry.load) [load image, compression = zero_init]
                  00030c88    00000008     (.cinit..TI.bound:dmaSpi0TxAltControlTableEntry.load) [load image, compression = zero_init]
                  00030c90    00000008     (.cinit..TI.bound:dmaSpi0TxControlTableEntry.load) [load image, compression = zero_init]
                  00030c98    00000008     (.cinit..TI.bound:dmaSpi1RxAltControlTableEntry.load) [load image, compression = zero_init]
                  00030ca0    00000008     (.cinit..TI.bound:dmaSpi1RxControlTableEntry.load) [load image, compression = zero_init]
                  00030ca8    00000008     (.cinit..TI.bound:dmaSpi1TxAltControlTableEntry.load) [load image, compression = zero_init]
                  00030cb0    00000008     (.cinit..TI.bound:dmaSpi1TxControlTableEntry.load) [load image, compression = zero_init]
                  00030cb8    00000008     (.cinit..bss.load) [load image, compression = zero_init]
                  00030cc0    00000050     (__TI_cinit_table)

.TI.bound:flashBuf 
*          0    00048000    00004000     UNINITIALIZED
                  00048000    00004000     CC26X2R1_LAUNCHXL.obj (.TI.bound:flashBuf)

.TI.bound:dmaSpi0RxControlTableEntry 
*          0    20001830    00000010     UNINITIALIZED
                  20001830    00000010     drivers_cc26x2_v1.aem4f : SPICC26X2DMA.oem4f (.TI.bound:dmaSpi0RxControlTableEntry)

.TI.bound:dmaSpi0TxControlTableEntry 
*          0    20001840    00000010     UNINITIALIZED
                  20001840    00000010     drivers_cc26x2_v1.aem4f : SPICC26X2DMA.oem4f (.TI.bound:dmaSpi0TxControlTableEntry)

.TI.bound:dmaSpi1RxControlTableEntry 
*          0    20001900    00000010     UNINITIALIZED
                  20001900    00000010     drivers_cc26x2_v1.aem4f : SPICC26X2DMA.oem4f (.TI.bound:dmaSpi1RxControlTableEntry)

.TI.bound:dmaSpi1TxControlTableEntry 
*          0    20001910    00000010     UNINITIALIZED
                  20001910    00000010     drivers_cc26x2_v1.aem4f : SPICC26X2DMA.oem4f (.TI.bound:dmaSpi1TxControlTableEntry)

.TI.bound:dmaSpi0RxAltControlTableEntry 
*          0    20001a30    00000010     UNINITIALIZED
                  20001a30    00000010     drivers_cc26x2_v1.aem4f : SPICC26X2DMA.oem4f (.TI.bound:dmaSpi0RxAltControlTableEntry)

.TI.bound:dmaSpi0TxAltControlTableEntry 
*          0    20001a40    00000010     UNINITIALIZED
                  20001a40    00000010     drivers_cc26x2_v1.aem4f : SPICC26X2DMA.oem4f (.TI.bound:dmaSpi0TxAltControlTableEntry)

.TI.bound:dmaSpi1RxAltControlTableEntry 
*          0    20001b00    00000010     UNINITIALIZED
                  20001b00    00000010     drivers_cc26x2_v1.aem4f : SPICC26X2DMA.oem4f (.TI.bound:dmaSpi1RxAltControlTableEntry)

.TI.bound:dmaSpi1TxAltControlTableEntry 
*          0    20001b10    00000010     UNINITIALIZED
                  20001b10    00000010     drivers_cc26x2_v1.aem4f : SPICC26X2DMA.oem4f (.TI.bound:dmaSpi1TxAltControlTableEntry)

.data      0    20001b80    00000ebc     UNINITIALIZED
                  20001b80    00000130     devinfoservice.obj (.data:devInfoAttrTbl)
                  20001cb0    00000100     ble5_project_zero_cc26x2r1lp_stack_library.lib : gapbondmgr.obj (.data:$O1$$)
                  20001db0    000000d0     oad.obj (.data:oadAttrTbl)
                  20001e80    000000c8     drivers_cc26x2_v1.aem4f : PowerCC26X2.oem4f (.data:PowerCC26X2_module)
                  20001f48    000000a0     profiles_pxxx_coc.a : gapgattserver.o (.data)
                  20001fe8    0000007c     ble5_project_zero_cc26x2r1lp_stack_library.lib : osal_cbtimer.obj (.data:$O1$$)
                  20002064    00000070     button_service.obj (.data:Button_ServiceAttrTbl)
                  200020d4    00000068     ble_debug_pem4f.oem4f (.data:ti_uia_loggers_LoggerStopMode_Object__table__V)
                  2000213c    00000060     data_service.obj (.data:Data_ServiceAttrTbl)
                  2000219c    00000050     led_service.obj (.data:LED_ServiceAttrTbl)
                  200021ec    0000004c     ll_pxxx.a : ll_config.o (.data)
                  20002238    0000004c     ble_debug_pem4f.oem4f (.data:ti_sysbios_knl_Task_Object__table__V)
                  20002284    00000048     ble_user_config.obj (.data:rfRegTbl)
                  200022cc    00000004     ble5_project_zero_cc26x2r1lp_stack_library.lib : gap.obj (.data:$O1$$)
                  200022d0    00000048     ble_debug_pem4f.oem4f (.data:ti_sysbios_family_arm_cc26xx_Timer_Object__table__V)
                  20002318    00000044     ble_debug_pem4f.oem4f (.data:ti_sysbios_knl_Task_Module__state__V)
                  2000235c    00000040     profiles_pxxx_coc.a : gattservapp.o (.data)
                  2000239c    00000035     oad.obj (.data)
                  200023d1    00000003     oad.obj (.data:oadCharVals)
                  200023d4    00000034     ble_debug_pem4f.oem4f (.data:ti_sysbios_family_arm_m3_Hwi_Module__state__V)
                  20002408    00000030     ble_debug_pem4f.oem4f (.data:ti_sysbios_knl_Swi_Module_State_0_readyQ__A)
                  20002438    00000030     ble_debug_pem4f.oem4f (.data:ti_sysbios_knl_Swi_Object__table__V)
                  20002468    00000030     ble_debug_pem4f.oem4f (.data:ti_sysbios_knl_Task_Module_State_0_readyQ__A)
                  20002498    0000002c     CC26X2R1_LAUNCHXL.obj (.data:gpioPinConfigs)
                  200024c4    0000002c     ble_debug_pem4f.oem4f (.data:ti_sysbios_knl_Clock_Module__state__V)
                  200024f0    00000028     ble5_project_zero_cc26x2r1lp_stack_library.lib : osal.obj (.data:$O1$$)
                  20002518    00000028     data_service.obj (.data:ds_StringVal)
                  20002540    00000028     icall_user_config.obj (.data:nvintfFncStruct)
                  20002568    00000028     project_zero.obj (.data:received_string$9)
                  20002590    00000024     ble_debug_pem4f.oem4f (.data:ti_sysbios_BIOS_Module__state__V)
                  200025b4    00000020     ble_user_config.obj (.data:eccParams_NISTP256)
                  200025d4    00000020     project_zero.obj (.data:localNameStr$11)
                  200025f4    00000020     ble_debug_pem4f.oem4f (.data:ti_sysbios_heaps_HeapTrack_Object__table__V)
                  20002614    00000020     ble_debug_pem4f.oem4f (.data:ti_sysbios_knl_Clock_Object__table__V)
                  20002634    00000020     ble_debug_pem4f.oem4f (.data:xdc_runtime_Error_IgnoreBlock)
                  20002654    0000001c     ble_debug_pem4f.oem4f (.data:ti_sysbios_gates_GateMutex_Object__table__V)
                  20002670    0000001c     ble_debug_pem4f.oem4f (.data:ti_sysbios_knl_Swi_Module__state__V)
                  2000268c    00000018     ble_debug_pem4f.oem4f (.data:ti_sysbios_family_arm_m3_Hwi_Object__table__V)
                  200026a4    00000018     ble_debug_pem4f.oem4f (.data:ti_sysbios_heaps_HeapMem_Object__table__V)
                  200026bc    00000015     project_zero.obj (.data:attDeviceName)
                  200026d1    00000015     devinfoservice.obj (.data:devInfoFirmwareRev)
                  200026e6    00000015     devinfoservice.obj (.data:devInfoHardwareRev)
                  200026fb    00000015     devinfoservice.obj (.data:devInfoMfrName)
                  20002710    00000015     devinfoservice.obj (.data:devInfoModelNumber)
                  20002725    00000015     devinfoservice.obj (.data:devInfoSerialNumber)
                  2000273a    00000015     devinfoservice.obj (.data:devInfoSoftwareRev)
                  2000274f    00000014     data_service.obj (.data:ds_StreamVal)
                  20002763    00000001     TRNGCC26XX.obj (.data)
                  20002764    00000014     gap_pxxx_coc.a : gap_configmgr.o (.data)
                  20002778    00000014     icall.obj (.data)
                  2000278c    00000013     project_zero.obj (.data:advertData)
                  2000279f    00000001     button_service.obj (.data:bs_BUTTON0Val)
                  200027a0    00000010     icall_user_config.obj (.data:bleAppServiceInfoTable)
                  200027b0    00000010     gap_pxxx_coc.a : gap_configmgr.o (.data)
                  200027c0    00000010     CC26X2R1_LAUNCHXL.obj (.data:gpioCallbackFunctions)
                  200027d0    00000010     icall_api_lite.obj (.data)
                  200027e0    00000010     ll_pxxx.a : ll.o (.data)
                  200027f0    00000010               : ll_data.o (.data)
                  20002800    00000010     ble_user_config.obj (.data:rfRegTbl1M)
                  20002810    00000010     ble_user_config.obj (.data:rfRegTbl2M)
                  20002820    00000010     ble_user_config.obj (.data:rfRegTblCoded)
                  20002830    00000010     main.obj (.data:user0Cfg)
                  20002840    0000000e     devinfoservice.obj (.data:defaultDevInfo11073Cert)
                  2000284e    00000002     drivers_cc26x2_v1.aem4f : CryptoResourceCC26XX.oem4f (.data)
                  20002850    0000000e     devinfoservice.obj (.data)
                  2000285e    00000002     drivers_cc26x2_v1.aem4f : PKAResourceCC26XX.oem4f (.data)
                  20002860    0000000c     project_zero.obj (.data:buttonPinTable)
                  2000286c    0000000c     button_service.obj (.data)
                  20002878    0000000c     data_service.obj (.data)
                  20002884    0000000c     project_zero.obj (.data:ledPinTable)
                  20002890    0000000c     led_service.obj (.data)
                  2000289c    0000000c     ll_pxxx.a : ll_common.o (.data)
                  200028a8    0000000c     ble_debug_pem4f.oem4f (.data:ti_sysbios_knl_Event_Module__root__V)
                  200028b4    0000000c     ble_debug_pem4f.oem4f (.data:ti_sysbios_knl_Task_Module__root__V)
                  200028c0    0000000c     ble_debug_pem4f.oem4f (.data:ti_uia_runtime_QueueDescriptor_Module__state__V)
                  200028cc    0000000c     ble_debug_pem4f.oem4f (.data:xdc_runtime_SysMin_Module__state__V)
                  200028d8    0000000a     UartLog.obj (.data)
                  200028e2    00000002     gap_pxxx_coc.a : gap_linkmgr.o (.data)
                  200028e4    00000009     project_zero.obj (.data)
                  200028ed    00000001     button_service.obj (.data:bs_BUTTON1Val)
                  200028ee    00000002     gatt_pxxx_coc.a : gatt_server.o (.data)
                  200028f0    00000008     ble5_project_zero_cc26x2r1lp_stack_library.lib : hal_assert.obj (.data:$O1$$)
                  200028f8    00000008                                                    : osal_clock.obj (.data:$O1$$)
                  20002900    00000008     rtsv7M4_T_le_v4SPD16_eabi.lib : _lock.c.obj (.data:$O1$$)
                  20002908    00000008     project_zero.obj (.data:ProjectZero_BondMgrCBs)
                  20002910    00000008     project_zero.obj (.data:ProjectZero_Button_ServiceCBs)
                  20002918    00000008     project_zero.obj (.data:ProjectZero_Data_ServiceCBs)
                  20002920    00000008     project_zero.obj (.data:ProjectZero_LED_ServiceCBs)
                  20002928    00000008     devinfoservice.obj (.data:devInfoSystemId)
                  20002930    00000008     drivers_cc26x2_v1.aem4f : PINCC26XX.oem4f (.data)
                  20002938    00000008     icall_cc2650.obj (.data)
                  20002940    00000008     profiles_pxxx_coc.a : gapgattserver.o (.data)
                  20002948    00000008     ti.uia.runtime.aem4f : QueueDescriptor.oem4f (.data)
                  20002950    00000008     ble_debug_pem4f.oem4f (.data:ti_sysbios_family_arm_cc26xx_Timer_Module__state__V)
                  20002958    00000008     ble_debug_pem4f.oem4f (.data:ti_sysbios_family_arm_m3_Hwi_Module__root__V)
                  20002960    00000008     ble_debug_pem4f.oem4f (.data:ti_sysbios_gates_GateHwi_Module__root__V)
                  20002968    00000008     ble_debug_pem4f.oem4f (.data:ti_sysbios_gates_GateHwi_Object__table__V)
                  20002970    00000008     ble_debug_pem4f.oem4f (.data:ti_sysbios_gates_GateMutexPri_Module__root__V)
                  20002978    00000008     ble_debug_pem4f.oem4f (.data:ti_sysbios_gates_GateMutex_Module__root__V)
                  20002980    00000008     ble_debug_pem4f.oem4f (.data:ti_sysbios_heaps_HeapMem_Module__root__V)
                  20002988    00000008     ble_debug_pem4f.oem4f (.data:ti_sysbios_heaps_HeapTrack_Module__root__V)
                  20002990    00000008     ble_debug_pem4f.oem4f (.data:ti_sysbios_knl_Clock_Module__root__V)
                  20002998    00000008     ble_debug_pem4f.oem4f (.data:ti_sysbios_knl_Queue_Module__root__V)
                  200029a0    00000008     ble_debug_pem4f.oem4f (.data:ti_sysbios_knl_Semaphore_Module__root__V)
                  200029a8    00000008     ble_debug_pem4f.oem4f (.data:ti_sysbios_knl_Swi_Module__root__V)
                  200029b0    00000008     ble_debug_pem4f.oem4f (.data:ti_uia_loggers_LoggerStopMode_Module__root__V)
                  200029b8    00000008     ble_debug_pem4f.oem4f (.data:xdc_runtime_Registry_Module__state__V)
                  200029c0    00000008     ble_debug_pem4f.oem4f (.data:xdc_runtime_Startup_Module__state__V)
                  200029c8    00000008     ble_debug_pem4f.oem4f (.data:xdc_runtime_System_Module__state__V)
                  200029d0    00000007     devinfoservice.obj (.data:devInfoPnpId)
                  200029d7    00000001     drivers_cc26x2_v1.aem4f : AESCCMCC26XX.oem4f (.data)
                  200029d8    00000006     nvoctp.obj (.data)
                  200029de    00000002     l2cap_pxxx_coc.a : l2cap_task.o (.data)
                  200029e0    00000005     drivers_cc26x2_v1.aem4f : GPIOCC26XX.oem4f (.data)
                  200029e5    00000001                             : AESECBCC26XX.oem4f (.data)
                  200029e6    00000002     l2cap_pxxx_coc.a : l2cap_task.o (.data)
                  200029e8    00000004     ble5_project_zero_cc26x2r1lp_stack_library.lib : osal_pwrmgr.obj (.data:$O1$$)
                  200029ec    00000004     icall.obj (.data:ICall_initParams)
                  200029f0    00000004     project_zero.obj (.data:ProjectZero_oadCBs)
                  200029f4    00000004     ble5_project_zero_cc26x2r1lp_stack_library.lib : ble_user_config.obj (.data)
                  200029f8    00000004                                                    : osal_bufmgr.obj (.data)
                  200029fc    00000004     ble_user_config.obj (.data)
                  20002a00    00000004     drivers_cc26x2_v1.aem4f : GPIOCC26XX.oem4f (.data:gpioPinTable)
                  20002a04    00000004     rtsv7M4_T_le_v4SPD16_eabi.lib : stkdepth_vars.c.obj (.data)
                  20002a08    00000004     ble_debug_pem4f.oem4f (.data:ti_sysbios_family_arm_cc26xx_TimestampProvider_Module__state__V)
                  20002a0c    00000004     ble_debug_pem4f.oem4f (.data:ti_sysbios_family_arm_m3_Hwi_Module_State_0_excContext__A)
                  20002a10    00000004     ble_debug_pem4f.oem4f (.data:ti_sysbios_family_arm_m3_Hwi_Module_State_0_excStack__A)
                  20002a14    00000004     ble_debug_pem4f.oem4f (.data:ti_sysbios_knl_Task_Module_State_0_idleTask__A)
                  20002a18    00000004     ble_debug_pem4f.oem4f (.data:xdc_runtime_Memory_Module__state__V)
                  20002a1c    00000002     ll_pxxx.a : ll_ae.o (.data)
                  20002a1e    00000002     sm_pxxx_coc.a : sm_mgr.o (.data)
                  20002a20    00000002     ble_debug_pem4f.oem4f (.data:ti_sysbios_family_arm_m3_Hwi_Module_State_0_excActive__A)
                  20002a22    00000002     ble_debug_pem4f.oem4f (.data:xdc_runtime_Error_Module__state__V)
                  20002a24    00000001     drivers_cc26x2_v1.aem4f : ECDHCC26X2.oem4f (.data)
                  20002a25    00000001                             : NVS.oem4f (.data)
                  20002a26    00000001                             : SPI.oem4f (.data)
                  20002a27    00000001                             : UART.oem4f (.data)
                  20002a28    00000001     flash_interface_ext_rtos_NVS.obj (.data)
                  20002a29    00000001     gap_pxxx_coc.a : gap_advertiser.o (.data)
                  20002a2a    00000001                    : gap_task.o (.data)
                  20002a2b    00000001     gatt_pxxx_coc.a : gatt_client.o (.data)
                  20002a2c    00000001                     : gatt_server.o (.data)
                  20002a2d    00000001                     : gatt_task.o (.data)
                  20002a2e    00000001     l2cap_pxxx_coc.a : l2cap_task.o (.data)
                  20002a2f    00000001                      : l2cap_task.o (.data)
                  20002a30    00000001     ll_pxxx.a : ll_ae.o (.data)
                  20002a31    00000001               : ll_ae.o (.data)
                  20002a32    00000001               : ll_scheduler.o (.data)
                  20002a33    00000001     led_service.obj (.data:ls_LED0Val)
                  20002a34    00000001     led_service.obj (.data:ls_LED1Val)
                  20002a35    00000001     profiles_pxxx_coc.a : gapgattserver.o (.data)
                  20002a36    00000001                         : gapgattserver.o (.data)
                  20002a37    00000001                         : gapgattserver.o (.data)
                  20002a38    00000001                         : gapgattserver.o (.data)
                  20002a39    00000001                         : gapgattserver.o (.data)
                  20002a3a    00000001                         : gattservapp.o (.data)
                  20002a3b    00000001                         : gattservapp.o (.data)

.bss       0    20002a80    0000aa39     UNINITIALIZED
                  20002a80    00007530     (.common:ti_sysbios_heaps_HeapMem_Instance_State_0_buf__A)
                  20009fb0    00000800     (.common:appTaskStack)
                  2000a7b0    00000050     (.common:pzTask)
                  2000a800    00000800     (.common:ti_uia_loggers_LoggerStopMode_Instance_State_1_packetArray__A)
                  2000b000    00000500     (.common:uartLog_evBuf)
                  2000b500    00000300     ble_debug_pem4f.oem4f (.bss:taskStackSection)
                  2000b800    00000300     (.common:xdc_runtime_SysMin_Module_State_0_outbuf__A)
                  2000bb00    00000250     (.common:uartCC26XXObjects)
                  2000bd50    00000030     rf_multiMode_cc26x2_v1.aem4f : RFCC26X2_multiMode.oem4f (.bss:RF_Sch)
                  2000bd80    00000200     (.common:ti_uia_loggers_LoggerStopMode_Instance_State_0_packetArray__A)
                  2000bf80    000001c0                                  : RFCC26X2_multiMode.oem4f (.bss:RF_cmdPool)
                  2000c140    000001a0     (.common:spiCC26X2DMAObjects)
                  2000c2e0    00000120     rtsv7M4_T_le_v4SPD16_eabi.lib : trgmsg.c.obj (.bss:_CIOBUF_)
                  2000c400    00000100     (.common:crcBuf)
                  2000c500    000000d8     (.common:ti_sysbios_family_arm_m3_Hwi_dispatchTable)
                  2000c5d8    000000c8     ll_pxxx.a : ll.o (.bss)
                  2000c6a0    000000ac     (.common:uartLog_outBuf)
                  2000c74c    0000007c     (.common:pinHandleTable)
                  2000c7c8    00000068     rf_multiMode_cc26x2_v1.aem4f : RFCC26X2_multiMode.oem4f (.bss:RF_ratModule)
                  2000c830    00000060     project_zero.obj (.bss:connList)
                  2000c890    00000054     (.common:ecdhCC26X2Objects)
                  2000c8e4    0000004c     (.common:aesccmCC26XXObjects)
                  2000c930    0000004c     (.common:aesecbCC26XXObjects)
                  2000c97c    00000048     icall.obj (.bss:ICall_entities)
                  2000c9c4    00000044     ll_pxxx.a : ll_ae.o (.bss)
                  2000ca08    00000044     sm_pxxx_coc.a : sm_pairing.o (.bss)
                  2000ca4c    00000040     CC26X2R1_LAUNCHXL.obj (.bss:verifyBuf)
                  2000ca8c    00000040     (.common:uartCC26XXRingBuffer)
                  2000cacc    00000038     oad.obj (.bss:candidateImageHeader)
                  2000cb04    00000038     ll_pxxx.a : ble.o (.bss)
                  2000cb3c    00000034     rf_multiMode_cc26x2_v1.aem4f : RFCC26X2_multiMode.oem4f (.bss:RF_swiFsmObj)
                  2000cb70    00000034                                  : RFCC26X2_multiMode.oem4f (.bss:RF_swiHwObj)
                  2000cba4    00000034     drivers_cc26x2_v1.aem4f : PINCC26XX.oem4f (.bss:pinSwi)
                  2000cbd8    00000030     gap_pxxx_coc.a : linkdb.o (.bss)
                  2000cc08    00000030     l2cap_pxxx_coc.a : l2cap_task.o (.bss)
                  2000cc38    00000028     (.common:nvFptrs)
                  2000cc60    00000020     rf_multiMode_cc26x2_v1.aem4f : RFCC26X2_multiMode.oem4f (.bss:RF_cmdQ)
                  2000cc80    00000030     (.common:ti_uia_loggers_LoggerStopMode_Instance_State_0_hdr__A)
                  2000ccb0    00000024     icall.obj (.bss:ICall_tasks)
                  2000ccd4    00000024     rf_multiMode_cc26x2_v1.aem4f : RFCC26X2_multiMode.oem4f (.bss:RF_clkPowerUpObj)
                  2000ccf8    00000008     button_service.obj (.bss)
                  2000cd00    00000030     (.common:ti_uia_loggers_LoggerStopMode_Instance_State_1_hdr__A)
                  2000cd30    00000024     project_zero.obj (.bss:button0DebounceClock)
                  2000cd54    00000024     project_zero.obj (.bss:button1DebounceClock)
                  2000cd78    00000024     ll_pxxx.a : ll.o (.bss)
                  2000cd9c    00000024               : ll_enc.o (.bss)
                  2000cdc0    00000024     oad.obj (.bss:oadActivityClk)
                  2000cde4    00000020     drivers_cc26x2_v1.aem4f : GPIOCC26XX.oem4f (.bss:gpioCallbackInfo)
                  2000ce04    00000020     ll_pxxx.a : ll_ecc.o (.bss)
                  2000ce24    00000020               : ll_enc.o (.bss)
                  2000ce44    00000020     drivers_cc26x2_v1.aem4f : PINCC26XX.oem4f (.bss:pinGpioConfigTable)
                  2000ce64    00000020     project_zero.obj (.bss)
                  2000ce84    00000020     (.common:udmaObjects)
                  2000cea4    0000001c     rf_multiMode_cc26x2_v1.aem4f : RFCC26X2_multiMode.oem4f (.bss:RF_hwiCpe0Obj)
                  2000cec0    0000001c                                  : RFCC26X2_multiMode.oem4f (.bss:RF_hwiHwObj)
                  2000cedc    0000001c     gap_pxxx_coc.a : gap_configmgr.o (.bss)
                  2000cef8    0000001c     ll_pxxx.a : ble.o (.bss)
                  2000cf14    0000001c     drivers_cc26x2_v1.aem4f : PINCC26XX.oem4f (.bss:pinHwi)
                  2000cf30    0000001c                             : PINCC26XX.oem4f (.bss:pinSemaphore)
                  2000cf4c    0000001c     (.common:CryptoResourceCC26XX_accessSemaphore)
                  2000cf68    0000001c     (.common:CryptoResourceCC26XX_hwi)
                  2000cf84    0000001c     (.common:CryptoResourceCC26XX_operationSemaphore)
                  2000cfa0    0000001c     (.common:PKAResourceCC26XX_accessSemaphore)
                  2000cfbc    0000001c     (.common:PKAResourceCC26XX_hwi)
                  2000cfd8    0000001c     (.common:PKAResourceCC26XX_operationSemaphore)
                  2000cff4    00000019     nvoctp.obj (.bss)
                  2000d00d    00000002     drivers_cc26x2_v1.aem4f : UARTCC26XX.oem4f (.bss)
                  2000d00f    00000001     att_pxxx_coc.a : att_util.o (.bss)
                  2000d010    00000018     profiles_pxxx_coc.a : gapgattserver.o (.bss)
                  2000d028    00000018                         : gattservapp.o (.bss)
                  2000d040    00000016     rf_multiMode_cc26x2_v1.aem4f : RFCC26X2_multiMode.oem4f (.bss)
                  2000d056    00000002     hci_pxxx.a : hci.o (.bss)
                  2000d058    00000014     rf_multiMode_cc26x2_v1.aem4f : RFCC26X2_multiMode.oem4f (.bss:RF_ratSyncCmd)
                  2000d06c    00000014                                  : RFCC26X2_multiMode.oem4f (.bss:RF_wakeupNotifyObj)
                  2000d080    00000014     project_zero.obj (.bss:addrStr$4)
                  2000d094    00000014     project_zero.obj (.bss:addrStr$6)
                  2000d0a8    00000014     project_zero.obj (.bss:addrStr$7)
                  2000d0bc    00000014     ll_pxxx.a : ble.o (.bss)
                  2000d0d0    00000014               : ll.o (.bss)
                  2000d0e4    00000014     oad.obj (.bss)
                  2000d0f8    00000014     driverlib.lib : osc.obj (.bss:oscHfGlobals)
                  2000d10c    00000014     drivers_cc26x2_v1.aem4f : GPIOCC26XX.oem4f (.bss:powerNotifyObj)
                  2000d120    00000010     rf_multiMode_cc26x2_v1.aem4f : RFCC26X2_multiMode.oem4f (.bss:RF_core)
                  2000d130    00000010     gap_pxxx_coc.a : gap_configmgr.o (.bss)
                  2000d140    00000010     ll_pxxx.a : ble.o (.bss)
                  2000d150    00000010               : ll_ecc.o (.bss)
                  2000d160    00000010               : ll_ecc.o (.bss)
                  2000d170    00000010               : ll_ecc.o (.bss)
                  2000d180    00000010               : ll_ecc.o (.bss)
                  2000d190    00000010               : ll_ecc.o (.bss)
                  2000d1a0    00000010               : ll_ecc.o (.bss)
                  2000d1b0    00000010               : ll_enc.o (.bss)
                  2000d1c0    00000010               : ll_enc.o (.bss)
                  2000d1d0    00000010               : ll_enc.o (.bss)
                  2000d1e0    00000010               : ll_enc.o (.bss)
                  2000d1f0    00000010     project_zero.obj (.bss:pretty_data_holder$8)
                  2000d200    00000010     drivers_cc26x2_v1.aem4f : NVSSPI25X.oem4f (.bss:spiHandles)
                  2000d210    0000000c     ble5_project_zero_cc26x2r1lp_stack_library.lib : osal_timers.obj (.bss:$O1$$)
                  2000d21c    0000000c     nvoctp.obj (.bss:NVOCTP_itemBuffer)
                  2000d228    0000000c     nvoctp.obj (.bss:NVOCTP_nvsAttrs)
                  2000d234    0000000c     project_zero.obj (.bss:appMsgQueue)
                  2000d240    0000000c     project_zero.obj (.bss:buttonPinState)
                  2000d24c    0000000c     drivers_cc26x2_v1.aem4f : NVSCC26XX.oem4f (.bss)
                  2000d258    0000000c                             : NVSSPI25X.oem4f (.bss)
                  2000d264    0000000c                             : GPIOCC26XX.oem4f (.bss:gpioPinState)
                  2000d270    0000000c     project_zero.obj (.bss:ledPinState)
                  2000d27c    0000000c     ll_pxxx.a : ll_ecc.o (.bss)
                  2000d288    0000000c               : ll_enc.o (.bss)
                  2000d294    0000000c               : ll_scheduler.o (.bss)
                  2000d2a0    0000000c     oad.obj (.bss:oadQ)
                  2000d2ac    0000000c     flash_interface_ext_rtos_NVS.obj (.bss:regionAttrs)
                  2000d2b8    0000000c     (.common:nvsSPI25XObjects)
                  2000d2c4    00000008     drivers_cc26x2_v1.aem4f : GPIOCC26XX.oem4f (.bss)
                  2000d2cc    00000008     gap_pxxx_coc.a : gap_configmgr.o (.bss)
                  2000d2d4    00000008                    : gap_linkmgr.o (.bss)
                  2000d2dc    00000008     hci_pxxx.a : hci_event.o (.bss)
                  2000d2e4    00000008                : hci_event.o (.bss)
                  2000d2ec    00000008                : hci_event.o (.bss)
                  2000d2f4    00000008     ll_pxxx.a : ll.o (.bss)
                  2000d2fc    00000008               : ll.o (.bss)
                  2000d304    00000008               : ll.o (.bss)
                  2000d30c    00000008               : ll.o (.bss)
                  2000d314    00000008               : ll.o (.bss)
                  2000d31c    00000004     att_pxxx_coc.a : att_client.o (.bss)
                  2000d320    00000008     ll_pxxx.a : ll.o (.bss)
                  2000d328    00000008               : ll_common.o (.bss)
                  2000d330    00000008               : ll_privacy.o (.bss)
                  2000d338    00000008     project_zero.obj (.bss:paramUpdateList)
                  2000d340    00000008     profiles_pxxx_coc.a : gattservapp.o (.bss)
                  2000d348    00000008     project_zero.obj (.bss:setPhyCommStatList)
                  2000d350    00000008     project_zero.obj (.bss:versionStr$1)
                  2000d358    00000008     (.common:parmbuf)
                  2000d360    00000004     att_pxxx_coc.a : att_server.o (.bss)
                  2000d364    00000004     data_service.obj (.bss)
                  2000d368    00000004     drivers_cc26x2_v1.aem4f : ECDHCC26X2.oem4f (.bss)
                  2000d36c    00000004                             : PINCC26XX.oem4f (.bss)
                  2000d370    00000004     flash_interface_ext_rtos_NVS.obj (.bss)
                  2000d374    00000004     gap_pxxx_coc.a : gap_advertiser.o (.bss)
                  2000d378    00000004                    : gap_linkmgr.o (.bss)
                  2000d37c    00000004                    : gap_linkmgr.o (.bss)
                  2000d380    00000004                    : gap_linkmgr.o (.bss)
                  2000d384    00000004                    : gap_linkmgr.o (.bss)
                  2000d388    00000004                    : gap_perilinkmgr.o (.bss)
                  2000d38c    00000004                    : gap_task.o (.bss)
                  2000d390    00000004                    : linkdb.o (.bss)
                  2000d394    00000004     gatt_pxxx_coc.a : gatt_client.o (.bss)
                  2000d398    00000004                     : gatt_server.o (.bss)
                  2000d39c    00000004                     : gatt_server.o (.bss)
                  2000d3a0    00000004                     : gatt_task.o (.bss)
                  2000d3a4    00000004                     : gatt_task.o (.bss)
                  2000d3a8    00000004     icall.obj (.bss)
                  2000d3ac    00000004     l2cap_pxxx_coc.a : l2cap_task.o (.bss)
                  2000d3b0    00000004                      : l2cap_task.o (.bss)
                  2000d3b4    00000004     ll_pxxx.a : ble.o (.bss)
                  2000d3b8    00000004               : ble.o (.bss)
                  2000d3bc    00000004               : ble.o (.bss)
                  2000d3c0    00000004               : ble.o (.bss)
                  2000d3c4    00000004               : ble.o (.bss)
                  2000d3c8    00000004               : ll.o (.bss)
                  2000d3cc    00000004               : ll.o (.bss)
                  2000d3d0    00000004               : ll.o (.bss)
                  2000d3d4    00000004               : ll.o (.bss)
                  2000d3d8    00000004               : ll.o (.bss)
                  2000d3dc    00000004               : ll.o (.bss)
                  2000d3e0    00000004               : ll.o (.bss)
                  2000d3e4    00000004               : ll.o (.bss)
                  2000d3e8    00000004               : ll.o (.bss)
                  2000d3ec    00000004               : ll.o (.bss)
                  2000d3f0    00000004               : ll.o (.bss)
                  2000d3f4    00000004               : ll.o (.bss)
                  2000d3f8    00000004               : ll_ae.o (.bss)
                  2000d3fc    00000004               : ll_ecc.o (.bss)
                  2000d400    00000004               : ll_ecc.o (.bss)
                  2000d404    00000004               : ll_enc.o (.bss)
                  2000d408    00000004               : ll_enc.o (.bss)
                  2000d40c    00000004               : ll_privacy.o (.bss)
                  2000d410    00000004               : ll_wl.o (.bss)
                  2000d414    00000004               : ll_wl.o (.bss)
                  2000d418    00000004     flash_interface_ext_rtos_NVS.obj (.bss:nvsParams)
                  2000d41c    00000004     profiles_pxxx_coc.a : gapgattserver.o (.bss)
                  2000d420    00000004                         : gattservapp.o (.bss)
                  2000d424    00000004                         : gattservapp.o (.bss)
                  2000d428    00000004                         : gattservapp.o (.bss)
                  2000d42c    00000004                         : gattservapp.o (.bss)
                  2000d430    00000004     sm_pxxx_coc.a : sm_pairing.o (.bss)
                  2000d434    00000004                   : sm_pairing.o (.bss)
                  2000d438    00000004                   : sm_pairing.o (.bss)
                  2000d43c    00000004                   : sm_rsppairing.o (.bss)
                  2000d440    00000004     drivers_cc26x2_v1.aem4f : NVSSPI25X.oem4f (.bss:spiHandleUsers)
                  2000d444    00000004     (.common:ClockP_tickPeriod)
                  2000d448    00000004     (.common:PowerCC26XX_swiKey)
                  2000d44c    00000004     (.common:PowerCC26XX_taskKey)
                  2000d450    00000004     (.common:nvsCC26xxObjects)
                  2000d454    00000004     (.common:tasksEvents)
                  2000d458    00000004     (.common:trngCC26XXObjects)
                  2000d45c    00000002     ll_pxxx.a : ll.o (.bss)
                  2000d45e    00000002               : ll.o (.bss)
                  2000d460    00000002               : ll.o (.bss)
                  2000d462    00000002               : ll.o (.bss)
                  2000d464    00000002               : ll.o (.bss)
                  2000d466    00000002               : ll.o (.bss)
                  2000d468    00000002               : ll.o (.bss)
                  2000d46a    00000002               : ll.o (.bss)
                  2000d46c    00000002               : ll.o (.bss)
                  2000d46e    00000002               : ll.o (.bss)
                  2000d470    00000002               : ll.o (.bss)
                  2000d472    00000002               : ll.o (.bss)
                  2000d474    00000002               : ll.o (.bss)
                  2000d476    00000002               : ll_slave_end_causes.o (.bss)
                  2000d478    00000002     profiles_pxxx_coc.a : gapgattserver.o (.bss)
                  2000d47a    00000002                         : gattservapp.o (.bss)
                  2000d47c    00000001     gap_pxxx_coc.a : gap_advertiser.o (.bss)
                  2000d47d    00000001                    : gap_advertiser.o (.bss)
                  2000d47e    00000001                    : gap_advertiser.o (.bss)
                  2000d47f    00000001                    : gap_configmgr.o (.bss)
                  2000d480    00000001                    : gap_configmgr.o (.bss)
                  2000d481    00000001                    : gap_devmgr.o (.bss)
                  2000d482    00000001                    : gap_linkmgr.o (.bss)
                  2000d483    00000001                    : gap_task.o (.bss)
                  2000d484    00000001                    : linkdb.o (.bss)
                  2000d485    00000001                    : linkdb.o (.bss)
                  2000d486    00000001     gatt_pxxx_coc.a : gatt_task.o (.bss)
                  2000d487    00000001                     : gatt_task.o (.bss)
                  2000d488    00000001     hci_pxxx.a : hci.o (.bss)
                  2000d489    00000001                : hci.o (.bss)
                  2000d48a    00000001     hci_tl_none.a : hci_tl.o (.bss)
                  2000d48b    00000001                   : hci_tl.o (.bss)
                  2000d48c    00000001                   : hci_tl.o (.bss)
                  2000d48d    00000001                   : hci_tl.o (.bss)
                  2000d48e    00000001                   : hci_tl.o (.bss)
                  2000d48f    00000001     l2cap_pxxx_coc.a : l2cap_if.o (.bss)
                  2000d490    00000001                      : l2cap_task.o (.bss)
                  2000d491    00000001                      : l2cap_task.o (.bss)
                  2000d492    00000001                      : l2cap_task.o (.bss)
                  2000d493    00000001                      : l2cap_task.o (.bss)
                  2000d494    00000001                      : l2cap_task.o (.bss)
                  2000d495    00000001                      : l2cap_task.o (.bss)
                  2000d496    00000001                      : l2cap_util.o (.bss)
                  2000d497    00000001                      : l2cap_util.o (.bss)
                  2000d498    00000001     ll_pxxx.a : ll.o (.bss)
                  2000d499    00000001               : ll.o (.bss)
                  2000d49a    00000001               : ll.o (.bss)
                  2000d49b    00000001               : ll.o (.bss)
                  2000d49c    00000001               : ll.o (.bss)
                  2000d49d    00000001               : ll.o (.bss)
                  2000d49e    00000001               : ll.o (.bss)
                  2000d49f    00000001               : ll.o (.bss)
                  2000d4a0    00000001               : ll.o (.bss)
                  2000d4a1    00000001               : ll.o (.bss)
                  2000d4a2    00000001               : ll.o (.bss)
                  2000d4a3    00000001               : ll.o (.bss)
                  2000d4a4    00000001               : ll.o (.bss)
                  2000d4a5    00000001               : ll.o (.bss)
                  2000d4a6    00000001               : ll.o (.bss)
                  2000d4a7    00000001               : ll.o (.bss)
                  2000d4a8    00000001               : ll.o (.bss)
                  2000d4a9    00000001               : ll.o (.bss)
                  2000d4aa    00000001               : ll.o (.bss)
                  2000d4ab    00000001               : ll.o (.bss)
                  2000d4ac    00000001               : ll_ae.o (.bss)
                  2000d4ad    00000001               : ll_ae.o (.bss)
                  2000d4ae    00000001               : ll_ae.o (.bss)
                  2000d4af    00000001               : ll_config.o (.bss)
                  2000d4b0    00000001               : ll_config.o (.bss)
                  2000d4b1    00000001     profiles_pxxx_coc.a : gapgattserver.o (.bss)
                  2000d4b2    00000001                         : gattservapp.o (.bss)
                  2000d4b3    00000001                         : gattservapp.o (.bss)
                  2000d4b4    00000001     sm_pxxx_coc.a : sm_task.o (.bss)
                  2000d4b5    00000001                   : sm_task.o (.bss)
                  2000d4b6    00000001     (.common:driverlib_release_0_52354)
                  2000d4b7    00000001     (.common:icall_liteTaskId)
                  2000d4b8    00000001     (.common:osal_entity)

.vtable    0    2000d4b9    00000000     UNINITIALIZED

.vtable_ram 
*          0    2000d4b9    00000000     UNINITIALIZED

vtable_ram 
*          0    2000d4b9    00000000     UNINITIALIZED

.sysmem    0    2000d4b9    00000000     UNINITIALIZED

.nonretenvar 
*          0    2000d4b9    00000000     UNINITIALIZED

.stack     0    200130f8    00000400     UNINITIALIZED
                  200130f8    00000400     --HOLE--

.text      0    00000090    0002c9ec     
                  00000090    000012a4     ll_pxxx.a : ll.o (.text)
                  00001334    00000808               : ble.o (.text)
                  00001b3c    0000070c               : ll_adv_end_causes.o (.text)
                  00002248    00000514               : ll_slave_end_causes.o (.text)
                  0000275c    000004a4               : ll_slave_end_causes.o (.text)
                  00002c00    00000440               : ll_ae.o (.text)
                  00003040    00000420     sysbios.aem4f : BIOS.obj (.text:ti_sysbios_family_arm_m3_Hwi_excDumpRegs__I)
                  00003460    0000041c     oad.obj (.text:oadProcessExtControlCmd)
                  0000387c    00000414     project_zero.obj (.text:ProjectZero_init)
                  00003c90    0000040f     project_zero.obj (.text:ProjectZero_bootManagerCheck)
                  0000409f    00000001     --HOLE-- [fill = 0]
                  000040a0    000003e8     ble5_project_zero_cc26x2r1lp_stack_library.lib : gapbondmgr.obj (.text:GAPBondMgr_ProcessGAPMsg)
                  00004488    00000398     ll_pxxx.a : ll.o (.text)
                  00004820    00000368     project_zero.obj (.text:ProjectZero_processGapMessage)
                  00004b88    0000032c     ll_pxxx.a : ll_isr.o (.text)
                  00004eb4    00000314               : ll_ae.o (.text)
                  000051c8    00000314     sysbios.aem4f : BIOS.obj (.text:xdc_runtime_System_doPrint__I)
                  000054dc    0000030c                   : BIOS.obj (.text:ti_sysbios_knl_Event_pend__E)
                  000057e8    00000300     rf_multiMode_cc26x2_v1.aem4f : RFCC26X2_multiMode.oem4f (.text:RF_fsmActiveState)
                  00005ae8    000002f8     ll_pxxx.a : ll_isr.o (.text)
                  00005de0    000002bc     drivers_cc26x2_v1.aem4f : SPICC26X2DMA.oem4f (.text:SPICC26X2DMA_transfer)
                  0000609c    000002b0     ll_pxxx.a : ll_slave_end_causes.o (.text)
                  0000634c    0000029c     data_service.obj (.text:Data_Service_WriteAttrCB)
                  000065e8    00000284     sysbios.aem4f : BIOS.obj (.text:ti_sysbios_knl_Semaphore_pend__E)
                  0000686c    00000260     hci_pxxx.a : hci_event.o (.text)
                  00006acc    0000025c     oad.obj (.text:oadImgBlockWrite)
                  00006d28    00000258     ll_pxxx.a : ll_ae.o (.text)
                  00006f80    00000258               : ll_common.o (.text)
                  000071d8    00000240     button_service.obj (.text:ButtonService_SetParameter)
                  00007418    00000240     data_service.obj (.text:DataService_SetParameter)
                  00007658    00000238     sysbios.aem4f : BIOS.obj (.text:ti_sysbios_heaps_HeapMem_freeUnprotected__E)
                  00007890    00000230     ll_pxxx.a : ll_scheduler.o (.text)
                  00007ac0    00000228     drivers_cc26x2_v1.aem4f : SPICC26X2DMA.oem4f (.text:SPICC26X2DMA_hwiFxn)
                  00007ce8    0000021c     ll_pxxx.a : ll_ae.o (.text)
                  00007f04    00000214               : ll_ae.o (.text)
                  00008118    00000210               : ll_common.o (.text)
                  00008328    0000020c     ble5_project_zero_cc26x2r1lp_stack_library.lib : gapbondmgr.obj (.text:GAPBondMgr_ProcessEvent)
                  00008534    00000208                                                    : gapbondmgr.obj (.text:GAPBondMgr_SetParameter)
                  0000873c    00000208     ll_pxxx.a : ll_isr.o (.text)
                  00008944    00000204     profiles_pxxx_coc.a : gattservapp.o (.text)
                  00008b48    00000204     sm_pxxx_coc.a : sm_pairing.o (.text)
                  00008d4c    00000200     ll_pxxx.a : ll_scheduler.o (.text)
                  00008f4c    00000200     project_zero.obj (.text:projectZero_eraseExternalFlash)
                  0000914c    000001fe     main.obj (.text:AssertHandler)
                  0000934a    00000002     ble_user_config.obj (.text:DefaultAssertCback)
                  0000934c    000001f8     sysbios.aem4f : BIOS.obj (.text:ti_sysbios_heaps_HeapMem_allocUnprotected__E)
                  00009544    000001f8                   : BIOS.obj (.text:ti_sysbios_knl_Task_Instance_finalize__E)
                  0000973c    000001e4     sm_pxxx_coc.a : sm_rsppairing.o (.text)
                  00009920    000001d8     led_service.obj (.text:LED_Service_WriteAttrCB)
                  00009af8    000001d8     project_zero.obj (.text:ProjectZero_taskFxn)
                  00009cd0    000001d8     ble5_project_zero_cc26x2r1lp_stack_library.lib : gapbondmgr.obj (.text:gapBondMgrAddBond)
                  00009ea8    000001d4     ll_pxxx.a : ll_common.o (.text)
                  0000a07c    000001c8     ble5_project_zero_cc26x2r1lp_stack_library.lib : osal.obj (.text:osal_run_system)
                  0000a244    000001c4     nvoctp.obj (.text:NVOCTP_initNvApi)
                  0000a408    000001c0     drivers_cc26x2_v1.aem4f : PINCC26XX.oem4f (.text:PIN_init)
                  0000a5c8    000001b8     ble5_project_zero_cc26x2r1lp_stack_library.lib : gap.obj (.text:GAP_DeviceInit)
                  0000a780    000001b5     project_zero.obj (.text:ProjectZero_processHCIMsg)
                  0000a935    00000001     --HOLE-- [fill = 0]
                  0000a936    00000002     driverlib.lib : rfc.obj (.text:NOROM_RFCCpePatchReset)
                  0000a938    000001b0     sysbios.aem4f : BIOS.obj (.text:ti_sysbios_knl_Task_Instance_init__E)
                  0000aae8    000001ac                   : BIOS.obj (.text:ti_sysbios_knl_Task_sleep__E)
                  0000ac94    000001a4     drivers_cc26x2_v1.aem4f : PowerCC26X2.oem4f (.text:Power_sleep)
                  0000ae38    000001a4     gap_pxxx_coc.a : gap_advertiser.o (.text)
                  0000afdc    0000019c     ll_pxxx.a : ll_isr.o (.text)
                  0000b178    00000194     driverlib.lib : pka.obj (.text:NOROM_PKAEccVerifyPublicKeyWeierstrassStart)
                  0000b30c    00000194     drivers_cc26x2_v1.aem4f : PowerCC26X2_calibrateRCOSC.oem4f (.text:runCalibrateFsm)
                  0000b4a0    00000190                             : ECDHCC26X2.oem4f (.text:ECDHCC26X2_runFSM)
                  0000b630    00000190     ll_pxxx.a : ll.o (.text)
                  0000b7c0    0000018c     rf_multiMode_cc26x2_v1.aem4f : RFCC26X2_multiMode.oem4f (.text:RF_scheduleCmd)
                  0000b94c    00000180     drivers_cc26x2_v1.aem4f : SPICC26X2DMA.oem4f (.text:configNextTransfer)
                  0000bacc    00000180     sysbios.aem4f : BIOS.obj (.text:ti_sysbios_gates_GateMutexPri_enter__E)
                  0000bc4c    00000180                   : BIOS.obj (.text:ti_sysbios_knl_Task_setPri__E)
                  0000bdcc    00000178     profiles_pxxx_coc.a : gattservapp.o (.text)
                  0000bf44    00000170     drivers_cc26x2_v1.aem4f : SPICC26X2DMA.oem4f (.text:SPICC26X2DMA_transferCancel)
                  0000c0b4    0000016c     sysbios.aem4f : BIOS.obj (.text:ti_sysbios_family_arm_m3_Hwi_excBusFault__I)
                  0000c220    00000168     crc32.obj (.text:CRC32_calc)
                  0000c388    00000168     drivers_cc26x2_v1.aem4f : NVSSPI25X.oem4f (.text:NVSSPI25X_write)
                  0000c4f0    00000168     UartLog.obj (.text:uartLog_doPrint)
                  0000c658    00000164     button_service.obj (.text:Button_Service_ReadAttrCB)
                  0000c7bc    00000160     data_service.obj (.text:Data_Service_ReadAttrCB)
                  0000c91c    00000160     led_service.obj (.text:LED_Service_ReadAttrCB)
                  0000ca7c    00000160     rf_multiMode_cc26x2_v1.aem4f : RFCC26X2_multiMode.oem4f (.text:RF_getInfo)
                  0000cbdc    00000160     gatt_pxxx_coc.a : gatt_client.o (.text)
                  0000cd3c    00000160     ll_pxxx.a : ll_data.o (.text)
                  0000ce9c    0000015c     drivers_cc26x2_v1.aem4f : UARTCC26XX.oem4f (.text:UARTCC26XX_open)
                  0000cff8    0000015c                             : PowerCC26X2_calibrateRCOSC.oem4f (.text:calibrateRcoscHf1)
                  0000d154    0000015c     sm_pxxx_coc.a : sm_mgr.o (.text)
                  0000d2b0    00000158     sysbios.aem4f : BIOS.obj (.text:ti_sysbios_family_arm_m3_Hwi_excUsageFault__I)
                  0000d408    00000154     led_service.obj (.text:LedService_SetParameter)
                  0000d55c    00000154     nvoctp.obj (.text:NVOCTP_compactPage)
                  0000d6b0    00000154     drivers_cc26x2_v1.aem4f : UARTCC26XX.oem4f (.text:UARTCC26XX_hwiIntFxn)
                  0000d804    00000154     gap_pxxx_coc.a : gap_advertiser.o (.text)
                  0000d958    00000150     sysbios.aem4f : BIOS.obj (.text:ti_sysbios_heaps_HeapTrack_free__E)
                  0000daa8    0000014c     gatt_pxxx_coc.a : gatt_server.o (.text)
                  0000dbf4    00000148     nvoctp.obj (.text:NVOCTP_writeItem)
                  0000dd3c    00000148     driverlib.lib : setup.obj (.text:TrimAfterColdResetWakeupFromShutDown)
                  0000de84    00000148     l2cap_pxxx_coc.a : l2cap_task.o (.text)
                  0000dfcc    00000148     sm_pxxx_coc.a : sm_mgr.o (.text)
                  0000e114    00000144     button_service.obj (.text:Button_Service_WriteAttrCB)
                  0000e258    00000144     oad.obj (.text:OAD_processQueue)
                  0000e39c    00000140     project_zero.obj (.text:ProjectZero_LedService_ValueChangeHandler)
                  0000e4dc    00000140     drivers_cc26x2_v1.aem4f : SPICC26X2DMA.oem4f (.text:initIO)
                  0000e61c    00000140     ll_pxxx.a : ll_common.o (.text)
                  0000e75c    00000140               : ll_isr.o (.text)
                  0000e89c    00000140     sysbios.aem4f : BIOS.obj (.text:ti_sysbios_family_arm_m3_Hwi_excMemFault__I)
                  0000e9dc    00000140                   : BIOS.obj (.text:ti_sysbios_knl_Event_post__E)
                  0000eb1c    0000013c     ble5_project_zero_cc26x2r1lp_stack_library.lib : gapbondmgr.obj (.text:gapBondMgrAuthenticate)
                  0000ec58    0000013c     ble_debug_pem4f.oem4f (.text:ti_uia_loggers_LoggerStopMode_writeMemoryRange__E)
                  0000ed94    00000138     drivers_cc26x2_v1.aem4f : NVSCC26XX.oem4f (.text:NVSCC26XX_write)
                  0000eecc    00000138                             : UARTCC26XX.oem4f (.text:UARTCC26XX_read)
                  0000f004    00000138     profiles_pxxx_coc.a : gattservapp.o (.text)
                  0000f13c    00000138     sysbios.aem4f : BIOS.obj (.text:ti_sysbios_heaps_HeapMem_Instance_init__E)
                  0000f274    00000130     drivers_cc26x2_v1.aem4f : PowerCC26X2.oem4f (.text:Power_init)
                  0000f3a4    00000130     sysbios.aem4f : BIOS.obj (.text:xdc_runtime_Error_policyDefault__E)
                  0000f4d4    0000012c     project_zero.obj (.text:ProjectZero_handleUpdateLinkEvent)
                  0000f600    0000012c     drivers_cc26x2_v1.aem4f : SPICC26X2DMA.oem4f (.text:SPICC26X2DMA_open)
                  0000f72c    0000012c     sysbios.aem4f : BIOS.obj (.text:ti_sysbios_knl_Semaphore_post__E)
                  0000f858    00000128     project_zero.obj (.text:projectZero_revertToFactoryImage)
                  0000f980    00000124     rf_multiMode_cc26x2_v1.aem4f : RFCC26X2_multiMode.oem4f (.text:RF_abortCmd)
                  0000faa4    00000124                                  : RFCC26X2_multiMode.oem4f (.text:RF_init)
                  0000fbc8    00000124     ll_pxxx.a : ll_scheduler.o (.text)
                  0000fcec    00000120     rf_multiMode_cc26x2_v1.aem4f : RFCC26X2_multiMode.oem4f (.text:RF_fsmSetupState)
                  0000fe0c    0000011c     l2cap_pxxx_coc.a : l2cap_util.o (.text)
                  0000ff28    0000011c     profiles_pxxx_coc.a : gattservapp.o (.text)
                  00010044    0000011c     sysbios.aem4f : BIOS.obj (.text:ti_sysbios_family_arm_m3_Hwi_dispatchC__I)
                  00010160    0000011a     l2cap_pxxx_coc.a : l2cap_task.o (.text)
                  0001027a    00000002     drivers_cc26x2_v1.aem4f : NVSSPI25X.oem4f (.text:NVSSPI25X_deinitSpiCs)
                  0001027c    00000118     driverlib.lib : sys_ctrl.obj (.text:NOROM_SysCtrlStandby)
                  00010394    00000118     rf_multiMode_cc26x2_v1.aem4f : RFCC26X2_multiMode.oem4f (.text:RF_decodeOverridePointers)
                  000104ac    00000118                                  : RFCC26X2_multiMode.oem4f (.text:RF_radioOpDoneCb)
                  000105c4    00000118     profiles_pxxx_coc.a : gattservapp.o (.text)
                  000106dc    00000118     ble_debug_pem4f.oem4f (.text:ti_uia_loggers_LoggerStopMode_write8__E)
                  000107f4    00000114     project_zero.obj (.text:ProjectZero_processPairState)
                  00010908    00000114     ll_pxxx.a : ll_common.o (.text)
                  00010a1c    00000114     sm_pxxx_coc.a : sm_rsppairing.o (.text)
                  00010b30    00000114     sysbios.aem4f : BIOS.obj (.text:ti_sysbios_knl_Swi_run__I)
                  00010c44    00000110     gatt_pxxx_coc.a : gatt_server.o (.text)
                  00010d54    00000110     sm_pxxx_coc.a : sm_rsppairing.o (.text)
                  00010e64    00000108     rf_multiMode_cc26x2_v1.aem4f : RFCC26X2_multiMode.oem4f (.text:RF_fsmChangePhyState)
                  00010f6c    00000108     gap_pxxx_coc.a : gap_advertiser.o (.text)
                  00011074    00000108     ble5_project_zero_cc26x2r1lp_stack_library.lib : ble_user_config.obj (.text:setBleUserConfig)
                  0001117c    00000108     sysbios.aem4f : BIOS.obj (.text:ti_sysbios_knl_Clock_Instance_init__E)
                  00011284    00000106     icall.obj (.text:ICall_waitMatch)
                  0001138a    00000002     ble5_project_zero_cc26x2r1lp_stack_library.lib : onboard.obj (.text:Onboard_soft_reset)
                  0001138c    00000104     drivers_cc26x2_v1.aem4f : AESCCMCC26XX.oem4f (.text:AESCCM_startOperation)
                  00011490    00000104     rf_multiMode_cc26x2_v1.aem4f : RFCC26X2_multiMode.oem4f (.text:RF_open)
                  00011594    00000104     drivers_cc26x2_v1.aem4f : UARTCC26XX.oem4f (.text:UARTCC26XX_write)
                  00011698    00000100                             : GPIOCC26XX.oem4f (.text:GPIO_setConfig)
                  00011798    00000100     oad.obj (.text:OAD_open)
                  00011898    00000100     rf_multiMode_cc26x2_v1.aem4f : RFCC26X2_multiMode.oem4f (.text:RF_fsmPowerUpState)
                  00011998    00000100     ble_debug_pem4f.oem4f (.text:ti_uia_loggers_LoggerStopMode_write4__E)
                  00011a98    000000fc     ll_pxxx.a : ll.o (.text)
                  00011b94    000000fc     rtsv7M4_T_le_v4SPD16_eabi.lib : fd_mul_t2.asm.obj (.text)
                  00011c90    000000fa     gatt_pxxx_coc.a : gatt_client.o (.text)
                  00011d8a    00000002     rf_multiMode_cc26x2_v1.aem4f : RFCC26X2_multiMode.oem4f (.text:RF_defaultCallback)
                  00011d8c    000000f8     drivers_cc26x2_v1.aem4f : NVSSPI25X.oem4f (.text:NVSSPI25X_open)
                  00011e84    000000f8     project_zero.obj (.text:ProjectZero_ButtonService_CfgChangeHandler)
                  00011f7c    000000f8     oad.obj (.text:oadImgIdentifyWrite)
                  00012074    000000f8     profiles_pxxx_coc.a : gattservapp.o (.text)
                  0001216c    000000f8     sysbios.aem4f : BIOS.obj (.text:ti_sysbios_family_arm_m3_Hwi_excFillContext__I)
                  00012264    000000f8                   : BIOS.obj (.text:xdc_runtime_Startup_startMods__I)
                  0001235c    000000f8     ble_debug_pem4f.oem4f (.text:xdc_runtime_System_printfExtend__I)
                  00012454    000000f6     sm_pxxx_coc.a : sm_mgr.o (.text)
                  0001254a    000000f4     ble5_project_zero_cc26x2r1lp_stack_library.lib : gapbondmgr.obj (.text:gapBondMgrEraseBonding)
                  0001263e    00000002                                                    : sm_ecc.obj (.text:SM_dhKeyCB)
                  00012640    000000f4     gap_pxxx_coc.a : gap_linkmgr.o (.text)
                  00012734    000000f4     sm_pxxx_coc.a : sm_task.o (.text)
                  00012828    000000f4     ble_debug_pem4f.oem4f (.text:ti_uia_loggers_LoggerStopMode_write2__E)
                  0001291c    000000f0     devinfoservice.obj (.text:DevInfo_SetParameter)
                  00012a0c    000000f0     rf_multiMode_cc26x2_v1.aem4f : RFCC26X2_multiMode.oem4f (.text:RF_pendCmd)
                  00012afc    000000f0     ble5_project_zero_cc26x2r1lp_stack_library.lib : osal_timers.obj (.text:osalTimerUpdate)
                  00012bec    000000f0     sm_pxxx_coc.a : sm_pairing.o (.text)
                  00012cdc    000000f0     sysbios.aem4f : m3_Hwi_asm.obj (.text:ti_sysbios_family_arm_m3_Hwi_dispatch__I)
                  00012dcc    000000f0     ble_debug_pem4f.oem4f (.text:ti_uia_loggers_LoggerStopMode_write1__E)
                  00012ebc    000000ec     ll_pxxx.a : ll_common.o (.text)
                  00012fa8    000000ec     sysbios.aem4f : BIOS.obj (.text:ti_sysbios_family_arm_m3_Hwi_excHandlerMax__I)
                  00013094    000000e8     project_zero.obj (.text:ProjectZero_DataService_ValueChangeHandler)
                  0001317c    000000e8     sysbios.aem4f : BIOS.obj (.text:xdc_runtime_Core_createObject__I)
                  00013264    000000e7     project_zero.obj (.text:ProjectZero_DataService_CfgChangeHandler)
                  0001334b    00000001     --HOLE-- [fill = 0]
                  0001334c    000000e4     project_zero.obj (.text:ProjectZero_handleButtonPress)
                  00013430    000000e4     gatt_pxxx_coc.a : gatt_client.o (.text)
                  00013514    000000e4     sm_pxxx_coc.a : sm_pairing.o (.text)
                  000135f8    000000e2     profiles_pxxx_coc.a : gapgattserver.o (.text)
                  000136da    00000002     ble5_project_zero_cc26x2r1lp_stack_library.lib : sm_ecc.obj (.text:SM_p256KeyCB)
                  000136dc    000000e0     drivers_cc26x2_v1.aem4f : PINCC26XX.oem4f (.text:PINCC26XX_setIoCfg)
                  000137bc    000000e0     project_zero.obj (.text:ProjectZero_processConnEvt)
                  0001389c    000000e0     rf_multiMode_cc26x2_v1.aem4f : RFCC26X2_multiMode.oem4f (.text:RF_hwiCpe0Active)
                  0001397c    000000e0     ble5_project_zero_cc26x2r1lp_stack_library.lib : gapbondmgr.obj (.text:gapBondMgr_LinkEst)
                  00013a5c    000000e0     hci_pxxx.a : hci_event.o (.text)
                  00013b3c    000000e0     ll_pxxx.a : ll_ae.o (.text)
                  00013c1c    000000e0     ble_debug_pem4f.oem4f (.text:ti_uia_loggers_LoggerStopMode_write0__E)
                  00013cfc    000000dc     nvoctp.obj (.text:NVOCTP_readHeader)
                  00013dd8    000000dc     gap_pxxx_coc.a : gap_linkmgr.o (.text)
                  00013eb4    000000dc                    : gap_task.o (.text)
                  00013f90    000000dc     hci_pxxx.a : hci_event.o (.text)
                  0001406c    000000dc     l2cap_pxxx_coc.a : l2cap_task.o (.text)
                  00014148    000000dc     ll_pxxx.a : ll_wl.o (.text)
                  00014224    000000dc     ble5_project_zero_cc26x2r1lp_stack_library.lib : osal.obj (.text:osal_set_event)
                  00014300    000000dc     sm_pxxx_coc.a : sm_pairing.o (.text)
                  000143dc    000000d8     drivers_cc26x2_v1.aem4f : GPIOCC26XX.oem4f (.text:GPIO_init)
                  000144b4    000000d8     rf_multiMode_cc26x2_v1.aem4f : RFCC26X2_multiMode.oem4f (.text:RF_dispatchNextCmd)
                  0001458c    000000d8     hci_pxxx.a : hci_event.o (.text)
                  00014664    000000d8     ll_pxxx.a : ll.o (.text)
                  0001473c    000000d8               : ll_ae.o (.text)
                  00014814    000000d8     sysbios.aem4f : BIOS.obj (.text:ti_sysbios_knl_Clock_walkQueueDynamic__E)
                  000148ec    000000d6     rf_multiMode_cc26x2_v1.aem4f : RFCC26X2_multiMode.oem4f (.text:RF_updatePaConfiguration)
                  000149c2    000000d6     sm_pxxx_coc.a : sm_mgr.o (.text)
                  00014a98    000000d4     rf_multiMode_cc26x2_v1.aem4f : RFCC26X2_multiMode.oem4f (.text:RF_swiHw)
                  00014b6c    000000d4     smp_pxxx_coc.a : smp.o (.text)
                  00014c40    000000d0     driverlib.lib : pka.obj (.text:PKAGetECCResult)
                  00014d10    000000d0     ll_pxxx.a : ble.o (.text)
                  00014de0    000000d0     oad.obj (.text:oadResetState)
                  00014eb0    000000d0     sm_pxxx_coc.a : sm_mgr.o (.text)
                  00014f80    000000d0                   : sm_rsppairing.o (.text)
                  00015050    000000d0     sysbios.aem4f : BIOS.obj (.text:xdc_runtime_Core_constructObject__I)
                  00015120    000000cc     button_service.obj (.text:ButtonService_AddService)
                  000151ec    000000cc     devinfoservice.obj (.text:devInfo_ReadAttrCB)
                  000152b8    000000cc     ll_pxxx.a : ll_ae.o (.text)
                  00015384    000000cc               : ll_ae.o (.text)
                  00015450    000000cc     sysbios.aem4f : BIOS.obj (.text:ti_sysbios_knl_Swi_Instance_init__E)
                  0001551c    000000cc                   : BIOS.obj (.text:ti_sysbios_knl_Task_schedule__I)
                  000155e8    000000ca     sm_pxxx_coc.a : sm_mgr.o (.text)
                  000156b2    00000002     rtsv7M4_T_le_v4SPD16_eabi.lib : _lock.c.obj (.text:_nop)
                  000156b4    000000c8     drivers_cc26x2_v1.aem4f : AESECBCC26XX.oem4f (.text:AESECB_oneStepDecrypt)
                  0001577c    000000c8                             : AESECBCC26XX.oem4f (.text:AESECB_oneStepEncrypt)
                  00015844    000000c8                             : PowerCC26X2.oem4f (.text:Power_releaseDependency)
                  0001590c    000000c8     rf_multiMode_cc26x2_v1.aem4f : RFCC26X2_multiMode.oem4f (.text:RF_control)
                  000159d4    000000c8     gap_pxxx_coc.a : gap_advertiser.o (.text)
                  00015a9c    000000c8     ll_pxxx.a : ll_scheduler.o (.text)
                  00015b64    000000c8     profiles_pxxx_coc.a : gapgattserver.o (.text)
                  00015c2c    000000c8     sm_pxxx_coc.a : sm_mgr.o (.text)
                  00015cf4    000000c8                   : sm_pairing.o (.text)
                  00015dbc    000000c8                   : sm_rsppairing.o (.text)
                  00015e84    000000c4     drivers_cc26x2_v1.aem4f : PowerCC26X2.oem4f (.text:Power_setDependency)
                  00015f48    000000c4     sm_pxxx_coc.a : sm_pairing.o (.text)
                  0001600c    000000c4     sysbios.aem4f : BIOS.obj (.text:ti_sysbios_knl_Task_startCore__E)
                  000160d0    000000c0     drivers_cc26x2_v1.aem4f : UARTCC26XX.oem4f (.text:UARTCC26XX_initIO)
                  00016190    000000c0     hci_pxxx.a : hci_event.o (.text)
                  00016250    000000c0     ll_pxxx.a : ll.o (.text)
                  00016310    000000c0               : ll_data.o (.text)
                  000163d0    000000c0     oad.obj (.text:oadWriteAttrCB)
                  00016490    000000c0     sm_pxxx_coc.a : sm_rsppairing.o (.text)
                  00016550    000000bf     project_zero.obj (.text:ProjectZero_processAdvEvent)
                  0001660f    00000001     --HOLE-- [fill = 0]
                  00016610    000000be     gap_pxxx_coc.a : gap_linkmgr.o (.text)
                  000166ce    00000002     drivers_cc26x2_v1.aem4f : PowerCC26X2.oem4f (.text:emptyClockFunc)
                  000166d0    000000bc     button_service.obj (.text:ButtonService_RegisterAppCBs)
                  0001678c    000000bc     ble5_project_zero_cc26x2r1lp_stack_library.lib : gapbondmgr.obj (.text:GAPBondMgr_FindAddr)
                  00016848    000000bc     project_zero.obj (.text:ProjectZero_DataService_ValueChangeCB)
                  00016904    000000bc     project_zero.obj (.text:ProjectZero_processApplicationMessage)
                  000169c0    000000bc     gap_pxxx_coc.a : gap_advertiser.o (.text)
                  00016a7c    000000bc     hci_pxxx.a : hci_event.o (.text)
                  00016b38    000000bc                : hci_event.o (.text)
                  00016bf4    000000bc                : hci_event.o (.text)
                  00016cb0    000000bc     l2cap_pxxx_coc.a : l2cap_util.o (.text)
                  00016d6c    000000bc     ll_pxxx.a : ll_common.o (.text)
                  00016e28    000000bb     project_zero.obj (.text:ProjectZero_LedService_ValueChangeCB)
                  00016ee3    00000001     --HOLE-- [fill = 0]
                  00016ee4    000000b8     data_service.obj (.text:DataService_RegisterAppCBs)
                  00016f9c    000000b8     nvoctp.obj (.text:NVOCTP_checkItem)
                  00017054    000000b8     drivers_cc26x2_v1.aem4f : UARTCC26XX.oem4f (.text:UARTCC26XX_initHw)
                  0001710c    000000b8     hci_pxxx.a : hci_event.o (.text)
                  000171c4    000000b8     oad.obj (.text:oadCreateFactoryImageBackup)
                  0001727c    000000b4     gattservapp_util.obj (.text:GATTServApp_ProcessCharCfg)
                  00017330    000000b4     led_service.obj (.text:LedService_RegisterAppCBs)
                  000173e4    000000b4     dpl_cc26x2_v1.aem4f : PowerCC26X2_tirtos.oem4f (.text:PowerCC26XX_standbyPolicy)
                  00017498    000000b4     l2cap_pxxx_coc.a : l2cap_task.o (.text)
                  0001754c    000000b4     ll_pxxx.a : ll_scheduler.o (.text)
                  00017600    000000b4     profiles_pxxx_coc.a : gattservapp.o (.text)
                  000176b4    000000b4     sysbios.aem4f : BIOS.obj (.text:ti_sysbios_family_arm_m3_Hwi_excDebugMon__I)
                  00017768    000000b4                   : BIOS.obj (.text:ti_sysbios_family_arm_m3_Hwi_excHardFault__I)
                  0001781c    000000b4                   : BIOS.obj (.text:ti_sysbios_knl_Task_checkStacks__E)
                  000178d0    000000b2     gatt_pxxx_coc.a : gatt_server.o (.text)
                  00017982    00000002     drivers_cc26x2_v1.aem4f : CryptoResourceCC26XX.oem4f (.text:errorSpin)
                  00017984    000000b0     project_zero.obj (.text:ProjectZero_ButtonService_CfgChangeCB)
                  00017a34    000000b0     rf_multiMode_cc26x2_v1.aem4f : RFCC26X2_multiMode.oem4f (.text:RF_corePowerDown)
                  00017ae4    000000b0     gap_pxxx_coc.a : gap_advertiser.o (.text)
                  00017b94    000000b0                    : gap_linkmgr.o (.text)
                  00017c44    000000b0     gatt_pxxx_coc.a : gatt_server.o (.text)
                  00017cf4    000000b0     oad.obj (.text:oadCheckImageID)
                  00017da4    000000b0     profiles_pxxx_coc.a : gattservapp.o (.text)
                  00017e54    000000b0     sysbios.aem4f : BIOS.obj (.text:ti_sysbios_gates_GateMutex_enter__E)
                  00017f04    000000b0                   : BIOS.obj (.text:ti_sysbios_knl_Swi_setPri__E)
                  00017fb4    000000ae     project_zero.obj (.text:ProjectZero_DataService_CfgChangeCB)
                  00018062    00000002     drivers_cc26x2_v1.aem4f : PKAResourceCC26XX.oem4f (.text:errorSpin)
                  00018064    000000ac     data_service.obj (.text:DataService_AddService)
                  00018110    000000ac     nvoctp.obj (.text:NVOCTP_findItem)
                  000181bc    000000ac     rf_multiMode_cc26x2_v1.aem4f : RFCC26X2_multiMode.oem4f (.text:RF_initRadioSetup)
                  00018268    000000ac     att_pxxx_coc.a : att_util.o (.text)
                  00018314    000000ac     l2cap_pxxx_coc.a : l2cap_util.o (.text)
                  000183c0    000000aa     ll_pxxx.a : ll_common.o (.text)
                  0001846a    000000aa     sm_pxxx_coc.a : sm_mgr.o (.text)
                  00018514    000000a8     gatt_pxxx_coc.a : gatt_client.o (.text)
                  000185bc    000000a8     hci_pxxx.a : hci_data.o (.text)
                  00018664    000000a8                : hci_event.o (.text)
                  0001870c    000000a8     ll_pxxx.a : ll.o (.text)
                  000187b4    000000a8     profiles_pxxx_coc.a : gattservapp.o (.text)
                  0001885c    000000a8     smp_pxxx_coc.a : smp.o (.text)
                  00018904    000000a8     sysbios.aem4f : BIOS.obj (.text:ti_sysbios_knl_Swi_post__E)
                  000189ac    000000a6                   : BIOS.obj (.text:xdc_runtime_Text_putSite__E)
                  00018a52    00000002     ble5_project_zero_cc26x2r1lp_stack_library.lib : hal_assert.obj (.text:halAssertSpinlock)
                  00018a54    000000a4     driverlib.lib : aes.obj (.text:NOROM_AESWriteToKeyStore)
                  00018af8    000000a4     project_zero.obj (.text:ProjectZero_processPasscode)
                  00018b9c    000000a4     project_zero.obj (.text:buttonCallbackFxn)
                  00018c40    000000a4     ble5_project_zero_cc26x2r1lp_stack_library.lib : osal_cbtimer.obj (.text:cbTimerSetup)
                  00018ce4    000000a4     gatt_pxxx_coc.a : gatt_task.o (.text)
                  00018d88    000000a4     ll_pxxx.a : ll_common.o (.text)
                  00018e2c    000000a4               : ll_common.o (.text)
                  00018ed0    000000a4               : ll_common.o (.text)
                  00018f74    000000a4               : ll_ecc.o (.text)
                  00019018    000000a0     drivers_cc26x2_v1.aem4f : UARTCC26XX.oem4f (.text:UARTCC26XX_writeCancel)
                  000190b8    000000a0     auto_init.aem4f : auto_init.oem4f (.text)
                  00019158    000000a0     ble5_project_zero_cc26x2r1lp_stack_library.lib : gapbondmgr.obj (.text:gapBondMgrUpdateCharCfg)
                  000191f8    000000a0     sysbios.aem4f : BIOS.obj (.text:ti_sysbios_knl_Clock_Instance_finalize__E)
                  00019298    0000009c     driverlib.lib : pka.obj (.text:PKAWritePkaParam)
                  00019334    0000009c     drivers_cc26x2_v1.aem4f : UARTCC26XX.oem4f (.text:UARTCC26XX_swiIntFxn)
                  000193d0    0000009c     UartLog.obj (.text:UartLog_log)
                  0001946c    0000009c     drivers_cc26x2_v1.aem4f : NVSSPI25X.oem4f (.text:doErase)
                  00019508    0000009c     ble5_project_zero_cc26x2r1lp_stack_library.lib : osal_cbtimer.obj (.text:osal_CbTimerProcessEvent)
                  000195a4    0000009c     rtsv7M4_T_le_v4SPD16_eabi.lib : memcpy_t2.asm.obj (.text)
                  00019640    0000009c     sm_pxxx_coc.a : sm_mgr.o (.text)
                  000196dc    0000009c     sysbios.aem4f : BIOS.obj (.text:ti_sysbios_knl_Semaphore_Instance_init__E)
                  00019778    0000009c                   : BIOS.obj (.text:ti_sysbios_knl_Task_blockI__E)
                  00019814    00000098     icall.obj (.text:ICall_setTimer)
                  000198ac    00000098     driverlib.lib : setup.obj (.text:NOROM_SetupTrimDevice)
                  00019944    00000098     project_zero.obj (.text:ProjectZero_updatePHYStat)
                  000199dc    00000098     ble5_project_zero_cc26x2r1lp_stack_library.lib : gapbondmgr.obj (.text:gapBondMgr_syncResolvingList)
                  00019a74    00000098     ll_pxxx.a : ll_ae.o (.text)
                  00019b0c    00000098     oad.obj (.text:oadFindExtFlMetaPage)
                  00019ba4    00000098     sm_pxxx_coc.a : sm_task.o (.text)
                  00019c3c    00000098     sysbios.aem4f : BIOS.obj (.text:ti_sysbios_knl_Clock_workFuncDynamic__E)
                  00019cd4    00000098                   : BIOS.obj (.text:xdc_runtime_Text_putMod__E)
                  00019d6c    00000096     rtsv7M4_T_le_v4SPD16_eabi.lib : ull_div_t2.asm.obj (.text)
                  00019e02    00000002     ll_pxxx.a : ll_common.o (.text)
                  00019e04    00000094     drivers_cc26x2_v1.aem4f : PINCC26XX.oem4f (.text:PIN_open)
                  00019e98    00000094                             : SPICC26X2DMA.oem4f (.text:SPICC26X2DMA_control)
                  00019f2c    00000094     TRNGCC26XX.obj (.text:TRNGCC26XX_getNumber)
                  00019fc0    00000094     project_zero.obj (.text:buttonDebounceSwiFxn)
                  0001a054    00000094     gatt_pxxx_coc.a : gatt_client.o (.text)
                  0001a0e8    00000094                     : gatt_server.o (.text)
                  0001a17c    00000094     l2cap_pxxx_coc.a : l2cap_util.o (.text)
                  0001a210    00000094     ll_pxxx.a : ll.o (.text)
                  0001a2a4    00000094               : ll_privacy.o (.text)
                  0001a338    00000094     sysbios.aem4f : BIOS.obj (.text:ti_sysbios_knl_Task_exit__E)
                  0001a3cc    00000093     project_zero.obj (.text:ProjectZero_processCmdCompleteEvt)
                  0001a45f    00000001     --HOLE-- [fill = 0]
                  0001a460    00000092     gap_pxxx_coc.a : linkdb.o (.text)
                  0001a4f2    00000092     ll_pxxx.a : ll_common.o (.text)
                  0001a584    00000090     project_zero.obj (.text:ProjectZero_sendParamUpdate)
                  0001a614    00000090     rf_multiMode_cc26x2_v1.aem4f : RFCC26X2_multiMode.oem4f (.text:RF_discardPendCmd)
                  0001a6a4    00000090     gattservapp_util.obj (.text:gattServApp_SendNotiInd)
                  0001a734    00000090     hci_pxxx.a : hci_event.o (.text)
                  0001a7c4    00000090     ll_pxxx.a : ll_ecc.o (.text)
                  0001a854    00000090     sm_pxxx_coc.a : sm_pairing.o (.text)
                  0001a8e4    00000090                   : sm_pairing.o (.text)
                  0001a974    00000090                   : sm_pairing.o (.text)
                  0001aa04    00000090     sysbios.aem4f : BIOS.obj (.text:ti_sysbios_knl_Task_unblockI__E)
                  0001aa94    00000090     ti.uia.loggers.aem4f : LoggerStopMode.oem4f (.text:ti_uia_loggers_LoggerStopMode_initQueueDescriptor__E)
                  0001ab24    00000090     project_zero.obj (.text:util_arrtohex)
                  0001abb4    00000090     drivers_cc26x2_v1.aem4f : UARTCC26XX.oem4f (.text:writeTxFifoFlush)
                  0001ac44    0000008e     oad.obj (.text:oadFindExtFlImgAddr)
                  0001acd2    00000002     icall_api_lite.obj (.text:rfErrCb)
                  0001acd4    0000008c     drivers_cc26x2_v1.aem4f : ECDHCC26X2.oem4f (.text:ECDH_open)
                  0001ad60    0000008c     icall_cc2650.obj (.text:ICallPlatform_pwrUpdActivityCounter)
                  0001adec    0000008c     led_service.obj (.text:LedService_AddService)
                  0001ae78    0000008c     gatt_pxxx_coc.a : gatt_client.o (.text)
                  0001af04    0000008c                     : gatt_server.o (.text)
                  0001af90    0000008c     hci_pxxx.a : hci_event.o (.text)
                  0001b01c    0000008c     l2cap_pxxx_coc.a : l2cap_util.o (.text)
                  0001b0a8    0000008c                      : l2cap_util.o (.text)
[...]
20002a22  xdc_runtime_Error_Module__state__V                                     
20002a29  updateHandle                                                           
20002a2a  gapUnwantedTaskID                                                      
20002a2b  indTaskId                                                              
20002a2c  reqTaskId                                                              
20002a2d  gattAppTaskID                                                          
20002a2e  flowCtrlTaskId                                                         
20002a2f  flowCtrlFwdTaskId                                                      
20002a30  maxSupportedAdvSets                                                    
20002a31  aeSlaveSCA                                                             
20002a32  rfRatHandle                                                            
20002a35  periPrivacyFlag                                                        
20002a36  deviceNameCharProps                                                    
20002a37  appearanceCharProps                                                    
20002a38  periConnParamCharProps                                                 
20002a39  resolvablePrivateAddressOnlyCharProps                                  
20002a3a  serviceChangedCharProps                                                
20002a3b  appTaskID                                                              
20002a80  ti_sysbios_heaps_HeapMem_Instance_State_0_buf__A                       
20009fb0  appTaskStack                                                           
2000a7b0  pzTask                                                                 
2000a800  ti_uia_loggers_LoggerStopMode_Instance_State_1_packetArray__A          
2000b000  uartLog_evBuf                                                          
2000b500  ti_sysbios_knl_Task_Instance_State_0_stack__A                          
2000b800  xdc_runtime_SysMin_Module_State_0_outbuf__A                            
2000bb00  uartCC26XXObjects                                                      
2000bd80  ti_uia_loggers_LoggerStopMode_Instance_State_0_packetArray__A          
2000c140  spiCC26X2DMAObjects                                                    
2000c2e0  __CIOBUF_                                                              
2000c400  crcBuf                                                                 
2000c500  ti_sysbios_family_arm_m3_Hwi_dispatchTable                             
2000c5d8  rfObject                                                               
2000c6a0  uartLog_outBuf                                                         
2000c74c  pinHandleTable                                                         
2000c890  ecdhCC26X2Objects                                                      
2000c8e4  aesccmCC26XXObjects                                                    
2000c930  aesecbCC26XXObjects                                                    
2000c9c4  aeCBackTbl                                                             
2000ca08  localEccKeys                                                           
2000ca8c  uartCC26XXRingBuffer                                                   
2000cb04  advDataEntry                                                           
2000cbd8  linkCBs                                                                
2000cc08  l2capFixedChannels                                                     
2000cc38  nvFptrs                                                                
2000cc80  ti_uia_loggers_LoggerStopMode_Instance_State_0_hdr__A                  
2000cd00  ti_uia_loggers_LoggerStopMode_Instance_State_1_hdr__A                  
2000cd78  rfSetup                                                                
2000cd9c  operationCCM                                                           
2000ce04  localPrivKeyMaterial                                                   
2000ce24  enckey                                                                 
2000ce84  udmaObjects                                                            
2000cedc  gapParams                                                              
2000cef8  trxTestCmd                                                             
2000cf4c  CryptoResourceCC26XX_accessSemaphore                                   
2000cf68  CryptoResourceCC26XX_hwi                                               
2000cf84  CryptoResourceCC26XX_operationSemaphore                                
2000cfa0  PKAResourceCC26XX_accessSemaphore                                      
2000cfbc  PKAResourceCC26XX_hwi                                                  
2000cfd8  PKAResourceCC26XX_operationSemaphore                                   
2000d00f  att_sendRspOnly                                                        
2000d010  deviceName                                                             
2000d028  rsp                                                                    
2000d056  numHostBufs                                                            
2000d0bc  connOutput                                                             
2000d0d0  deviceFeatureSet                                                       
2000d130  gapConfig_SRK                                                          
2000d140  advDataQueue                                                           
2000d150  eccParams                                                              
2000d160  localPrivateKey                                                        
2000d170  localPublicKey                                                         
2000d180  remotePublicKey                                                        
2000d190  sharedSecret                                                           
2000d1a0  operationComputeSharedSecret                                           
2000d1b0  cryptoKey                                                              
2000d1c0  operationECB                                                           
2000d1d0  encParamsCCM                                                           
2000d1e0  encParamsECB                                                           
2000d210  timerHead                                                              
2000d214  osal_last_timestamp                                                    
2000d27c  operationGeneratePublicKey                                             
2000d288  cachedTRNGdata                                                         
2000d294  llTaskList                                                             
2000d2b8  nvsSPI25XObjects                                                       
2000d2cc  gapCurrentRandomAddr                                                   
2000d2d4  slaveUpdateReq                                                         
2000d2dc  pHciEvtMask                                                            
2000d2e4  pBleEvtMask                                                            
2000d2ec  pHciEvtMask2                                                           
2000d2f4  ownRandomAddr                                                          
2000d2fc  llConns                                                                
2000d304  ownPublicAddr                                                          
2000d30c  verInfo                                                                
2000d314  ownSavedPublicAddr                                                     
2000d31c  attClientNotifyTxCB                                                    
2000d320  rfEvent                                                                
2000d328  llConnEvtNotice                                                        
2000d330  privInfo                                                               
2000d340  gattReTxList                                                           
2000d358  parmbuf                                                                
2000d360  attServerNotifyTxCB                                                    
2000d374  pGapAdvHostInfo                                                        
2000d378  connEvtCB                                                              
2000d37c  pfnPeripheralConnCBs                                                   
2000d380  pAuthLink                                                              
2000d384  pfnCentralConnCBs                                                      
2000d388  pGapPeripheralConnCBs                                                  
2000d38c  pfnBondMgrCBs                                                          
2000d390  linkDB                                                                 
2000d394  clientInfoTbl                                                          
2000d398  pServiceList                                                           
2000d39c  serverInfoTbl                                                          
2000d3a0  pfnClientProcessMsgCB                                                  
2000d3a4  pfnServerProcessMsgCB                                                  
2000d3ac  l2capPsm                                                               
2000d3b0  l2capChannels                                                          
2000d3b4  linkParam                                                              
2000d3b8  linkCmd                                                                
2000d3bc  rxDataQ                                                                
2000d3c0  txDataQ                                                                
2000d3c4  rxRingBuf                                                              
2000d3c8  taskEndAction                                                          
2000d3cc  trngDrvTblPtr                                                          
2000d3d0  rfDrvTblPtr                                                            
2000d3d4  rfHandle                                                               
2000d3d8  SysBootMsg                                                             
2000d3dc  sclkSrc                                                                
2000d3e0  eccDrvTblPtr                                                           
2000d3e4  cryptoDrvTblPtr                                                        
2000d3e8  rtosApiTblPtr                                                          
2000d3ec  pRfPathComp                                                            
2000d3f0  activeConns                                                            
2000d3f4  dtmInfo                                                                
2000d3f8  advSetList                                                             
2000d3fc  ecdhHandle                                                             
2000d400  operationResult                                                        
2000d404  encHandleECB                                                           
2000d408  encHandleCCM                                                           
2000d40c  resolvingList                                                          
2000d410  wlTable                                                                
2000d414  wlTableScan                                                            
2000d41c  ggs_AppCBs                                                             
2000d420  indCharCfg                                                             
2000d424  serviceCBsList                                                         
2000d428  prepareWritesTbl                                                       
2000d42c  pAttrValue                                                             
2000d430  pfnResponderCBs                                                        
2000d434  pPairingParams                                                         
2000d438  pfnInitiatorCBs                                                        
2000d43c  pSmResponderCBs                                                        
2000d444  ClockP_tickPeriod                                                      
2000d448  PowerCC26XX_swiKey                                                     
2000d44c  PowerCC26XX_taskKey                                                    
2000d450  nvsCC26xxObjects                                                       
2000d454  tasksEvents                                                            
2000d458  trngCC26XXObjects                                                      
2000d45c  supportedMaxTxOctets                                                   
2000d45e  supportedMaxTxTime                                                     
2000d460  connInitialMaxTxOctets                                                 
2000d462  connInitialMaxTxTime                                                   
2000d464  rfCmdHandle                                                            
2000d466  buildInfo                                                              
2000d468  rfCfgAdiVal                                                            
2000d46a  postRfOperations                                                       
2000d46c  connInitialMaxTxTimeUncoded                                            
2000d46e  connInitialMaxTxTimeCoded                                              
2000d470  supportedMaxRxOctets                                                   
2000d472  supportedMaxRxTime                                                     
2000d474  taskEndStatus                                                          
2000d478  appearance                                                             
2000d47a  attrLen                                                                
2000d47c  advInit                                                                
2000d47d  updateState                                                            
2000d47e  advCount                                                               
2000d47f  gapDeviceAddrMode                                                      
2000d480  gapProfileRole                                                         
2000d481  gapState                                                               
2000d482  terminateReason                                                        
2000d483  gapTaskID                                                              
2000d484  linkDBNumConns                                                         
2000d485  linkDB_secureConnectionOnlyMode                                        
2000d486  gattNumConns                                                           
2000d487  gattTaskID                                                             
2000d488  hciPTMenabled                                                          
2000d489  ctrlToHostEnable                                                       
2000d48a  hciSmpTaskID                                                           
2000d48b  hciGapTaskID                                                           
2000d48c  hciTaskID                                                              
2000d48d  hciTestTaskID                                                          
2000d48e  hciL2capTaskID                                                         
2000d48f  l2capFlowCtrlMode                                                      
2000d490  l2cap_gattServAppTaskID                                                
2000d491  l2capTaskID                                                            
2000d492  l2capNumCoChannels                                                     
2000d493  l2capNumPSM                                                            
2000d494  l2capNumChannels                                                       
2000d495  l2capNumDataPkts                                                       
2000d497  l2capId                                                                
2000d498  llState                                                                
2000d499  maxNumConns                                                            
2000d49a  LL_TaskID                                                              
2000d49b  curTxPowerVal                                                          
2000d49c  maxPduSize                                                             
2000d49d  maxNumTxDataBufs                                                       
2000d49e  onePktPerEvt                                                           
2000d4a0  rfFeModeBias                                                           
2000d4a1  maxTxPwrForDTM                                                         
2000d4a2  numTxDataBufs                                                          
2000d4a3  defaultPhy                                                             
2000d4a4  numComplPkts                                                           
2000d4a5  numComplPktsLimit                                                      
2000d4a6  numComplPktsFlush                                                      
2000d4a7  fastTxRespTime                                                         
2000d4a8  slOverride                                                             
2000d4a9  rxFifoFlowCtrl                                                         
2000d4aa  scanReqRpt                                                             
2000d4ab  rssiCorrection                                                         
2000d4ac  aeCurAdvEnableHandle                                                   
2000d4ad  aeCurHandle                                                            
2000d4ae  aeCurConnHandle                                                        
2000d4af  wlSize                                                                 
2000d4b0  rlSize                                                                 
2000d4b1  resolvablePrivateAddressOnly                                           
2000d4b2  GATTServApp_TaskID                                                     
2000d4b3  maxNumPrepareWrites                                                    
2000d4b4  smTaskID                                                               
2000d4b5  SM_appExpectingKey                                                     
2000d4b6  driverlib_release_0_52354                                              
2000d4b7  icall_liteTaskId                                                       
2000d4b8  osal_entity                                                            
2000d4b9  heapStart                                                              
200130f8  __stack                                                                
200130f8  heapEnd                                                                
200134f8  __STACK_END                                                            
200134f8  __STACK_TOP                                                            
e000e000  ti_sysbios_family_arm_m3_Hwi_nvic                                      
ffffffff  __TI_pprof_out_hndl                                                    
ffffffff  __TI_prof_data_size                                                    
ffffffff  __TI_prof_data_start                                                   
ffffffff  __binit__                                                              
ffffffff  __c_args__                                                             
ffffffff  binit                                                                  
UNDEFED   SHT$$INIT_ARRAY$$Base                                                  
UNDEFED   SHT$$INIT_ARRAY$$Limit                                                 

[2390 symbols]
